
Allocating common symbols
Common symbol       size              file

netbufpool          0x4               binaries/net.o
readylist           0x2               binaries/ready.o
rfltab              0x5a0             binaries/rflinit.o
sleepq              0x2               binaries/clkinit.o
nnames              0x4               binaries/naminit.o
udptab              0x168             binaries/udp.o
minheap             0x4               binaries/meminit.o
marks               0x50              binaries/mark.o
currpid             0x4               binaries/initialize.o
Lf_data             0x20c             binaries/lfsinit.o
porttab             0x2d0             binaries/ptinit.o
girmask             0x2               binaries/evec.o
ttytab              0x10c             binaries/ttyinit.o
proctab             0x1900            binaries/initialize.o
prcount             0x4               binaries/initialize.o
lfltab              0xf00             binaries/lflinit.o
rdstab              0x8c              binaries/rdsinit.o
ethertab            0x138             binaries/ethinit.o
NetData             0xa8              binaries/net.o
nmarks              0x4               binaries/mark.o
multiqueue          0x78              binaries/ready.o
Defer               0x8               binaries/resched.o
semtab              0x4b0             binaries/initialize.o
maxheap             0x4               binaries/meminit.o
preempt             0x4               binaries/clkinit.o
buftab              0xf0              binaries/bufinit.o
Rf_data             0x18              binaries/rfsinit.o
mkmutex             0x4               binaries/mark.o
clktime             0x4               binaries/clkinit.o
arpcache            0x140             binaries/arp.o
icmptab             0x230             binaries/icmp.o
nbpools             0x4               binaries/bufinit.o
queuetab            0xd40             binaries/queue.o
ptnextid            0x4               binaries/ptinit.o
Ram                 0x19000           binaries/raminit.o
ipoqueue            0x2c              binaries/ip.o
memlist             0x8               binaries/initialize.o
nametab             0x19a0            binaries/naminit.o
ptfree              0x4               binaries/ptinit.o

Memory Configuration

Name             Origin             Length             Attributes
*default*        0x0000000000000000 0xffffffffffffffff

Linker script and memory map

                0x0000000000100000                physbase = 0x100000
                0x0000000000100000                . = physbase
                0x0000000000100000                . = ALIGN (0x1000)

.text           0x0000000000100000    0x14000
                0x0000000000100000                text = ABSOLUTE (.)
 *(.text .text.*)
 .text          0x0000000000100000      0x1ac binaries/start.o
                0x0000000000100028                start
                0x00000000001000fa                inb
                0x0000000000100102                inw
                0x000000000010010b                inl
                0x0000000000100113                outb
                0x000000000010011d                outw
                0x0000000000100128                outl
                0x0000000000100132                _rtcin
                0x000000000010013d                ___udivsi3
                0x0000000000100148                ___divsi3
                0x0000000000100154                sbzero
                0x0000000000100164                bcopy
                0x0000000000100178                insw
                0x000000000010018e                outsw
                0x00000000001001a4                lidt
 .text          0x00000000001001ac      0x2f6 binaries/ascdate.o
                0x00000000001001ac                ascdate
 .text          0x00000000001004a2       0x10 binaries/bufinit.o
                0x00000000001004a2                bufinit
 .text          0x00000000001004b2       0x58 binaries/chprio.o
                0x00000000001004b2                chprio
 .text          0x000000000010050a       0x9a binaries/clkhandler.o
                0x000000000010050a                clkhandler
 .text          0x00000000001005a4       0x8a binaries/clkinit.o
                0x00000000001005a4                clkinit
 .text          0x000000000010062e       0x4e binaries/close.o
                0x000000000010062e                close
 .text          0x000000000010067c        0x0 binaries/conf.o
 .text          0x000000000010067c       0x66 binaries/control.o
                0x000000000010067c                control
 .text          0x00000000001006e2       0x64 binaries/cpuintensive.o
                0x00000000001006e2                cpuintensive
 .text          0x0000000000100746      0x1e9 binaries/create.o
                0x0000000000100746                create
 .text          0x000000000010092f      0x2b9 binaries/early_imr.o
                0x000000000010092f                intel_cln_early_sb_read_reg
                0x0000000000100996                intel_cln_early_sb_write_reg
                0x0000000000100aa6                remove_irm_protections
 .text          0x0000000000100be8      0x364 binaries/evec.o
                0x0000000000100be8                setirmask
                0x0000000000100c26                set_evec
                0x0000000000100c83                initevec
                0x0000000000100d93                trap
 .text          0x0000000000100f4c       0x67 binaries/freebuf.o
                0x0000000000100f4c                freebuf
 .text          0x0000000000100fb3       0xeb binaries/freemem.o
                0x0000000000100fb3                freemem
 .text          0x000000000010109e       0x64 binaries/getbuf.o
                0x000000000010109e                getbuf
 .text          0x0000000000101102       0x4e binaries/getc.o
                0x0000000000101102                getc
 .text          0x0000000000101150       0x60 binaries/getdev.o
                0x0000000000101150                getdev
 .text          0x00000000001011b0       0x83 binaries/getitem.o
                0x00000000001011b0                getitem
                0x00000000001011dc                getfirst
                0x0000000000101205                getlast
 .text          0x0000000000101233       0xb2 binaries/getmem.o
                0x0000000000101233                getmem
 .text          0x00000000001012e5        0x6 binaries/getpid.o
                0x00000000001012e5                getpid
 .text          0x00000000001012eb       0x4a binaries/getprio.o
                0x00000000001012eb                getprio
 .text          0x0000000000101335       0x9a binaries/getstk.o
                0x0000000000101335                getstk
 .text          0x00000000001013cf       0x34 binaries/gettime.o
                0x00000000001013cf                gettime
 .text          0x0000000000101403      0x1a6 binaries/getutime.o
                0x0000000000101403                getutime
 .text          0x00000000001015a9       0x4e binaries/init.o
                0x00000000001015a9                init
 .text          0x00000000001015f7      0x282 binaries/initialize.o
                0x00000000001015f7                nulluser
                0x0000000000101831                stop
                0x0000000000101856                delay
 .text          0x0000000000101879       0x97 binaries/insert.o
                0x0000000000101879                insert
 .text          0x0000000000101910       0xe0 binaries/insertd.o
                0x0000000000101910                insertd
 .text          0x00000000001019f0        0x6 binaries/ioerr.o
                0x00000000001019f0                ioerr
 .text          0x00000000001019f6       0x72 binaries/iointensive.o
                0x00000000001019f6                iointensive
 .text          0x0000000000101a68        0x6 binaries/ionull.o
                0x0000000000101a68                ionull
 .text          0x0000000000101a6e      0x12c binaries/kill.o
                0x0000000000101a6e                kill
 .text          0x0000000000101b9a       0xc9 binaries/kprintf.o
                0x0000000000101b9a                kputc
                0x0000000000101bc9                console_init
                0x0000000000101c08                kgetc
                0x0000000000101c2a                kprintf
 .text          0x0000000000101c63       0xf9 binaries/main.o
                0x0000000000101c63                main
 .text          0x0000000000101d5c       0x93 binaries/mark.o
                0x0000000000101d5c                markinit
                0x0000000000101d7e                mark
 .text          0x0000000000101def      0x1d1 binaries/meminit.o
                0x0000000000101def                meminit
                0x0000000000101f49                setsegs
 .text          0x0000000000101fc0      0x117 binaries/mkbufpool.o
                0x0000000000101fc0                mkbufpool
 .text          0x00000000001020d7       0x5e binaries/newqueue.o
                0x00000000001020d7                newqueue
 .text          0x0000000000102135       0x5e binaries/open.o
                0x0000000000102135                open
 .text          0x0000000000102193       0x1e binaries/panic.o
                0x0000000000102193                panic
 .text          0x00000000001021b1      0x26e binaries/pci.o
                0x00000000001021b1                pci_init
                0x00000000001021b7                find_pci_device
                0x000000000010226d                pci_read_config_byte
                0x00000000001022a8                pci_read_config_word
                0x00000000001022e5                pci_read_config_dword
                0x0000000000102320                pci_write_config_byte
                0x0000000000102359                pci_write_config_word
                0x0000000000102393                pci_write_config_dword
                0x00000000001023cc                pci_get_dev_mmio_base_addr
 .text          0x000000000010241f       0x59 binaries/platinit.o
                0x000000000010241f                platinit
 .text          0x0000000000102478       0xa3 binaries/ptclear.o
                0x0000000000102478                _ptclear
 .text          0x000000000010251b       0x6e binaries/ptcount.o
                0x000000000010251b                ptcount
 .text          0x0000000000102589       0xc0 binaries/ptcreate.o
                0x0000000000102589                ptcreate
 .text          0x0000000000102649       0x66 binaries/ptdelete.o
                0x0000000000102649                ptdelete
 .text          0x00000000001026af       0x89 binaries/ptinit.o
                0x00000000001026af                ptinit
 .text          0x0000000000102738       0xb5 binaries/ptrecv.o
                0x0000000000102738                ptrecv
 .text          0x00000000001027ed       0x60 binaries/ptreset.o
                0x00000000001027ed                ptreset
 .text          0x000000000010284d       0xd0 binaries/ptsend.o
                0x000000000010284d                ptsend
 .text          0x000000000010291d       0x5d binaries/putc.o
                0x000000000010291d                putc
 .text          0x000000000010297a       0xd5 binaries/quark_irq.o
                0x000000000010297a                quark_irq_routing
 .text          0x0000000000102a4f      0x1c9 binaries/quark_pdat.o
                0x0000000000102a4f                get_quark_pdat_entry_data_by_id
                0x0000000000102b30                get_quark_pdat_entry_data_by_desc
 .text          0x0000000000102c18       0xa6 binaries/queue.o
                0x0000000000102c18                enqueue
                0x0000000000102c77                dequeue
 .text          0x0000000000102cbe       0x5e binaries/read.o
                0x0000000000102cbe                read
 .text          0x0000000000102d1c       0x60 binaries/ready.o
                0x0000000000102d1c                ready
 .text          0x0000000000102d7c       0x5c binaries/receive.o
                0x0000000000102d7c                receive
 .text          0x0000000000102dd8       0x39 binaries/recvclr.o
                0x0000000000102dd8                recvclr
 .text          0x0000000000102e11       0xb4 binaries/recvtime.o
                0x0000000000102e11                recvtime
 .text          0x0000000000102ec5      0x174 binaries/resched.o
                0x0000000000102ec5                resched
                0x0000000000102fc6                resched_cntl
 .text          0x0000000000103039       0x75 binaries/resume.o
                0x0000000000103039                resume
 .text          0x00000000001030ae       0x56 binaries/seek.o
                0x00000000001030ae                seek
 .text          0x0000000000103104       0x47 binaries/semcount.o
                0x0000000000103104                semcount
 .text          0x000000000010314b       0x8d binaries/semcreate.o
                0x000000000010314b                semcreate
 .text          0x00000000001031d8       0xa8 binaries/semdelete.o
                0x00000000001031d8                semdelete
 .text          0x0000000000103280       0x95 binaries/semreset.o
                0x0000000000103280                semreset
 .text          0x0000000000103315       0xa2 binaries/send.o
                0x0000000000103315                send
 .text          0x00000000001033b7      0x14f binaries/sendbt.o
                0x00000000001033b7                sendbt
 .text          0x0000000000103506       0x7c binaries/signal.o
                0x0000000000103506                signal
 .text          0x0000000000103582       0xa8 binaries/signaln.o
                0x0000000000103582                signaln
 .text          0x000000000010362a       0xcb binaries/sleep.o
                0x000000000010362a                sleepms
                0x00000000001036c3                sleep
 .text          0x00000000001036f5      0x16c binaries/stacktrace.o
                0x00000000001036f5                stacktrace
 .text          0x0000000000103861       0xc0 binaries/suspend.o
                0x0000000000103861                suspend
 .text          0x0000000000103921       0x99 binaries/unsleep.o
                0x0000000000103921                unsleep
 .text          0x00000000001039ba       0x14 binaries/userret.o
                0x00000000001039ba                userret
 .text          0x00000000001039ce       0xb2 binaries/wait.o
                0x00000000001039ce                wait
 .text          0x0000000000103a80       0x71 binaries/wakeup.o
                0x0000000000103a80                wakeup
 .text          0x0000000000103af1       0x5e binaries/write.o
                0x0000000000103af1                write
 .text          0x0000000000103b4f       0x18 binaries/xdone.o
                0x0000000000103b4f                xdone
 .text          0x0000000000103b67       0x43 binaries/yield.o
                0x0000000000103b67                yield
 .text          0x0000000000103baa        0xe binaries/abs.o
                0x0000000000103baa                abs
 .text          0x0000000000103bb8       0x70 binaries/atoi.o
                0x0000000000103bb8                atoi
 .text          0x0000000000103c28       0x70 binaries/atol.o
                0x0000000000103c28                atol
 .text          0x0000000000103c98       0x18 binaries/bzero.o
                0x0000000000103c98                bzero
 .text          0x0000000000103cb0        0x0 binaries/ctype_.o
 .text          0x0000000000103cb0      0x716 binaries/doprnt.o
                0x0000000000103dfe                _doprnt
 .text          0x00000000001043c6      0x631 binaries/doscan.o
                0x00000000001043c6                _doscan
 .text          0x00000000001049f7      0x70a binaries/fdoprnt.o
                0x0000000000104a77                _fdoprnt
 .text          0x0000000000105101       0x1c binaries/fgetc.o
                0x0000000000105101                fgetc
 .text          0x000000000010511d       0x5e binaries/fgets.o
                0x000000000010511d                fgets
 .text          0x000000000010517b       0x30 binaries/fprintf.o
                0x000000000010517b                fprintf
 .text          0x00000000001051ab       0x29 binaries/fputc.o
                0x00000000001051ab                fputc
 .text          0x00000000001051d4       0x3a binaries/fputs.o
                0x00000000001051d4                fputs
 .text          0x000000000010520e       0x7a binaries/fscanf.o
                0x0000000000105245                fscanf
 .text          0x0000000000105288       0x1e binaries/getchar.o
                0x0000000000105288                getchar
 .text          0x00000000001052a6        0xe binaries/labs.o
                0x00000000001052a6                labs
 .text          0x00000000001052b4       0x32 binaries/memchr.o
                0x00000000001052b4                memchr
 .text          0x00000000001052e6       0x4a binaries/memcmp.o
                0x00000000001052e6                memcmp
 .text          0x0000000000105330       0x25 binaries/memcpy.o
                0x0000000000105330                memcpy
 .text          0x0000000000105355       0x1e binaries/memset.o
                0x0000000000105355                memset
 .text          0x0000000000105373       0x3c binaries/printf.o
                0x0000000000105373                printf
 .text          0x00000000001053af       0x26 binaries/putchar.o
                0x00000000001053af                putchar
 .text          0x00000000001053d5      0x1cb binaries/qsort.o
                0x0000000000105575                qsort
 .text          0x00000000001055a0       0x44 binaries/rand.o
                0x00000000001055a0                srand
                0x00000000001055aa                rand
 .text          0x00000000001055e4       0x55 binaries/sprintf.o
                0x00000000001055fb                sprintf
 .text          0x0000000000105639       0x6c binaries/sscanf.o
                0x0000000000105662                sscanf
 .text          0x00000000001056a5       0x33 binaries/strchr.o
                0x00000000001056a5                strchr
 .text          0x00000000001056d8       0x43 binaries/strcmp.o
                0x00000000001056d8                strcmp
 .text          0x000000000010571b       0x1a binaries/strcpy.o
                0x000000000010571b                strcpy
 .text          0x0000000000105735       0x1c binaries/strlen.o
                0x0000000000105735                strlen
 .text          0x0000000000105751       0x3b binaries/strncat.o
                0x0000000000105751                strncat
 .text          0x000000000010578c       0x3a binaries/strncmp.o
                0x000000000010578c                strncmp
 .text          0x00000000001057c6       0x58 binaries/strncpy.o
                0x00000000001057c6                strncpy
 .text          0x000000000010581e       0x2e binaries/strnlen.o
                0x000000000010581e                strnlen
 .text          0x000000000010584c       0x30 binaries/strrchr.o
                0x000000000010584c                strrchr
 .text          0x000000000010587c       0x6e binaries/strstr.o
                0x000000000010587c                strstr
 .text          0x00000000001058ea       0xbb binaries/ttycontrol.o
                0x00000000001058ea                ttycontrol
 .text          0x00000000001059a5       0x7b binaries/ttygetc.o
                0x00000000001059a5                ttygetc
 .text          0x0000000000105a20      0x469 binaries/ttyhandle_in.o
                0x0000000000105ad5                ttyhandle_in
 .text          0x0000000000105e89      0x164 binaries/ttyhandle_out.o
                0x0000000000105e89                ttyhandle_out
 .text          0x0000000000105fed       0x83 binaries/ttyhandler.o
                0x0000000000105fed                ttyhandler
 .text          0x0000000000106070      0x14e binaries/ttyinit.o
                0x0000000000106070                ttyinit
 .text          0x00000000001061be        0xc binaries/ttykickout.o
                0x00000000001061be                ttykickout
 .text          0x00000000001061ca       0x93 binaries/ttyputc.o
                0x00000000001061ca                ttyputc
 .text          0x000000000010625d       0xe2 binaries/ttyread.o
                0x000000000010625d                ttyread
 .text          0x000000000010633f       0x4d binaries/ttywrite.o
                0x000000000010633f                ttywrite
 .text          0x000000000010638c      0x10d binaries/mount.o
                0x000000000010638c                namlen
                0x00000000001063c4                mount
 .text          0x0000000000106499      0x1d5 binaries/naminit.o
                0x0000000000106499                naminit
 .text          0x000000000010666e      0x203 binaries/nammap.o
                0x000000000010666e                namrepl
                0x0000000000106781                namcpy
                0x00000000001067ce                nammap
 .text          0x0000000000106871       0x58 binaries/namopen.o
                0x0000000000106871                namopen
 .text          0x00000000001068c9       0xd0 binaries/colon2mac.o
                0x00000000001068c9                colon2mac
 .text          0x0000000000106999       0x7b binaries/ethcontrol.o
                0x0000000000106999                ethcontrol
 .text          0x0000000000106a14       0xfa binaries/ethhandler.o
                0x0000000000106a14                ethhandler
 .text          0x0000000000106b0e      0x4cf binaries/ethinit.o
                0x0000000000106b0e                eth_phy_read
                0x0000000000106b4d                eth_phy_write
                0x0000000000106b8f                eth_phy_reset
                0x0000000000106c8b                ethinit
 .text          0x0000000000106fdd      0x11a binaries/ethmcast.o
                0x0000000000106fdd                ethmcast_add
                0x0000000000107030                ethmcast_remove
 .text          0x00000000001070f7      0x156 binaries/ethread.o
                0x00000000001070f7                ethread
 .text          0x000000000010724d       0xa3 binaries/ethwrite.o
                0x000000000010724d                ethwrite
 .text          0x00000000001072f0       0x62 binaries/rdsbufalloc.o
                0x00000000001072f0                rdsbufalloc
 .text          0x0000000000107352       0x7f binaries/rdsclose.o
                0x0000000000107352                rdsclose
 .text          0x00000000001073d1      0x200 binaries/rdscomm.o
                0x00000000001073d1                rdscomm
 .text          0x00000000001075d1      0x194 binaries/rdscontrol.o
                0x00000000001075d1                rdscontrol
 .text          0x0000000000107765      0x17e binaries/rdsinit.o
                0x0000000000107765                rdsinit
 .text          0x00000000001078e3      0x15f binaries/rdsopen.o
                0x00000000001078e3                rdsopen
 .text          0x0000000000107a42      0x2d8 binaries/rdsprocess.o
                0x0000000000107a42                rdsprocess
 .text          0x0000000000107d1a      0x18a binaries/rdsread.o
                0x0000000000107d1a                rdsread
 .text          0x0000000000107ea4      0x141 binaries/rdswrite.o
                0x0000000000107ea4                rdswrite
 .text          0x0000000000107fe5        0x6 binaries/ramclose.o
                0x0000000000107fe5                ramclose
 .text          0x0000000000107feb       0x44 binaries/raminit.o
                0x0000000000107feb                raminit
 .text          0x000000000010802f        0x7 binaries/ramopen.o
                0x000000000010802f                ramopen
 .text          0x0000000000108036       0x30 binaries/ramread.o
                0x0000000000108036                ramread
 .text          0x0000000000108066       0x30 binaries/ramwrite.o
                0x0000000000108066                ramwrite
 .text          0x0000000000108096       0x91 binaries/lfdballoc.o
                0x0000000000108096                lfdballoc
 .text          0x0000000000108127       0x5d binaries/lfdbfree.o
                0x0000000000108127                lfdbfree
 .text          0x0000000000108184       0xaa binaries/lfflush.o
                0x0000000000108184                lfflush
 .text          0x000000000010822e       0x7a binaries/lfgetmode.o
                0x000000000010822e                lfgetmode
 .text          0x00000000001082a8       0x68 binaries/lfiballoc.o
                0x00000000001082a8                lfiballoc
 .text          0x0000000000108310       0x25 binaries/lfibclear.o
                0x0000000000108310                lfibclear
 .text          0x0000000000108335       0x7a binaries/lfibget.o
                0x0000000000108335                lfibget
 .text          0x00000000001083af       0xa0 binaries/lfibput.o
                0x00000000001083af                lfibput
 .text          0x000000000010844f       0x76 binaries/lflclose.o
                0x000000000010844f                lflclose
 .text          0x00000000001084c5       0xa2 binaries/lflcontrol.o
                0x00000000001084c5                lflcontrol
 .text          0x0000000000108567       0x9e binaries/lflgetc.o
                0x0000000000108567                lflgetc
 .text          0x0000000000108605       0xb8 binaries/lflinit.o
                0x0000000000108605                lflinit
 .text          0x00000000001086bd       0xba binaries/lflputc.o
                0x00000000001086bd                lflputc
 .text          0x0000000000108777       0x6a binaries/lflread.o
                0x0000000000108777                lflread
 .text          0x00000000001087e1       0x82 binaries/lflseek.o
                0x00000000001087e1                lflseek
 .text          0x0000000000108863       0x56 binaries/lflwrite.o
                0x0000000000108863                lflwrite
 .text          0x00000000001088b9      0x129 binaries/lfsckfmt.o
                0x00000000001088b9                lfsckfmt
 .text          0x00000000001089e2      0x1d9 binaries/lfscreate.o
                0x00000000001089e2                lfscreate
 .text          0x0000000000108bbb      0x1aa binaries/lfsetup.o
                0x0000000000108bbb                lfsetup
 .text          0x0000000000108d65       0x51 binaries/lfsinit.o
                0x0000000000108d65                lfsinit
 .text          0x0000000000108db6      0x2ad binaries/lfsopen.o
                0x0000000000108db6                lfsopen
 .text          0x0000000000109063      0x11c binaries/lftruncate.o
                0x0000000000109063                lftruncate
 .text          0x000000000010917f       0x5a binaries/rflclose.o
                0x000000000010917f                rflclose
 .text          0x00000000001091d9       0x34 binaries/rflgetc.o
                0x00000000001091d9                rflgetc
 .text          0x000000000010920d       0x4b binaries/rflinit.o
                0x000000000010920d                rflinit
 .text          0x0000000000109258       0x3a binaries/rflputc.o
                0x0000000000109258                rflputc
 .text          0x0000000000109292      0x296 binaries/rflread.o
                0x0000000000109292                rflread
 .text          0x0000000000109528       0x60 binaries/rflseek.o
                0x0000000000109528                rflseek
 .text          0x0000000000109588      0x2b3 binaries/rflwrite.o
                0x0000000000109588                rflwrite
 .text          0x000000000010983b      0x17f binaries/rfscomm.o
                0x000000000010983b                rfscomm
 .text          0x00000000001099ba      0x24a binaries/rfscontrol.o
                0x00000000001099ba                rfscontrol
 .text          0x0000000000109c04       0x7a binaries/rfsgetmode.o
                0x0000000000109c04                rfsgetmode
 .text          0x0000000000109c7e       0x76 binaries/rfsinit.o
                0x0000000000109c7e                rfsinit
 .text          0x0000000000109cf4       0xbb binaries/rfsndmsg.o
                0x0000000000109cf4                rfsndmsg
 .text          0x0000000000109daf      0x229 binaries/rfsopen.o
                0x0000000000109daf                rfsopen
 .text          0x0000000000109fd8      0x64d binaries/arp.o
                0x0000000000109fd8                arp_init
                0x0000000000109ff0                arp_alloc
                0x000000000010a0a0                arp_ntoh
                0x000000000010a10a                arp_hton
                0x000000000010a174                arp_resolve
                0x000000000010a3f3                arp_in
 .text          0x000000000010a625      0x614 binaries/dhcp.o
                0x000000000010a625                dhcp_get_opt_val
                0x000000000010a678                dhcp_bld_bootp_msg
                0x000000000010a778                dhcp_bld_disc
                0x000000000010a7ca                dhcp_bld_req
                0x000000000010a868                getlocalip
 .text          0x000000000010ac39       0xcb binaries/dot2ip.o
                0x000000000010ac39                dot2ip
 .text          0x000000000010ad04      0x366 binaries/hexdump.o
                0x000000000010ad04                hexdump
                0x000000000010ae33                hexadump
 .text          0x000000000010b06a      0x5ef binaries/icmp.o
                0x000000000010b06a                icmp_init
                0x000000000010b082                icmp_register
                0x000000000010b134                icmp_recv
                0x000000000010b289                icmp_mkpkt
                0x000000000010b363                icmp_in
                0x000000000010b49b                icmp_send
                0x000000000010b517                icmp_release
                0x000000000010b5d3                icmp_cksum
                0x000000000010b631                icmp_hton
                0x000000000010b645                icmp_ntoh
 .text          0x000000000010b659      0x567 binaries/ip.o
                0x000000000010b659                ip_local
                0x000000000010b68d                ipcksum
                0x000000000010b6de                ip_ntoh
                0x000000000010b748                ip_in
                0x000000000010b83d                ip_hton
                0x000000000010b8a7                ip_out
                0x000000000010b95b                ip_send
                0x000000000010ba58                ipout
                0x000000000010bb34                ip_enqueue
 .text          0x000000000010bbc0      0x1d3 binaries/net.o
                0x000000000010bbc0                net_init
                0x000000000010bcfb                eth_hton
                0x000000000010bd05                eth_ntoh
                0x000000000010bd0f                netin
 .text          0x000000000010bd93       0xd3 binaries/netstart.o
                0x000000000010bd93                netstart
 .text          0x000000000010be66      0xb3f binaries/pdump.o
                0x000000000010be66                pdump
                0x000000000010c4d3                pdumph
 .text          0x000000000010c9a5      0x5db binaries/tftp.o
                0x000000000010c9a5                tftp_send1
                0x000000000010cad8                tftpget_mb
                0x000000000010cf43                tftpget
 .text          0x000000000010cf80      0x7d8 binaries/udp.o
                0x000000000010cf80                udp_init
                0x000000000010cfbd                udp_in
                0x000000000010d076                udp_register
                0x000000000010d164                udp_recv
                0x000000000010d27b                udp_recvaddr
                0x000000000010d3a9                udp_send
                0x000000000010d524                udp_sendto
                0x000000000010d674                udp_release
                0x000000000010d730                udp_ntoh
                0x000000000010d744                udp_hton
 .text          0x000000000010d758       0xfb binaries/addargs.o
                0x000000000010d758                addargs
 .text          0x000000000010d853      0x1f8 binaries/lexan.o
                0x000000000010d853                lexan
 .text          0x000000000010da4b      0x634 binaries/shell.o
                0x000000000010da4b                shell
 .text          0x000000000010e07f       0x5b binaries/xsh_argecho.o
                0x000000000010e07f                xsh_argecho
 .text          0x000000000010e0da      0x1d6 binaries/xsh_arp.o
                0x000000000010e0da                xsh_arp
 .text          0x000000000010e2b0      0x1e3 binaries/xsh_cat.o
                0x000000000010e2b0                xsh_cat
 .text          0x000000000010e493       0x4f binaries/xsh_clear.o
                0x000000000010e493                xsh_clear
 .text          0x000000000010e4e2      0x28f binaries/xsh_date.o
                0x000000000010e4e2                xsh_date
 .text          0x000000000010e771       0x86 binaries/xsh_devdump.o
                0x000000000010e771                xsh_devdump
 .text          0x000000000010e7f7       0x60 binaries/xsh_echo.o
                0x000000000010e7f7                xsh_echo
 .text          0x000000000010e857        0x6 binaries/xsh_exit.o
                0x000000000010e857                xsh_exit
 .text          0x000000000010e85d      0x317 binaries/xsh_help.o
                0x000000000010e85d                xsh_help
 .text          0x000000000010eb74      0x409 binaries/xsh_ipaddr.o
                0x000000000010eb74                xsh_ipaddr
 .text          0x000000000010ef7d      0x1cc binaries/xsh_kill.o
                0x000000000010ef7d                xsh_kill
 .text          0x000000000010f149      0x3c5 binaries/xsh_memdump.o
                0x000000000010f1ff                xsh_memdump
 .text          0x000000000010f50e      0x1ea binaries/xsh_memstat.o
                0x000000000010f50e                xsh_memstat
 .text          0x000000000010f6f8      0x2d5 binaries/xsh_ping.o
                0x000000000010f6f8                xsh_ping
 .text          0x000000000010f9cd      0x1ec binaries/xsh_ps.o
                0x000000000010f9cd                xsh_ps
 .text          0x000000000010fbb9      0x1bb binaries/xsh_sleep.o
                0x000000000010fbb9                xsh_sleep
 .text          0x000000000010fd74      0x21a binaries/xsh_udpdump.o
                0x000000000010fd74                xsh_udpdump
 .text          0x000000000010ff8e      0x3f4 binaries/xsh_udpecho.o
                0x000000000010ff8e                xsh_udpecho
 .text          0x0000000000110382      0x251 binaries/xsh_udpeserver.o
                0x0000000000110382                xsh_udpeserver
 .text          0x00000000001105d3      0x1b4 binaries/xsh_uptime.o
                0x00000000001105d3                xsh_uptime
 .text          0x0000000000110787        0xe binaries/clkdisp.o
                0x0000000000110787                clkdisp
 .text          0x0000000000110795       0x19 binaries/ctxsw.o
                0x0000000000110795                ctxsw
 .text          0x00000000001107ae      0x36b binaries/intr.o
                0x00000000001107ae                disable
                0x00000000001107b7                restore
                0x00000000001107c5                enable
                0x00000000001107c7                pause
                0x00000000001107ce                halt
                0x00000000001107d4                spurious_irq7
                0x00000000001107d9                spurious_irq15
                0x00000000001107e8                _Xint0
                0x00000000001107f3                _Xint1
                0x00000000001107fe                _Xint2
                0x0000000000110809                _Xint3
                0x0000000000110814                _Xint4
                0x000000000011081f                _Xint5
                0x000000000011082a                _Xint6
                0x0000000000110835                _Xint7
                0x0000000000110840                _Xint8
                0x000000000011084b                _Xint9
                0x0000000000110856                _Xint10
                0x0000000000110861                _Xint11
                0x000000000011086f                _Xint12
                0x000000000011087d                _Xint13
                0x000000000011088b                _Xint14
                0x0000000000110899                _Xint15
                0x00000000001108a7                _Xint16
                0x00000000001108b5                _Xint17
                0x00000000001108c3                _Xint18
                0x00000000001108d1                _Xint19
                0x00000000001108df                _Xint20
                0x00000000001108ed                _Xint21
                0x00000000001108fb                _Xint22
                0x0000000000110909                _Xint23
                0x0000000000110917                _Xint24
                0x0000000000110925                _Xint25
                0x0000000000110933                _Xint26
                0x0000000000110941                _Xint27
                0x000000000011094f                _Xint28
                0x000000000011095d                _Xint29
                0x000000000011096b                _Xint30
                0x0000000000110979                _Xint31
                0x0000000000110987                _Xint32
                0x0000000000110995                _Xint33
                0x00000000001109a3                _Xint34
                0x00000000001109b1                _Xint35
                0x00000000001109bf                _Xint36
                0x00000000001109cd                _Xint37
                0x00000000001109db                _Xint38
                0x00000000001109e9                _Xint39
                0x00000000001109f7                _Xint40
                0x0000000000110a05                _Xint41
                0x0000000000110a13                _Xint42
                0x0000000000110a21                _Xint43
                0x0000000000110a2f                _Xint44
                0x0000000000110a3d                _Xint45
                0x0000000000110a4b                _Xint46
                0x0000000000110a59                defevec
 .text          0x0000000000110b19        0xf binaries/ttydispatch.o
                0x0000000000110b19                ttydispatch
 .text          0x0000000000110b28       0x13 binaries/ethdispatch.o
                0x0000000000110b28                ethdispatch
 *(.rodata .rodata.*)
 .rodata.str1.1
                0x0000000000110b3b       0x54 binaries/ascdate.o
 *fill*         0x0000000000110b8f        0x1 
 .rodata.str1.4
                0x0000000000110b90       0x22 binaries/ascdate.o
 .rodata.str1.1
                0x0000000000110bb2       0x5f binaries/conf.o
 *fill*         0x0000000000110c11        0x3 
 .rodata.str1.4
                0x0000000000110c14       0x56 binaries/cpuintensive.o
 *fill*         0x0000000000110c6a        0x2 
 .rodata.str1.4
                0x0000000000110c6c       0x4f binaries/early_imr.o
 .rodata        0x0000000000110cbb       0x30 binaries/early_imr.o
 .rodata.str1.1
                0x0000000000110ceb      0x20c binaries/evec.o
 *fill*         0x0000000000110ef7        0x1 
 .rodata.str1.4
                0x0000000000110ef8       0x23 binaries/evec.o
 .rodata.str1.1
                0x0000000000110f1b        0xb binaries/getutime.o
 *fill*         0x0000000000110f26        0x2 
 .rodata.str1.4
                0x0000000000110f28       0x54 binaries/getutime.o
 .rodata.str1.1
                0x0000000000110f7c       0x63 binaries/initialize.o
                                         0x67 (size before relaxing)
 *fill*         0x0000000000110fdf        0x1 
 .rodata.str1.4
                0x0000000000110fe0       0xd4 binaries/initialize.o
 .rodata.str1.4
                0x00000000001110b4       0x56 binaries/iointensive.o
 *fill*         0x000000000011110a        0x2 
 .rodata        0x000000000011110c       0x20 binaries/kill.o
 .rodata.str1.1
                0x000000000011112c       0x2b binaries/main.o
 *fill*         0x0000000000111157        0x1 
 .rodata.str1.4
                0x0000000000111158      0x18e binaries/main.o
 *fill*         0x00000000001112e6        0x2 
 .rodata.str1.4
                0x00000000001112e8       0x23 binaries/meminit.o
 .rodata.str1.1
                0x000000000011130b       0x1b binaries/meminit.o
 .rodata.str1.1
                0x0000000000111326        0xf binaries/panic.o
 .rodata.str1.1
                0x0000000000111335       0x1c binaries/ptinit.o
 *fill*         0x0000000000111351        0x3 
 .rodata.str1.4
                0x0000000000111354       0x25 binaries/ptsend.o
 .rodata.str1.1
                0x0000000000111379       0x22 binaries/quark_pdat.o
 *fill*         0x000000000011139b        0x1 
 .rodata.str1.4
                0x000000000011139c       0x63 binaries/stacktrace.o
 .rodata.str1.1
                0x00000000001113ff       0x52 binaries/stacktrace.o
 *fill*         0x0000000000111451        0x3 
 .rodata.str1.4
                0x0000000000111454       0x27 binaries/xdone.o
 *fill*         0x000000000011147b        0x5 
 .rodata        0x0000000000111480       0x81 binaries/ctype_.o
                0x0000000000111480                _ctype_
 .rodata.str1.1
                0x0000000000111501       0x29 binaries/doprnt.o
 *fill*         0x000000000011152a        0x2 
 .rodata        0x000000000011152c       0xc4 binaries/doprnt.o
 .rodata        0x00000000001115f0       0x98 binaries/doscan.o
 .rodata.str1.1
                0x0000000000000000       0x29 binaries/fdoprnt.o
 .rodata        0x0000000000111688       0x84 binaries/fdoprnt.o
 .rodata        0x000000000011170c       0x20 binaries/ttycontrol.o
 .rodata.str1.4
                0x000000000011172c       0x4c binaries/naminit.o
 .rodata.str1.1
                0x0000000000111778       0x32 binaries/naminit.o
                                         0x35 (size before relaxing)
 .rodata.str1.1
                0x00000000001117aa       0x15 binaries/ethinit.o
 *fill*         0x00000000001117bf        0x1 
 .rodata.str1.4
                0x00000000001117c0       0x2e binaries/ethinit.o
 *fill*         0x00000000001117ee        0x2 
 .rodata.str1.4
                0x00000000001117f0       0x2c binaries/rdsbufalloc.o
 .rodata.str1.4
                0x000000000011181c       0x76 binaries/rdscomm.o
 *fill*         0x0000000000111892        0x2 
 .rodata.str1.4
                0x0000000000111894       0x48 binaries/rdscontrol.o
 .rodata.str1.4
                0x00000000001118dc       0x7e binaries/rdsinit.o
 .rodata.str1.1
                0x000000000011195a       0x18 binaries/rdsinit.o
 *fill*         0x0000000000111972        0x2 
 .rodata.str1.4
                0x0000000000111974       0x22 binaries/rdsopen.o
 *fill*         0x0000000000111996        0x2 
 .rodata.str1.4
                0x0000000000111998       0x4d binaries/rdsprocess.o
 .rodata.str1.1
                0x00000000001119e5        0x9 binaries/raminit.o
 .rodata.str1.1
                0x00000000001119ee       0x13 binaries/lfdballoc.o
 *fill*         0x0000000000111a01        0x3 
 .rodata.str1.4
                0x0000000000111a04       0x23 binaries/lfdballoc.o
 .rodata.str1.1
                0x0000000000111a27       0x14 binaries/lfiballoc.o
 *fill*         0x0000000000111a3b        0x1 
 .rodata.str1.4
                0x0000000000111a3c       0x23 binaries/lflcontrol.o
 .rodata.str1.1
                0x0000000000111a5f       0x64 binaries/lfsckfmt.o
 *fill*         0x0000000000111ac3        0x1 
 .rodata.str1.4
                0x0000000000111ac4       0x51 binaries/lfsckfmt.o
 *fill*         0x0000000000111b15        0x3 
 .rodata.str1.4
                0x0000000000111b18       0x21 binaries/rflread.o
 .rodata.str1.4
                0x0000000000000000       0x21 binaries/rflwrite.o
 *fill*         0x0000000000111b39        0x3 
 .rodata.str1.4
                0x0000000000111b3c       0x75 binaries/rfscomm.o
 *fill*         0x0000000000111bb1        0x3 
 .rodata.str1.4
                0x0000000000111bb4       0x23 binaries/rfscontrol.o
 *fill*         0x0000000000111bd7        0x1 
 .rodata        0x0000000000111bd8       0x18 binaries/rfscontrol.o
 .rodata.str1.1
                0x0000000000000000       0x10 binaries/rfsinit.o
 .rodata.str1.4
                0x0000000000111bf0       0x57 binaries/rfsinit.o
 *fill*         0x0000000000111c47        0x1 
 .rodata.str1.4
                0x0000000000111c48       0x2a binaries/rfsndmsg.o
 .rodata.str1.4
                0x0000000000000000       0x22 binaries/rfsopen.o
 .rodata.str1.1
                0x0000000000111c72       0x19 binaries/arp.o
 *fill*         0x0000000000111c8b        0x1 
 .rodata.str1.4
                0x0000000000111c8c       0x21 binaries/arp.o
 *fill*         0x0000000000111cad        0x3 
 .rodata.str1.4
                0x0000000000111cb0       0xa6 binaries/dhcp.o
 .rodata.str1.1
                0x0000000000111d56       0x4a binaries/dhcp.o
 .rodata.str1.1
                0x0000000000111da0       0x5a binaries/hexdump.o
                                         0x61 (size before relaxing)
 *fill*         0x0000000000111dfa        0x2 
 .rodata.str1.4
                0x0000000000111dfc       0x67 binaries/hexdump.o
 *fill*         0x0000000000111e63        0x1 
 .rodata.str1.4
                0x0000000000111e64       0x29 binaries/icmp.o
 .rodata.str1.1
                0x0000000000111e8d       0x4e binaries/ip.o
 *fill*         0x0000000000111edb        0x1 
 .rodata.str1.4
                0x0000000000111edc       0x20 binaries/ip.o
 .rodata.str1.4
                0x0000000000111efc       0x28 binaries/net.o
 .rodata.str1.1
                0x0000000000111f24       0x27 binaries/net.o
 *fill*         0x0000000000111f4b        0x1 
 .rodata.str1.4
                0x0000000000111f4c       0xcf binaries/netstart.o
 .rodata.str1.1
                0x000000000011201b      0x141 binaries/pdump.o
                                        0x14b (size before relaxing)
 .rodata.str1.4
                0x000000000011215c      0x126 binaries/pdump.o
 *fill*         0x0000000000112282        0x2 
 .rodata.str1.4
                0x0000000000112284      0x148 binaries/tftp.o
 .rodata.str1.1
                0x00000000001123cc        0x6 binaries/tftp.o
                                          0xa (size before relaxing)
 .rodata.str1.1
                0x00000000001123d2       0xe3 binaries/shell.o
                                         0xff (size before relaxing)
 *fill*         0x00000000001124b5        0x3 
 .rodata.str1.4
                0x00000000001124b8      0x1c4 binaries/shell.o
 *fill*         0x000000000011267c        0x4 
 .rodata        0x0000000000112680       0xfc binaries/shell.o
                0x0000000000112680                cmdtab
 .rodata.str1.1
                0x000000000011277c       0x26 binaries/xsh_argecho.o
                                         0x28 (size before relaxing)
 .rodata.str1.1
                0x00000000001127a2       0x70 binaries/xsh_arp.o
                                         0x72 (size before relaxing)
 *fill*         0x0000000000112812        0x2 
 .rodata.str1.4
                0x0000000000112814       0xb4 binaries/xsh_arp.o
 .rodata.str1.1
                0x00000000001128c8       0x2d binaries/xsh_cat.o
                                         0x4f (size before relaxing)
 *fill*         0x00000000001128f5        0x3 
 .rodata.str1.4
                0x00000000001128f8       0x52 binaries/xsh_cat.o
                                         0x79 (size before relaxing)
 .rodata.str1.1
                0x000000000011294a       0x15 binaries/xsh_clear.o
 .rodata.str1.1
                0x000000000011295f       0x46 binaries/xsh_date.o
                                         0x5f (size before relaxing)
 *fill*         0x00000000001129a5        0x3 
 .rodata.str1.4
                0x00000000001129a8      0x163 binaries/xsh_date.o
 .rodata.str1.1
                0x0000000000112b0b       0x5d binaries/xsh_devdump.o
 .rodata.str1.1
                0x0000000000112b68        0x4 binaries/xsh_echo.o
                                          0x9 (size before relaxing)
 .rodata.str1.1
                0x0000000000112b6c       0x65 binaries/xsh_help.o
                                         0xa3 (size before relaxing)
 *fill*         0x0000000000112bd1        0x3 
 .rodata.str1.4
                0x0000000000112bd4       0x7c binaries/xsh_help.o
                                         0xc6 (size before relaxing)
 .rodata.str1.1
                0x0000000000112c50       0x9c binaries/xsh_ipaddr.o
                                         0xf8 (size before relaxing)
 .rodata.str1.4
                0x0000000000112cec       0x4d binaries/xsh_ipaddr.o
                                         0x99 (size before relaxing)
 .rodata.str1.1
                0x0000000000112d39       0x78 binaries/xsh_kill.o
                                         0x97 (size before relaxing)
 *fill*         0x0000000000112db1        0x3 
 .rodata.str1.4
                0x0000000000112db4       0x4a binaries/xsh_kill.o
                                         0x96 (size before relaxing)
 .rodata.str1.1
                0x0000000000112dfe       0x84 binaries/xsh_memdump.o
                                         0xa8 (size before relaxing)
 *fill*         0x0000000000112e82        0x2 
 .rodata.str1.4
                0x0000000000112e84      0x15a binaries/xsh_memdump.o
                                        0x1aa (size before relaxing)
 .rodata.str1.1
                0x0000000000112fde       0x40 binaries/xsh_memstat.o
                                         0x79 (size before relaxing)
 *fill*         0x000000000011301e        0x2 
 .rodata.str1.4
                0x0000000000113020      0x187 binaries/xsh_memstat.o
                                        0x1af (size before relaxing)
 .rodata.str1.1
                0x00000000001131a7       0x90 binaries/xsh_ping.o
                                         0xaf (size before relaxing)
 *fill*         0x0000000000113237        0x1 
 .rodata.str1.4
                0x0000000000113238       0x77 binaries/xsh_ping.o
                                         0xc6 (size before relaxing)
 .rodata.str1.1
                0x00000000001132af       0x74 binaries/xsh_ps.o
                                         0xd5 (size before relaxing)
 *fill*         0x0000000000113323        0x1 
 .rodata.str1.4
                0x0000000000113324       0x80 binaries/xsh_ps.o
                                         0xd0 (size before relaxing)
 *fill*         0x00000000001133a4       0x1c 
 .rodata        0x00000000001133c0       0x20 binaries/xsh_ps.o
 .rodata.str1.1
                0x00000000001133e0       0x31 binaries/xsh_sleep.o
                                         0x72 (size before relaxing)
 *fill*         0x0000000000113411        0x3 
 .rodata.str1.4
                0x0000000000113414       0x2a binaries/xsh_sleep.o
                                         0x7a (size before relaxing)
 .rodata.str1.1
                0x000000000011343e       0x6b binaries/xsh_udpdump.o
                                         0xd2 (size before relaxing)
 *fill*         0x00000000001134a9        0x3 
 .rodata.str1.4
                0x00000000001134ac       0x94 binaries/xsh_udpdump.o
                                         0xe4 (size before relaxing)
 .rodata.str1.1
                0x0000000000113540       0xdb binaries/xsh_udpecho.o
                                         0xfa (size before relaxing)
 *fill*         0x000000000011361b        0x1 
 .rodata.str1.4
                0x000000000011361c       0xc7 binaries/xsh_udpecho.o
                                        0x116 (size before relaxing)
 .rodata.str1.1
                0x00000000001136e3       0x66 binaries/xsh_udpeserver.o
                                         0x8f (size before relaxing)
 *fill*         0x0000000000113749        0x3 
 .rodata.str1.4
                0x000000000011374c       0x29 binaries/xsh_udpeserver.o
                                         0x9f (size before relaxing)
 .rodata.str1.1
                0x0000000000113775       0x49 binaries/xsh_uptime.o
                                         0x8c (size before relaxing)
 *fill*         0x00000000001137be        0x2 
 .rodata.str1.4
                0x00000000001137c0       0x28 binaries/xsh_uptime.o
                                         0x76 (size before relaxing)
                0x00000000001137e8                etext = ABSOLUTE (.)
                0x0000000000114000                . = ALIGN (0x1000)
 *fill*         0x00000000001137e8      0x818 

.eh_frame       0x0000000000114000     0x3210
 .eh_frame      0x0000000000114000       0x58 binaries/ascdate.o
 .eh_frame      0x0000000000114058       0x14 binaries/bufinit.o
                                         0x2c (size before relaxing)
 .eh_frame      0x000000000011406c       0x34 binaries/chprio.o
                                         0x4c (size before relaxing)
 .eh_frame      0x00000000001140a0       0x18 binaries/clkhandler.o
                                         0x30 (size before relaxing)
 .eh_frame      0x00000000001140b8       0x18 binaries/clkinit.o
                                         0x30 (size before relaxing)
 .eh_frame      0x00000000001140d0       0x2c binaries/close.o
                                         0x44 (size before relaxing)
 .eh_frame      0x00000000001140fc       0x2c binaries/control.o
                                         0x44 (size before relaxing)
 .eh_frame      0x0000000000114128       0x34 binaries/cpuintensive.o
                                         0x4c (size before relaxing)
 .eh_frame      0x000000000011415c       0x40 binaries/create.o
                                         0x58 (size before relaxing)
 .eh_frame      0x000000000011419c       0x98 binaries/early_imr.o
                                         0xb0 (size before relaxing)
 .eh_frame      0x0000000000114234       0x94 binaries/evec.o
                                         0xac (size before relaxing)
 .eh_frame      0x00000000001142c8       0x2c binaries/freebuf.o
                                         0x44 (size before relaxing)
 .eh_frame      0x00000000001142f4       0x3c binaries/freemem.o
                                         0x54 (size before relaxing)
 .eh_frame      0x0000000000114330       0x3c binaries/getbuf.o
                                         0x54 (size before relaxing)
 .eh_frame      0x000000000011436c       0x2c binaries/getc.o
                                         0x44 (size before relaxing)
 .eh_frame      0x0000000000114398       0x3c binaries/getdev.o
                                         0x54 (size before relaxing)
 .eh_frame      0x00000000001143d4       0x4c binaries/getitem.o
                                         0x64 (size before relaxing)
 .eh_frame      0x0000000000114420       0x2c binaries/getmem.o
                                         0x44 (size before relaxing)
 .eh_frame      0x000000000011444c       0x14 binaries/getpid.o
                                         0x2c (size before relaxing)
 .eh_frame      0x0000000000114460       0x24 binaries/getprio.o
                                         0x3c (size before relaxing)
 .eh_frame      0x0000000000114484       0x3c binaries/getstk.o
                                         0x54 (size before relaxing)
 .eh_frame      0x00000000001144c0       0x18 binaries/gettime.o
                                         0x30 (size before relaxing)
 .eh_frame      0x00000000001144d8       0x24 binaries/getutime.o
                                         0x3c (size before relaxing)
 .eh_frame      0x00000000001144fc       0x2c binaries/init.o
                                         0x44 (size before relaxing)
 .eh_frame      0x0000000000114528       0x48 binaries/initialize.o
                                         0x60 (size before relaxing)
 .eh_frame      0x0000000000114570       0x24 binaries/insert.o
                                         0x3c (size before relaxing)
 .eh_frame      0x0000000000114594       0x38 binaries/insertd.o
                                         0x50 (size before relaxing)
 .eh_frame      0x00000000001145cc       0x14 binaries/ioerr.o
                                         0x2c (size before relaxing)
 .eh_frame      0x00000000001145e0       0x3c binaries/iointensive.o
                                         0x54 (size before relaxing)
 .eh_frame      0x000000000011461c       0x14 binaries/ionull.o
                                         0x2c (size before relaxing)
 .eh_frame      0x0000000000114630       0x40 binaries/kill.o
                                         0x58 (size before relaxing)
 .eh_frame      0x0000000000114670       0x60 binaries/kprintf.o
                                         0x78 (size before relaxing)
 .eh_frame      0x00000000001146d0       0x1c binaries/main.o
                                         0x34 (size before relaxing)
 .eh_frame      0x00000000001146ec       0x3c binaries/mark.o
                                         0x54 (size before relaxing)
 .eh_frame      0x0000000000114728       0x58 binaries/meminit.o
                                         0x70 (size before relaxing)
 .eh_frame      0x0000000000114780       0x40 binaries/mkbufpool.o
                                         0x58 (size before relaxing)
 .eh_frame      0x00000000001147c0       0x14 binaries/newqueue.o
                                         0x2c (size before relaxing)
 .eh_frame      0x00000000001147d4       0x2c binaries/open.o
                                         0x44 (size before relaxing)
 .eh_frame      0x0000000000114800       0x14 binaries/panic.o
                                         0x2c (size before relaxing)
 .eh_frame      0x0000000000114814       0xe0 binaries/pci.o
                                         0xf8 (size before relaxing)
 .eh_frame      0x00000000001148f4       0x18 binaries/platinit.o
                                         0x30 (size before relaxing)
 .eh_frame      0x000000000011490c       0x3c binaries/ptclear.o
                                         0x54 (size before relaxing)
 .eh_frame      0x0000000000114948       0x34 binaries/ptcount.o
                                         0x4c (size before relaxing)
 .eh_frame      0x000000000011497c       0x3c binaries/ptcreate.o
                                         0x54 (size before relaxing)
 .eh_frame      0x00000000001149b8       0x2c binaries/ptdelete.o
                                         0x44 (size before relaxing)
 .eh_frame      0x00000000001149e4       0x2c binaries/ptinit.o
                                         0x44 (size before relaxing)
 .eh_frame      0x0000000000114a10       0x3c binaries/ptrecv.o
                                         0x54 (size before relaxing)
 .eh_frame      0x0000000000114a4c       0x2c binaries/ptreset.o
                                         0x44 (size before relaxing)
 .eh_frame      0x0000000000114a78       0x34 binaries/ptsend.o
                                         0x4c (size before relaxing)
 .eh_frame      0x0000000000114aac       0x34 binaries/putc.o
                                         0x4c (size before relaxing)
 .eh_frame      0x0000000000114ae0       0x24 binaries/quark_irq.o
                                         0x3c (size before relaxing)
 .eh_frame      0x0000000000114b04       0x60 binaries/quark_pdat.o
                                         0x78 (size before relaxing)
 .eh_frame      0x0000000000114b64       0x2c binaries/queue.o
                                         0x44 (size before relaxing)
 .eh_frame      0x0000000000114b90       0x2c binaries/read.o
                                         0x44 (size before relaxing)
 .eh_frame      0x0000000000114bbc       0x18 binaries/ready.o
                                         0x30 (size before relaxing)
 .eh_frame      0x0000000000114bd4       0x34 binaries/receive.o
                                         0x4c (size before relaxing)
 .eh_frame      0x0000000000114c08       0x20 binaries/recvclr.o
                                         0x38 (size before relaxing)
 .eh_frame      0x0000000000114c28       0x3c binaries/recvtime.o
                                         0x54 (size before relaxing)
 .eh_frame      0x0000000000114c64       0x44 binaries/resched.o
                                         0x5c (size before relaxing)
 .eh_frame      0x0000000000114ca8       0x34 binaries/resume.o
                                         0x4c (size before relaxing)
 .eh_frame      0x0000000000114cdc       0x2c binaries/seek.o
                                         0x44 (size before relaxing)
 .eh_frame      0x0000000000114d08       0x24 binaries/semcount.o
                                         0x3c (size before relaxing)
 .eh_frame      0x0000000000114d2c       0x3c binaries/semcreate.o
                                         0x54 (size before relaxing)
 .eh_frame      0x0000000000114d68       0x2c binaries/semdelete.o
                                         0x44 (size before relaxing)
 .eh_frame      0x0000000000114d94       0x3c binaries/semreset.o
                                         0x54 (size before relaxing)
 .eh_frame      0x0000000000114dd0       0x2c binaries/send.o
                                         0x44 (size before relaxing)
 .eh_frame      0x0000000000114dfc       0x40 binaries/sendbt.o
                                         0x58 (size before relaxing)
 .eh_frame      0x0000000000114e3c       0x2c binaries/signal.o
                                         0x44 (size before relaxing)
 .eh_frame      0x0000000000114e68       0x34 binaries/signaln.o
                                         0x4c (size before relaxing)
 .eh_frame      0x0000000000114e9c       0x44 binaries/sleep.o
                                         0x5c (size before relaxing)
 .eh_frame      0x0000000000114ee0       0x40 binaries/stacktrace.o
                                         0x58 (size before relaxing)
 .eh_frame      0x0000000000114f20       0x3c binaries/suspend.o
                                         0x54 (size before relaxing)
 .eh_frame      0x0000000000114f5c       0x2c binaries/unsleep.o
                                         0x44 (size before relaxing)
 .eh_frame      0x0000000000114f88       0x18 binaries/userret.o
                                         0x30 (size before relaxing)
 .eh_frame      0x0000000000114fa0       0x34 binaries/wait.o
                                         0x4c (size before relaxing)
 .eh_frame      0x0000000000114fd4       0x18 binaries/wakeup.o
                                         0x30 (size before relaxing)
 .eh_frame      0x0000000000114fec       0x2c binaries/write.o
                                         0x44 (size before relaxing)
 .eh_frame      0x0000000000115018       0x18 binaries/xdone.o
                                         0x30 (size before relaxing)
 .eh_frame      0x0000000000115030       0x20 binaries/yield.o
                                         0x38 (size before relaxing)
 .eh_frame      0x0000000000115050       0x14 binaries/abs.o
                                         0x2c (size before relaxing)
 .eh_frame      0x0000000000115064       0x24 binaries/atoi.o
                                         0x3c (size before relaxing)
 .eh_frame      0x0000000000115088       0x24 binaries/atol.o
                                         0x3c (size before relaxing)
 .eh_frame      0x00000000001150ac       0x14 binaries/bzero.o
                                         0x2c (size before relaxing)
 .eh_frame      0x00000000001150c0       0xd4 binaries/doprnt.o
                                         0xec (size before relaxing)
 .eh_frame      0x0000000000115194       0x40 binaries/doscan.o
                                         0x58 (size before relaxing)
 .eh_frame      0x00000000001151d4       0x7c binaries/fdoprnt.o
                                         0x94 (size before relaxing)
 .eh_frame      0x0000000000115250       0x18 binaries/fgetc.o
                                         0x30 (size before relaxing)
 .eh_frame      0x0000000000115268       0x3c binaries/fgets.o
                                         0x54 (size before relaxing)
 .eh_frame      0x00000000001152a4       0x18 binaries/fprintf.o
                                         0x30 (size before relaxing)
 .eh_frame      0x00000000001152bc       0x18 binaries/fputc.o
                                         0x30 (size before relaxing)
 .eh_frame      0x00000000001152d4       0x2c binaries/fputs.o
                                         0x44 (size before relaxing)
 .eh_frame      0x0000000000115300       0x4c binaries/fscanf.o
                                         0x64 (size before relaxing)
 .eh_frame      0x000000000011534c       0x18 binaries/getchar.o
                                         0x30 (size before relaxing)
 .eh_frame      0x0000000000115364       0x14 binaries/labs.o
                                         0x2c (size before relaxing)
 .eh_frame      0x0000000000115378       0x14 binaries/memchr.o
                                         0x2c (size before relaxing)
 .eh_frame      0x000000000011538c       0x24 binaries/memcmp.o
                                         0x3c (size before relaxing)
 .eh_frame      0x00000000001153b0       0x24 binaries/memcpy.o
                                         0x3c (size before relaxing)
 .eh_frame      0x00000000001153d4       0x1c binaries/memset.o
                                         0x34 (size before relaxing)
 .eh_frame      0x00000000001153f0       0x18 binaries/printf.o
                                         0x30 (size before relaxing)
 .eh_frame      0x0000000000115408       0x18 binaries/putchar.o
                                         0x30 (size before relaxing)
 .eh_frame      0x0000000000115420       0xa8 binaries/qsort.o
                                         0xc0 (size before relaxing)
 .eh_frame      0x00000000001154c8       0x28 binaries/rand.o
                                         0x40 (size before relaxing)
 .eh_frame      0x00000000001154f0       0x3c binaries/sprintf.o
                                         0x54 (size before relaxing)
 .eh_frame      0x000000000011552c       0x40 binaries/sscanf.o
                                         0x58 (size before relaxing)
 .eh_frame      0x000000000011556c       0x1c binaries/strchr.o
                                         0x34 (size before relaxing)
 .eh_frame      0x0000000000115588       0x1c binaries/strcmp.o
                                         0x34 (size before relaxing)
 .eh_frame      0x00000000001155a4       0x14 binaries/strcpy.o
                                         0x2c (size before relaxing)
 .eh_frame      0x00000000001155b8       0x14 binaries/strlen.o
                                         0x2c (size before relaxing)
 .eh_frame      0x00000000001155cc       0x2c binaries/strncat.o
                                         0x44 (size before relaxing)
 .eh_frame      0x00000000001155f8       0x1c binaries/strncmp.o
                                         0x34 (size before relaxing)
 .eh_frame      0x0000000000115614       0x30 binaries/strncpy.o
                                         0x48 (size before relaxing)
 .eh_frame      0x0000000000115644       0x14 binaries/strnlen.o
                                         0x2c (size before relaxing)
 .eh_frame      0x0000000000115658       0x1c binaries/strrchr.o
                                         0x34 (size before relaxing)
 .eh_frame      0x0000000000115674       0x38 binaries/strstr.o
                                         0x50 (size before relaxing)
 .eh_frame      0x00000000001156ac       0x2c binaries/ttycontrol.o
                                         0x44 (size before relaxing)
 .eh_frame      0x00000000001156d8       0x2c binaries/ttygetc.o
                                         0x44 (size before relaxing)
 .eh_frame      0x0000000000115704       0x9c binaries/ttyhandle_in.o
                                         0xb4 (size before relaxing)
 .eh_frame      0x00000000001157a0       0x40 binaries/ttyhandle_out.o
                                         0x58 (size before relaxing)
 .eh_frame      0x00000000001157e0       0x2c binaries/ttyhandler.o
                                         0x44 (size before relaxing)
 .eh_frame      0x000000000011580c       0x2c binaries/ttyinit.o
                                         0x44 (size before relaxing)
 .eh_frame      0x0000000000115838       0x14 binaries/ttykickout.o
                                         0x2c (size before relaxing)
 .eh_frame      0x000000000011584c       0x34 binaries/ttyputc.o
                                         0x4c (size before relaxing)
 .eh_frame      0x0000000000115880       0x3c binaries/ttyread.o
                                         0x54 (size before relaxing)
 .eh_frame      0x00000000001158bc       0x34 binaries/ttywrite.o
                                         0x4c (size before relaxing)
 .eh_frame      0x00000000001158f0       0x50 binaries/mount.o
                                         0x68 (size before relaxing)
 .eh_frame      0x0000000000115940       0x40 binaries/naminit.o
                                         0x58 (size before relaxing)
 .eh_frame      0x0000000000115980       0xa4 binaries/nammap.o
                                         0xbc (size before relaxing)
 .eh_frame      0x0000000000115a24       0x1c binaries/namopen.o
                                         0x34 (size before relaxing)
 .eh_frame      0x0000000000115a40       0x3c binaries/colon2mac.o
                                         0x54 (size before relaxing)
 .eh_frame      0x0000000000115a7c       0x18 binaries/ethcontrol.o
                                         0x30 (size before relaxing)
 .eh_frame      0x0000000000115a94       0x3c binaries/ethhandler.o
                                         0x54 (size before relaxing)
 .eh_frame      0x0000000000115ad0       0x94 binaries/ethinit.o
                                         0xac (size before relaxing)
 .eh_frame      0x0000000000115b64       0x68 binaries/ethmcast.o
                                         0x80 (size before relaxing)
 .eh_frame      0x0000000000115bcc       0x40 binaries/ethread.o
                                         0x58 (size before relaxing)
 .eh_frame      0x0000000000115c0c       0x3c binaries/ethwrite.o
                                         0x54 (size before relaxing)
 .eh_frame      0x0000000000115c48       0x24 binaries/rdsbufalloc.o
                                         0x3c (size before relaxing)
 .eh_frame      0x0000000000115c6c       0x30 binaries/rdsclose.o
                                         0x48 (size before relaxing)
 .eh_frame      0x0000000000115c9c       0x40 binaries/rdscomm.o
                                         0x58 (size before relaxing)
 .eh_frame      0x0000000000115cdc       0x2c binaries/rdscontrol.o
                                         0x44 (size before relaxing)
 .eh_frame      0x0000000000115d08       0x40 binaries/rdsinit.o
                                         0x58 (size before relaxing)
 .eh_frame      0x0000000000115d48       0x40 binaries/rdsopen.o
                                         0x58 (size before relaxing)
 .eh_frame      0x0000000000115d88       0x2c binaries/rdsprocess.o
                                         0x44 (size before relaxing)
 .eh_frame      0x0000000000115db4       0x40 binaries/rdsread.o
                                         0x58 (size before relaxing)
 .eh_frame      0x0000000000115df4       0x34 binaries/rdswrite.o
                                         0x4c (size before relaxing)
 .eh_frame      0x0000000000115e28       0x14 binaries/ramclose.o
                                         0x2c (size before relaxing)
 .eh_frame      0x0000000000115e3c       0x18 binaries/raminit.o
                                         0x30 (size before relaxing)
 .eh_frame      0x0000000000115e54       0x14 binaries/ramopen.o
                                         0x2c (size before relaxing)
 .eh_frame      0x0000000000115e68       0x18 binaries/ramread.o
                                         0x30 (size before relaxing)
 .eh_frame      0x0000000000115e80       0x18 binaries/ramwrite.o
                                         0x30 (size before relaxing)
 .eh_frame      0x0000000000115e98       0x2c binaries/lfdballoc.o
                                         0x44 (size before relaxing)
 .eh_frame      0x0000000000115ec4       0x24 binaries/lfdbfree.o
                                         0x3c (size before relaxing)
 .eh_frame      0x0000000000115ee8       0x24 binaries/lfflush.o
                                         0x3c (size before relaxing)
 .eh_frame      0x0000000000115f0c       0x14 binaries/lfgetmode.o
                                         0x2c (size before relaxing)
 .eh_frame      0x0000000000115f20       0x24 binaries/lfiballoc.o
                                         0x3c (size before relaxing)
 .eh_frame      0x0000000000115f44       0x14 binaries/lfibclear.o
                                         0x2c (size before relaxing)
 .eh_frame      0x0000000000115f58       0x40 binaries/lfibget.o
                                         0x58 (size before relaxing)
 .eh_frame      0x0000000000115f98       0x40 binaries/lfibput.o
                                         0x58 (size before relaxing)
 .eh_frame      0x0000000000115fd8       0x2c binaries/lflclose.o
                                         0x44 (size before relaxing)
 .eh_frame      0x0000000000116004       0x2c binaries/lflcontrol.o
                                         0x44 (size before relaxing)
 .eh_frame      0x0000000000116030       0x2c binaries/lflgetc.o
                                         0x44 (size before relaxing)
 .eh_frame      0x000000000011605c       0x24 binaries/lflinit.o
                                         0x3c (size before relaxing)
 .eh_frame      0x0000000000116080       0x34 binaries/lflputc.o
                                         0x4c (size before relaxing)
 .eh_frame      0x00000000001160b4       0x3c binaries/lflread.o
                                         0x54 (size before relaxing)
 .eh_frame      0x00000000001160f0       0x34 binaries/lflseek.o
                                         0x4c (size before relaxing)
 .eh_frame      0x0000000000116124       0x3c binaries/lflwrite.o
                                         0x54 (size before relaxing)
 .eh_frame      0x0000000000116160       0x40 binaries/lfsckfmt.o
                                         0x58 (size before relaxing)
 .eh_frame      0x00000000001161a0       0x40 binaries/lfscreate.o
                                         0x58 (size before relaxing)
 .eh_frame      0x00000000001161e0       0x40 binaries/lfsetup.o
                                         0x58 (size before relaxing)
 .eh_frame      0x0000000000116220       0x18 binaries/lfsinit.o
                                         0x30 (size before relaxing)
 .eh_frame      0x0000000000116238       0x40 binaries/lfsopen.o
                                         0x58 (size before relaxing)
 .eh_frame      0x0000000000116278       0x40 binaries/lftruncate.o
                                         0x58 (size before relaxing)
 .eh_frame      0x00000000001162b8       0x18 binaries/rflclose.o
                                         0x30 (size before relaxing)
 .eh_frame      0x00000000001162d0       0x18 binaries/rflgetc.o
                                         0x30 (size before relaxing)
 .eh_frame      0x00000000001162e8       0x14 binaries/rflinit.o
                                         0x2c (size before relaxing)
 .eh_frame      0x00000000001162fc       0x18 binaries/rflputc.o
                                         0x30 (size before relaxing)
 .eh_frame      0x0000000000116314       0x40 binaries/rflread.o
                                         0x58 (size before relaxing)
 .eh_frame      0x0000000000116354       0x18 binaries/rflseek.o
                                         0x30 (size before relaxing)
 .eh_frame      0x000000000011636c       0x40 binaries/rflwrite.o
                                         0x58 (size before relaxing)
 .eh_frame      0x00000000001163ac       0x40 binaries/rfscomm.o
                                         0x58 (size before relaxing)
 .eh_frame      0x00000000001163ec       0x2c binaries/rfscontrol.o
                                         0x44 (size before relaxing)
 .eh_frame      0x0000000000116418       0x14 binaries/rfsgetmode.o
                                         0x2c (size before relaxing)
 .eh_frame      0x000000000011642c       0x18 binaries/rfsinit.o
                                         0x30 (size before relaxing)
 .eh_frame      0x0000000000116444       0x1c binaries/rfsndmsg.o
                                         0x34 (size before relaxing)
 .eh_frame      0x0000000000116460       0x2c binaries/rfsopen.o
                                         0x44 (size before relaxing)
 .eh_frame      0x000000000011648c       0xf0 binaries/arp.o
                                        0x108 (size before relaxing)
 .eh_frame      0x000000000011657c       0xec binaries/dhcp.o
                                        0x104 (size before relaxing)
 .eh_frame      0x0000000000116668       0x38 binaries/dot2ip.o
                                         0x50 (size before relaxing)
 .eh_frame      0x00000000001166a0       0x74 binaries/hexdump.o
                                         0x8c (size before relaxing)
 .eh_frame      0x0000000000116714      0x1b8 binaries/icmp.o
                                        0x1d0 (size before relaxing)
 .eh_frame      0x00000000001168cc      0x130 binaries/ip.o
                                        0x148 (size before relaxing)
 .eh_frame      0x00000000001169fc       0x60 binaries/net.o
                                         0x78 (size before relaxing)
 .eh_frame      0x0000000000116a5c       0x24 binaries/netstart.o
                                         0x3c (size before relaxing)
 .eh_frame      0x0000000000116a80       0x48 binaries/pdump.o
                                         0x60 (size before relaxing)
 .eh_frame      0x0000000000116ac8       0x98 binaries/tftp.o
                                         0xb0 (size before relaxing)
 .eh_frame      0x0000000000116b60      0x1e8 binaries/udp.o
                                        0x200 (size before relaxing)
 .eh_frame      0x0000000000116d48       0x3c binaries/addargs.o
                                         0x54 (size before relaxing)
 .eh_frame      0x0000000000116d84       0x38 binaries/lexan.o
                                         0x50 (size before relaxing)
 .eh_frame      0x0000000000116dbc       0x40 binaries/shell.o
                                         0x58 (size before relaxing)
 .eh_frame      0x0000000000116dfc       0x34 binaries/xsh_argecho.o
[...]
 .comment       0x0000000000000000       0x2b binaries/net.o
 .comment       0x0000000000000000       0x2b binaries/netstart.o
 .comment       0x0000000000000000       0x2b binaries/pdump.o
 .comment       0x0000000000000000       0x2b binaries/tftp.o
 .comment       0x0000000000000000       0x2b binaries/udp.o
 .comment       0x0000000000000000       0x2b binaries/addargs.o
 .comment       0x0000000000000000       0x2b binaries/lexan.o
 .comment       0x0000000000000000       0x2b binaries/shell.o
 .comment       0x0000000000000000       0x2b binaries/xsh_argecho.o
 .comment       0x0000000000000000       0x2b binaries/xsh_arp.o
 .comment       0x0000000000000000       0x2b binaries/xsh_cat.o
 .comment       0x0000000000000000       0x2b binaries/xsh_clear.o
 .comment       0x0000000000000000       0x2b binaries/xsh_date.o
 .comment       0x0000000000000000       0x2b binaries/xsh_devdump.o
 .comment       0x0000000000000000       0x2b binaries/xsh_echo.o
 .comment       0x0000000000000000       0x2b binaries/xsh_exit.o
 .comment       0x0000000000000000       0x2b binaries/xsh_help.o
 .comment       0x0000000000000000       0x2b binaries/xsh_ipaddr.o
 .comment       0x0000000000000000       0x2b binaries/xsh_kill.o
 .comment       0x0000000000000000       0x2b binaries/xsh_memdump.o
 .comment       0x0000000000000000       0x2b binaries/xsh_memstat.o
 .comment       0x0000000000000000       0x2b binaries/xsh_ping.o
 .comment       0x0000000000000000       0x2b binaries/xsh_ps.o
 .comment       0x0000000000000000       0x2b binaries/xsh_sleep.o
 .comment       0x0000000000000000       0x2b binaries/xsh_udpdump.o
 .comment       0x0000000000000000       0x2b binaries/xsh_udpecho.o
 .comment       0x0000000000000000       0x2b binaries/xsh_udpeserver.o
 .comment       0x0000000000000000       0x2b binaries/xsh_uptime.o

.note.GNU-stack
                0x0000000000000000        0x0
 .note.GNU-stack
                0x0000000000000000        0x0 binaries/ascdate.o
 .note.GNU-stack
                0x0000000000000000        0x0 binaries/bufinit.o
 .note.GNU-stack
                0x0000000000000000        0x0 binaries/chprio.o
 .note.GNU-stack
                0x0000000000000000        0x0 binaries/clkhandler.o
 .note.GNU-stack
                0x0000000000000000        0x0 binaries/clkinit.o
 .note.GNU-stack
                0x0000000000000000        0x0 binaries/close.o
 .note.GNU-stack
                0x0000000000000000        0x0 binaries/conf.o
 .note.GNU-stack
                0x0000000000000000        0x0 binaries/control.o
 .note.GNU-stack
                0x0000000000000000        0x0 binaries/cpuintensive.o
 .note.GNU-stack
                0x0000000000000000        0x0 binaries/create.o
 .note.GNU-stack
                0x0000000000000000        0x0 binaries/early_imr.o
 .note.GNU-stack
                0x0000000000000000        0x0 binaries/evec.o
 .note.GNU-stack
                0x0000000000000000        0x0 binaries/freebuf.o
 .note.GNU-stack
                0x0000000000000000        0x0 binaries/freemem.o
 .note.GNU-stack
                0x0000000000000000        0x0 binaries/getbuf.o
 .note.GNU-stack
                0x0000000000000000        0x0 binaries/getc.o
 .note.GNU-stack
                0x0000000000000000        0x0 binaries/getdev.o
 .note.GNU-stack
                0x0000000000000000        0x0 binaries/getitem.o
 .note.GNU-stack
                0x0000000000000000        0x0 binaries/getmem.o
 .note.GNU-stack
                0x0000000000000000        0x0 binaries/getpid.o
 .note.GNU-stack
                0x0000000000000000        0x0 binaries/getprio.o
 .note.GNU-stack
                0x0000000000000000        0x0 binaries/getstk.o
 .note.GNU-stack
                0x0000000000000000        0x0 binaries/gettime.o
 .note.GNU-stack
                0x0000000000000000        0x0 binaries/getutime.o
 .note.GNU-stack
                0x0000000000000000        0x0 binaries/init.o
 .note.GNU-stack
                0x0000000000000000        0x0 binaries/initialize.o
 .note.GNU-stack
                0x0000000000000000        0x0 binaries/insert.o
 .note.GNU-stack
                0x0000000000000000        0x0 binaries/insertd.o
 .note.GNU-stack
                0x0000000000000000        0x0 binaries/ioerr.o
 .note.GNU-stack
                0x0000000000000000        0x0 binaries/iointensive.o
 .note.GNU-stack
                0x0000000000000000        0x0 binaries/ionull.o
 .note.GNU-stack
                0x0000000000000000        0x0 binaries/kill.o
 .note.GNU-stack
                0x0000000000000000        0x0 binaries/kprintf.o
 .note.GNU-stack
                0x0000000000000000        0x0 binaries/main.o
 .note.GNU-stack
                0x0000000000000000        0x0 binaries/mark.o
 .note.GNU-stack
                0x0000000000000000        0x0 binaries/meminit.o
 .note.GNU-stack
                0x0000000000000000        0x0 binaries/mkbufpool.o
 .note.GNU-stack
                0x0000000000000000        0x0 binaries/newqueue.o
 .note.GNU-stack
                0x0000000000000000        0x0 binaries/open.o
 .note.GNU-stack
                0x0000000000000000        0x0 binaries/panic.o
 .note.GNU-stack
                0x0000000000000000        0x0 binaries/pci.o
 .note.GNU-stack
                0x0000000000000000        0x0 binaries/platinit.o
 .note.GNU-stack
                0x0000000000000000        0x0 binaries/ptclear.o
 .note.GNU-stack
                0x0000000000000000        0x0 binaries/ptcount.o
 .note.GNU-stack
                0x0000000000000000        0x0 binaries/ptcreate.o
 .note.GNU-stack
                0x0000000000000000        0x0 binaries/ptdelete.o
 .note.GNU-stack
                0x0000000000000000        0x0 binaries/ptinit.o
 .note.GNU-stack
                0x0000000000000000        0x0 binaries/ptrecv.o
 .note.GNU-stack
                0x0000000000000000        0x0 binaries/ptreset.o
 .note.GNU-stack
                0x0000000000000000        0x0 binaries/ptsend.o
 .note.GNU-stack
                0x0000000000000000        0x0 binaries/putc.o
 .note.GNU-stack
                0x0000000000000000        0x0 binaries/quark_irq.o
 .note.GNU-stack
                0x0000000000000000        0x0 binaries/quark_pdat.o
 .note.GNU-stack
                0x0000000000000000        0x0 binaries/queue.o
 .note.GNU-stack
                0x0000000000000000        0x0 binaries/read.o
 .note.GNU-stack
                0x0000000000000000        0x0 binaries/ready.o
 .note.GNU-stack
                0x0000000000000000        0x0 binaries/receive.o
 .note.GNU-stack
                0x0000000000000000        0x0 binaries/recvclr.o
 .note.GNU-stack
                0x0000000000000000        0x0 binaries/recvtime.o
 .note.GNU-stack
                0x0000000000000000        0x0 binaries/resched.o
 .note.GNU-stack
                0x0000000000000000        0x0 binaries/resume.o
 .note.GNU-stack
                0x0000000000000000        0x0 binaries/seek.o
 .note.GNU-stack
                0x0000000000000000        0x0 binaries/semcount.o
 .note.GNU-stack
                0x0000000000000000        0x0 binaries/semcreate.o
 .note.GNU-stack
                0x0000000000000000        0x0 binaries/semdelete.o
 .note.GNU-stack
                0x0000000000000000        0x0 binaries/semreset.o
 .note.GNU-stack
                0x0000000000000000        0x0 binaries/send.o
 .note.GNU-stack
                0x0000000000000000        0x0 binaries/sendbt.o
 .note.GNU-stack
                0x0000000000000000        0x0 binaries/signal.o
 .note.GNU-stack
                0x0000000000000000        0x0 binaries/signaln.o
 .note.GNU-stack
                0x0000000000000000        0x0 binaries/sleep.o
 .note.GNU-stack
                0x0000000000000000        0x0 binaries/stacktrace.o
 .note.GNU-stack
                0x0000000000000000        0x0 binaries/suspend.o
 .note.GNU-stack
                0x0000000000000000        0x0 binaries/unsleep.o
 .note.GNU-stack
                0x0000000000000000        0x0 binaries/userret.o
 .note.GNU-stack
                0x0000000000000000        0x0 binaries/wait.o
 .note.GNU-stack
                0x0000000000000000        0x0 binaries/wakeup.o
 .note.GNU-stack
                0x0000000000000000        0x0 binaries/write.o
 .note.GNU-stack
                0x0000000000000000        0x0 binaries/xdone.o
 .note.GNU-stack
                0x0000000000000000        0x0 binaries/yield.o
 .note.GNU-stack
                0x0000000000000000        0x0 binaries/abs.o
 .note.GNU-stack
                0x0000000000000000        0x0 binaries/atoi.o
 .note.GNU-stack
                0x0000000000000000        0x0 binaries/atol.o
 .note.GNU-stack
                0x0000000000000000        0x0 binaries/bzero.o
 .note.GNU-stack
                0x0000000000000000        0x0 binaries/ctype_.o
 .note.GNU-stack
                0x0000000000000000        0x0 binaries/doprnt.o
 .note.GNU-stack
                0x0000000000000000        0x0 binaries/doscan.o
 .note.GNU-stack
                0x0000000000000000        0x0 binaries/fdoprnt.o
 .note.GNU-stack
                0x0000000000000000        0x0 binaries/fgetc.o
 .note.GNU-stack
                0x0000000000000000        0x0 binaries/fgets.o
 .note.GNU-stack
                0x0000000000000000        0x0 binaries/fprintf.o
 .note.GNU-stack
                0x0000000000000000        0x0 binaries/fputc.o
 .note.GNU-stack
                0x0000000000000000        0x0 binaries/fputs.o
 .note.GNU-stack
                0x0000000000000000        0x0 binaries/fscanf.o
 .note.GNU-stack
                0x0000000000000000        0x0 binaries/getchar.o
 .note.GNU-stack
                0x0000000000000000        0x0 binaries/labs.o
 .note.GNU-stack
                0x0000000000000000        0x0 binaries/memchr.o
 .note.GNU-stack
                0x0000000000000000        0x0 binaries/memcmp.o
 .note.GNU-stack
                0x0000000000000000        0x0 binaries/memcpy.o
 .note.GNU-stack
                0x0000000000000000        0x0 binaries/memset.o
 .note.GNU-stack
                0x0000000000000000        0x0 binaries/printf.o
 .note.GNU-stack
                0x0000000000000000        0x0 binaries/putchar.o
 .note.GNU-stack
                0x0000000000000000        0x0 binaries/qsort.o
 .note.GNU-stack
                0x0000000000000000        0x0 binaries/rand.o
 .note.GNU-stack
                0x0000000000000000        0x0 binaries/sprintf.o
 .note.GNU-stack
                0x0000000000000000        0x0 binaries/sscanf.o
 .note.GNU-stack
                0x0000000000000000        0x0 binaries/strchr.o
 .note.GNU-stack
                0x0000000000000000        0x0 binaries/strcmp.o
 .note.GNU-stack
                0x0000000000000000        0x0 binaries/strcpy.o
 .note.GNU-stack
                0x0000000000000000        0x0 binaries/strlen.o
 .note.GNU-stack
                0x0000000000000000        0x0 binaries/strncat.o
 .note.GNU-stack
                0x0000000000000000        0x0 binaries/strncmp.o
 .note.GNU-stack
                0x0000000000000000        0x0 binaries/strncpy.o
 .note.GNU-stack
                0x0000000000000000        0x0 binaries/strnlen.o
 .note.GNU-stack
                0x0000000000000000        0x0 binaries/strrchr.o
 .note.GNU-stack
                0x0000000000000000        0x0 binaries/strstr.o
 .note.GNU-stack
                0x0000000000000000        0x0 binaries/ttycontrol.o
 .note.GNU-stack
                0x0000000000000000        0x0 binaries/ttygetc.o
 .note.GNU-stack
                0x0000000000000000        0x0 binaries/ttyhandle_in.o
 .note.GNU-stack
                0x0000000000000000        0x0 binaries/ttyhandle_out.o
 .note.GNU-stack
                0x0000000000000000        0x0 binaries/ttyhandler.o
 .note.GNU-stack
                0x0000000000000000        0x0 binaries/ttyinit.o
 .note.GNU-stack
                0x0000000000000000        0x0 binaries/ttykickout.o
 .note.GNU-stack
                0x0000000000000000        0x0 binaries/ttyputc.o
 .note.GNU-stack
                0x0000000000000000        0x0 binaries/ttyread.o
 .note.GNU-stack
                0x0000000000000000        0x0 binaries/ttywrite.o
 .note.GNU-stack
                0x0000000000000000        0x0 binaries/mount.o
 .note.GNU-stack
                0x0000000000000000        0x0 binaries/naminit.o
 .note.GNU-stack
                0x0000000000000000        0x0 binaries/nammap.o
 .note.GNU-stack
                0x0000000000000000        0x0 binaries/namopen.o
 .note.GNU-stack
                0x0000000000000000        0x0 binaries/colon2mac.o
 .note.GNU-stack
                0x0000000000000000        0x0 binaries/ethcontrol.o
 .note.GNU-stack
                0x0000000000000000        0x0 binaries/ethhandler.o
 .note.GNU-stack
                0x0000000000000000        0x0 binaries/ethinit.o
 .note.GNU-stack
                0x0000000000000000        0x0 binaries/ethmcast.o
 .note.GNU-stack
                0x0000000000000000        0x0 binaries/ethread.o
 .note.GNU-stack
                0x0000000000000000        0x0 binaries/ethwrite.o
 .note.GNU-stack
                0x0000000000000000        0x0 binaries/rdsbufalloc.o
 .note.GNU-stack
                0x0000000000000000        0x0 binaries/rdsclose.o
 .note.GNU-stack
                0x0000000000000000        0x0 binaries/rdscomm.o
 .note.GNU-stack
                0x0000000000000000        0x0 binaries/rdscontrol.o
 .note.GNU-stack
                0x0000000000000000        0x0 binaries/rdsinit.o
 .note.GNU-stack
                0x0000000000000000        0x0 binaries/rdsopen.o
 .note.GNU-stack
                0x0000000000000000        0x0 binaries/rdsprocess.o
 .note.GNU-stack
                0x0000000000000000        0x0 binaries/rdsread.o
 .note.GNU-stack
                0x0000000000000000        0x0 binaries/rdswrite.o
 .note.GNU-stack
                0x0000000000000000        0x0 binaries/ramclose.o
 .note.GNU-stack
                0x0000000000000000        0x0 binaries/raminit.o
 .note.GNU-stack
                0x0000000000000000        0x0 binaries/ramopen.o
 .note.GNU-stack
                0x0000000000000000        0x0 binaries/ramread.o
 .note.GNU-stack
                0x0000000000000000        0x0 binaries/ramwrite.o
 .note.GNU-stack
                0x0000000000000000        0x0 binaries/lfdballoc.o
 .note.GNU-stack
                0x0000000000000000        0x0 binaries/lfdbfree.o
 .note.GNU-stack
                0x0000000000000000        0x0 binaries/lfflush.o
 .note.GNU-stack
                0x0000000000000000        0x0 binaries/lfgetmode.o
 .note.GNU-stack
                0x0000000000000000        0x0 binaries/lfiballoc.o
 .note.GNU-stack
                0x0000000000000000        0x0 binaries/lfibclear.o
 .note.GNU-stack
                0x0000000000000000        0x0 binaries/lfibget.o
 .note.GNU-stack
                0x0000000000000000        0x0 binaries/lfibput.o
 .note.GNU-stack
                0x0000000000000000        0x0 binaries/lflclose.o
 .note.GNU-stack
                0x0000000000000000        0x0 binaries/lflcontrol.o
 .note.GNU-stack
                0x0000000000000000        0x0 binaries/lflgetc.o
 .note.GNU-stack
                0x0000000000000000        0x0 binaries/lflinit.o
 .note.GNU-stack
                0x0000000000000000        0x0 binaries/lflputc.o
 .note.GNU-stack
                0x0000000000000000        0x0 binaries/lflread.o
 .note.GNU-stack
                0x0000000000000000        0x0 binaries/lflseek.o
 .note.GNU-stack
                0x0000000000000000        0x0 binaries/lflwrite.o
 .note.GNU-stack
                0x0000000000000000        0x0 binaries/lfsckfmt.o
 .note.GNU-stack
                0x0000000000000000        0x0 binaries/lfscreate.o
 .note.GNU-stack
                0x0000000000000000        0x0 binaries/lfsetup.o
 .note.GNU-stack
                0x0000000000000000        0x0 binaries/lfsinit.o
 .note.GNU-stack
                0x0000000000000000        0x0 binaries/lfsopen.o
 .note.GNU-stack
                0x0000000000000000        0x0 binaries/lftruncate.o
 .note.GNU-stack
                0x0000000000000000        0x0 binaries/rflclose.o
 .note.GNU-stack
                0x0000000000000000        0x0 binaries/rflgetc.o
 .note.GNU-stack
                0x0000000000000000        0x0 binaries/rflinit.o
 .note.GNU-stack
                0x0000000000000000        0x0 binaries/rflputc.o
 .note.GNU-stack
                0x0000000000000000        0x0 binaries/rflread.o
 .note.GNU-stack
                0x0000000000000000        0x0 binaries/rflseek.o
 .note.GNU-stack
                0x0000000000000000        0x0 binaries/rflwrite.o
 .note.GNU-stack
                0x0000000000000000        0x0 binaries/rfscomm.o
 .note.GNU-stack
                0x0000000000000000        0x0 binaries/rfscontrol.o
 .note.GNU-stack
                0x0000000000000000        0x0 binaries/rfsgetmode.o
 .note.GNU-stack
                0x0000000000000000        0x0 binaries/rfsinit.o
 .note.GNU-stack
                0x0000000000000000        0x0 binaries/rfsndmsg.o
 .note.GNU-stack
                0x0000000000000000        0x0 binaries/rfsopen.o
 .note.GNU-stack
                0x0000000000000000        0x0 binaries/arp.o
 .note.GNU-stack
                0x0000000000000000        0x0 binaries/dhcp.o
 .note.GNU-stack
                0x0000000000000000        0x0 binaries/dot2ip.o
 .note.GNU-stack
                0x0000000000000000        0x0 binaries/hexdump.o
 .note.GNU-stack
                0x0000000000000000        0x0 binaries/icmp.o
 .note.GNU-stack
                0x0000000000000000        0x0 binaries/ip.o
 .note.GNU-stack
                0x0000000000000000        0x0 binaries/net.o
 .note.GNU-stack
                0x0000000000000000        0x0 binaries/netstart.o
 .note.GNU-stack
                0x0000000000000000        0x0 binaries/pdump.o
 .note.GNU-stack
                0x0000000000000000        0x0 binaries/tftp.o
 .note.GNU-stack
                0x0000000000000000        0x0 binaries/udp.o
 .note.GNU-stack
                0x0000000000000000        0x0 binaries/addargs.o
 .note.GNU-stack
                0x0000000000000000        0x0 binaries/lexan.o
 .note.GNU-stack
                0x0000000000000000        0x0 binaries/shell.o
 .note.GNU-stack
                0x0000000000000000        0x0 binaries/xsh_argecho.o
 .note.GNU-stack
                0x0000000000000000        0x0 binaries/xsh_arp.o
 .note.GNU-stack
                0x0000000000000000        0x0 binaries/xsh_cat.o
 .note.GNU-stack
                0x0000000000000000        0x0 binaries/xsh_clear.o
 .note.GNU-stack
                0x0000000000000000        0x0 binaries/xsh_date.o
 .note.GNU-stack
                0x0000000000000000        0x0 binaries/xsh_devdump.o
 .note.GNU-stack
                0x0000000000000000        0x0 binaries/xsh_echo.o
 .note.GNU-stack
                0x0000000000000000        0x0 binaries/xsh_exit.o
 .note.GNU-stack
                0x0000000000000000        0x0 binaries/xsh_help.o
 .note.GNU-stack
                0x0000000000000000        0x0 binaries/xsh_ipaddr.o
 .note.GNU-stack
                0x0000000000000000        0x0 binaries/xsh_kill.o
 .note.GNU-stack
                0x0000000000000000        0x0 binaries/xsh_memdump.o
 .note.GNU-stack
                0x0000000000000000        0x0 binaries/xsh_memstat.o
 .note.GNU-stack
                0x0000000000000000        0x0 binaries/xsh_ping.o
 .note.GNU-stack
                0x0000000000000000        0x0 binaries/xsh_ps.o
 .note.GNU-stack
                0x0000000000000000        0x0 binaries/xsh_sleep.o
 .note.GNU-stack
                0x0000000000000000        0x0 binaries/xsh_udpdump.o
 .note.GNU-stack
                0x0000000000000000        0x0 binaries/xsh_udpecho.o
 .note.GNU-stack
                0x0000000000000000        0x0 binaries/xsh_udpeserver.o
 .note.GNU-stack
                0x0000000000000000        0x0 binaries/xsh_uptime.o
