
Allocating common symbols
Common symbol       size              file

netbufpool          0x4               binaries/net.o
readylist           0x2               binaries/ready.o
rfltab              0x5a0             binaries/rflinit.o
sleepq              0x2               binaries/clkinit.o
nnames              0x4               binaries/naminit.o
udptab              0x168             binaries/udp.o
minheap             0x4               binaries/meminit.o
marks               0x50              binaries/mark.o
currpid             0x4               binaries/initialize.o
Lf_data             0x20c             binaries/lfsinit.o
porttab             0x2d0             binaries/ptinit.o
girmask             0x2               binaries/evec.o
ttytab              0x10c             binaries/ttyinit.o
proctab             0x1900            binaries/initialize.o
prcount             0x4               binaries/initialize.o
lfltab              0xf00             binaries/lflinit.o
rdstab              0x8c              binaries/rdsinit.o
ethertab            0x138             binaries/ethinit.o
NetData             0xa8              binaries/net.o
nmarks              0x4               binaries/mark.o
multiqueue          0x78              binaries/ready.o
sendtab             0x960             binaries/sendQueue.o
Defer               0x8               binaries/resched.o
semtab              0x4b0             binaries/initialize.o
maxheap             0x4               binaries/meminit.o
preempt             0x4               binaries/clkinit.o
buftab              0xf0              binaries/bufinit.o
Rf_data             0x18              binaries/rfsinit.o
mkmutex             0x4               binaries/mark.o
clktime             0x4               binaries/clkinit.o
arpcache            0x140             binaries/arp.o
icmptab             0x230             binaries/icmp.o
nbpools             0x4               binaries/bufinit.o
queuetab            0xd40             binaries/queue.o
ptnextid            0x4               binaries/ptinit.o
Ram                 0x19000           binaries/raminit.o
ipoqueue            0x2c              binaries/ip.o
memlist             0x8               binaries/initialize.o
nametab             0x19a0            binaries/naminit.o
ptfree              0x4               binaries/ptinit.o

Memory Configuration

Name             Origin             Length             Attributes
*default*        0x0000000000000000 0xffffffffffffffff

Linker script and memory map

                0x0000000000100000                physbase = 0x100000
                0x0000000000100000                . = physbase
                0x0000000000100000                . = ALIGN (0x1000)

.text           0x0000000000100000    0x14000
                0x0000000000100000                text = ABSOLUTE (.)
 *(.text .text.*)
 .text          0x0000000000100000      0x1ac binaries/start.o
                0x0000000000100028                start
                0x00000000001000fa                inb
                0x0000000000100102                inw
                0x000000000010010b                inl
                0x0000000000100113                outb
                0x000000000010011d                outw
                0x0000000000100128                outl
                0x0000000000100132                _rtcin
                0x000000000010013d                ___udivsi3
                0x0000000000100148                ___divsi3
                0x0000000000100154                sbzero
                0x0000000000100164                bcopy
                0x0000000000100178                insw
                0x000000000010018e                outsw
                0x00000000001001a4                lidt
 .text          0x00000000001001ac      0x2f6 binaries/ascdate.o
                0x00000000001001ac                ascdate
 .text          0x00000000001004a2       0x10 binaries/bufinit.o
                0x00000000001004a2                bufinit
 .text          0x00000000001004b2       0x58 binaries/chprio.o
                0x00000000001004b2                chprio
 .text          0x000000000010050a       0x9a binaries/clkhandler.o
                0x000000000010050a                clkhandler
 .text          0x00000000001005a4       0x8a binaries/clkinit.o
                0x00000000001005a4                clkinit
 .text          0x000000000010062e       0x4e binaries/close.o
                0x000000000010062e                close
 .text          0x000000000010067c        0x0 binaries/conf.o
 .text          0x000000000010067c       0x66 binaries/control.o
                0x000000000010067c                control
 .text          0x00000000001006e2       0x64 binaries/cpuintensive.o
                0x00000000001006e2                cpuintensive
 .text          0x0000000000100746      0x1e9 binaries/create.o
                0x0000000000100746                create
 .text          0x000000000010092f      0x2b9 binaries/early_imr.o
                0x000000000010092f                intel_cln_early_sb_read_reg
                0x0000000000100996                intel_cln_early_sb_write_reg
                0x0000000000100aa6                remove_irm_protections
 .text          0x0000000000100be8      0x364 binaries/evec.o
                0x0000000000100be8                setirmask
                0x0000000000100c26                set_evec
                0x0000000000100c83                initevec
                0x0000000000100d93                trap
 .text          0x0000000000100f4c       0x67 binaries/freebuf.o
                0x0000000000100f4c                freebuf
 .text          0x0000000000100fb3       0xeb binaries/freemem.o
                0x0000000000100fb3                freemem
 .text          0x000000000010109e       0x64 binaries/getbuf.o
                0x000000000010109e                getbuf
 .text          0x0000000000101102       0x4e binaries/getc.o
                0x0000000000101102                getc
 .text          0x0000000000101150       0x60 binaries/getdev.o
                0x0000000000101150                getdev
 .text          0x00000000001011b0       0x83 binaries/getitem.o
                0x00000000001011b0                getitem
                0x00000000001011dc                getfirst
                0x0000000000101205                getlast
 .text          0x0000000000101233       0xb2 binaries/getmem.o
                0x0000000000101233                getmem
 .text          0x00000000001012e5        0x6 binaries/getpid.o
                0x00000000001012e5                getpid
 .text          0x00000000001012eb       0x4a binaries/getprio.o
                0x00000000001012eb                getprio
 .text          0x0000000000101335       0x9a binaries/getstk.o
                0x0000000000101335                getstk
 .text          0x00000000001013cf       0x34 binaries/gettime.o
                0x00000000001013cf                gettime
 .text          0x0000000000101403      0x1a6 binaries/getutime.o
                0x0000000000101403                getutime
 .text          0x00000000001015a9       0x4e binaries/init.o
                0x00000000001015a9                init
 .text          0x00000000001015f7      0x28b binaries/initialize.o
                0x00000000001015f7                nulluser
                0x000000000010183a                stop
                0x000000000010185f                delay
 .text          0x0000000000101882       0x97 binaries/insert.o
                0x0000000000101882                insert
 .text          0x0000000000101919       0xe0 binaries/insertd.o
                0x0000000000101919                insertd
 .text          0x00000000001019f9        0x6 binaries/ioerr.o
                0x00000000001019f9                ioerr
 .text          0x00000000001019ff       0x72 binaries/iointensive.o
                0x00000000001019ff                iointensive
 .text          0x0000000000101a71        0x6 binaries/ionull.o
                0x0000000000101a71                ionull
 .text          0x0000000000101a77      0x17e binaries/kill.o
                0x0000000000101a77                kill
 .text          0x0000000000101bf5       0xc9 binaries/kprintf.o
                0x0000000000101bf5                kputc
                0x0000000000101c24                console_init
                0x0000000000101c63                kgetc
                0x0000000000101c85                kprintf
 .text          0x0000000000101cbe      0x294 binaries/main.o
                0x0000000000101cbe                main
 .text          0x0000000000101f52       0x93 binaries/mark.o
                0x0000000000101f52                markinit
                0x0000000000101f74                mark
 .text          0x0000000000101fe5      0x1d1 binaries/meminit.o
                0x0000000000101fe5                meminit
                0x000000000010213f                setsegs
 .text          0x00000000001021b6      0x117 binaries/mkbufpool.o
                0x00000000001021b6                mkbufpool
 .text          0x00000000001022cd       0x5e binaries/newqueue.o
                0x00000000001022cd                newqueue
 .text          0x000000000010232b       0x5e binaries/open.o
                0x000000000010232b                open
 .text          0x0000000000102389       0x1e binaries/panic.o
                0x0000000000102389                panic
 .text          0x00000000001023a7      0x26e binaries/pci.o
                0x00000000001023a7                pci_init
                0x00000000001023ad                find_pci_device
                0x0000000000102463                pci_read_config_byte
                0x000000000010249e                pci_read_config_word
                0x00000000001024db                pci_read_config_dword
                0x0000000000102516                pci_write_config_byte
                0x000000000010254f                pci_write_config_word
                0x0000000000102589                pci_write_config_dword
                0x00000000001025c2                pci_get_dev_mmio_base_addr
 .text          0x0000000000102615       0x59 binaries/platinit.o
                0x0000000000102615                platinit
 .text          0x000000000010266e       0xa3 binaries/ptclear.o
                0x000000000010266e                _ptclear
 .text          0x0000000000102711       0x6e binaries/ptcount.o
                0x0000000000102711                ptcount
 .text          0x000000000010277f       0xc0 binaries/ptcreate.o
                0x000000000010277f                ptcreate
 .text          0x000000000010283f       0x66 binaries/ptdelete.o
                0x000000000010283f                ptdelete
 .text          0x00000000001028a5       0x89 binaries/ptinit.o
                0x00000000001028a5                ptinit
 .text          0x000000000010292e       0xb5 binaries/ptrecv.o
                0x000000000010292e                ptrecv
 .text          0x00000000001029e3       0x60 binaries/ptreset.o
                0x00000000001029e3                ptreset
 .text          0x0000000000102a43       0xd0 binaries/ptsend.o
                0x0000000000102a43                ptsend
 .text          0x0000000000102b13       0x5d binaries/putc.o
                0x0000000000102b13                putc
 .text          0x0000000000102b70       0xd5 binaries/quark_irq.o
                0x0000000000102b70                quark_irq_routing
 .text          0x0000000000102c45      0x1c9 binaries/quark_pdat.o
                0x0000000000102c45                get_quark_pdat_entry_data_by_id
                0x0000000000102d26                get_quark_pdat_entry_data_by_desc
 .text          0x0000000000102e0e       0xa6 binaries/queue.o
                0x0000000000102e0e                enqueue
                0x0000000000102e6d                dequeue
 .text          0x0000000000102eb4       0x5e binaries/read.o
                0x0000000000102eb4                read
 .text          0x0000000000102f12       0x60 binaries/ready.o
                0x0000000000102f12                ready
 .text          0x0000000000102f72       0x9e binaries/receive.o
                0x0000000000102f72                receive
 .text          0x0000000000103010       0x39 binaries/recvclr.o
                0x0000000000103010                recvclr
 .text          0x0000000000103049       0xf9 binaries/recvtime.o
                0x0000000000103049                recvtime
 .text          0x0000000000103142      0x174 binaries/resched.o
                0x0000000000103142                resched
                0x0000000000103243                resched_cntl
 .text          0x00000000001032b6       0x75 binaries/resume.o
                0x00000000001032b6                resume
 .text          0x000000000010332b       0x56 binaries/seek.o
                0x000000000010332b                seek
 .text          0x0000000000103381       0x47 binaries/semcount.o
                0x0000000000103381                semcount
 .text          0x00000000001033c8       0x8d binaries/semcreate.o
                0x00000000001033c8                semcreate
 .text          0x0000000000103455       0xa8 binaries/semdelete.o
                0x0000000000103455                semdelete
 .text          0x00000000001034fd       0x95 binaries/semreset.o
                0x00000000001034fd                semreset
 .text          0x0000000000103592       0xa2 binaries/send.o
                0x0000000000103592                send
 .text          0x0000000000103634      0x178 binaries/sendQueue.o
                0x0000000000103634                sendGetitem
                0x0000000000103660                sendGetfirst
                0x0000000000103689                sendEnqueue
                0x00000000001036e8                sendDequeue
                0x000000000010372f                sendNewqueue
                0x000000000010378d                emptySendQueue
 .text          0x00000000001037ac      0x1b5 binaries/sendbt.o
                0x00000000001037ac                sendbt
 .text          0x0000000000103961       0x7c binaries/signal.o
                0x0000000000103961                signal
 .text          0x00000000001039dd       0xa8 binaries/signaln.o
                0x00000000001039dd                signaln
 .text          0x0000000000103a85       0xcb binaries/sleep.o
                0x0000000000103a85                sleepms
                0x0000000000103b1e                sleep
 .text          0x0000000000103b50      0x16c binaries/stacktrace.o
                0x0000000000103b50                stacktrace
 .text          0x0000000000103cbc       0xc0 binaries/suspend.o
                0x0000000000103cbc                suspend
 .text          0x0000000000103d7c       0x99 binaries/unsleep.o
                0x0000000000103d7c                unsleep
 .text          0x0000000000103e15       0x14 binaries/userret.o
                0x0000000000103e15                userret
 .text          0x0000000000103e29       0xb2 binaries/wait.o
                0x0000000000103e29                wait
 .text          0x0000000000103edb       0x71 binaries/wakeup.o
                0x0000000000103edb                wakeup
 .text          0x0000000000103f4c       0x5e binaries/write.o
                0x0000000000103f4c                write
 .text          0x0000000000103faa       0x18 binaries/xdone.o
                0x0000000000103faa                xdone
 .text          0x0000000000103fc2       0x43 binaries/yield.o
                0x0000000000103fc2                yield
 .text          0x0000000000104005        0xe binaries/abs.o
                0x0000000000104005                abs
 .text          0x0000000000104013       0x70 binaries/atoi.o
                0x0000000000104013                atoi
 .text          0x0000000000104083       0x70 binaries/atol.o
                0x0000000000104083                atol
 .text          0x00000000001040f3       0x18 binaries/bzero.o
                0x00000000001040f3                bzero
 .text          0x000000000010410b        0x0 binaries/ctype_.o
 .text          0x000000000010410b      0x716 binaries/doprnt.o
                0x0000000000104259                _doprnt
 .text          0x0000000000104821      0x631 binaries/doscan.o
                0x0000000000104821                _doscan
 .text          0x0000000000104e52      0x70a binaries/fdoprnt.o
                0x0000000000104ed2                _fdoprnt
 .text          0x000000000010555c       0x1c binaries/fgetc.o
                0x000000000010555c                fgetc
 .text          0x0000000000105578       0x5e binaries/fgets.o
                0x0000000000105578                fgets
 .text          0x00000000001055d6       0x30 binaries/fprintf.o
                0x00000000001055d6                fprintf
 .text          0x0000000000105606       0x29 binaries/fputc.o
                0x0000000000105606                fputc
 .text          0x000000000010562f       0x3a binaries/fputs.o
                0x000000000010562f                fputs
 .text          0x0000000000105669       0x7a binaries/fscanf.o
                0x00000000001056a0                fscanf
 .text          0x00000000001056e3       0x1e binaries/getchar.o
                0x00000000001056e3                getchar
 .text          0x0000000000105701        0xe binaries/labs.o
                0x0000000000105701                labs
 .text          0x000000000010570f       0x32 binaries/memchr.o
                0x000000000010570f                memchr
 .text          0x0000000000105741       0x4a binaries/memcmp.o
                0x0000000000105741                memcmp
 .text          0x000000000010578b       0x25 binaries/memcpy.o
                0x000000000010578b                memcpy
 .text          0x00000000001057b0       0x1e binaries/memset.o
                0x00000000001057b0                memset
 .text          0x00000000001057ce       0x3c binaries/printf.o
                0x00000000001057ce                printf
 .text          0x000000000010580a       0x26 binaries/putchar.o
                0x000000000010580a                putchar
 .text          0x0000000000105830      0x1cb binaries/qsort.o
                0x00000000001059d0                qsort
 .text          0x00000000001059fb       0x44 binaries/rand.o
                0x00000000001059fb                srand
                0x0000000000105a05                rand
 .text          0x0000000000105a3f       0x55 binaries/sprintf.o
                0x0000000000105a56                sprintf
 .text          0x0000000000105a94       0x6c binaries/sscanf.o
                0x0000000000105abd                sscanf
 .text          0x0000000000105b00       0x33 binaries/strchr.o
                0x0000000000105b00                strchr
 .text          0x0000000000105b33       0x43 binaries/strcmp.o
                0x0000000000105b33                strcmp
 .text          0x0000000000105b76       0x1a binaries/strcpy.o
                0x0000000000105b76                strcpy
 .text          0x0000000000105b90       0x1c binaries/strlen.o
                0x0000000000105b90                strlen
 .text          0x0000000000105bac       0x3b binaries/strncat.o
                0x0000000000105bac                strncat
 .text          0x0000000000105be7       0x3a binaries/strncmp.o
                0x0000000000105be7                strncmp
 .text          0x0000000000105c21       0x58 binaries/strncpy.o
                0x0000000000105c21                strncpy
 .text          0x0000000000105c79       0x2e binaries/strnlen.o
                0x0000000000105c79                strnlen
 .text          0x0000000000105ca7       0x30 binaries/strrchr.o
                0x0000000000105ca7                strrchr
 .text          0x0000000000105cd7       0x6e binaries/strstr.o
                0x0000000000105cd7                strstr
 .text          0x0000000000105d45       0xbb binaries/ttycontrol.o
                0x0000000000105d45                ttycontrol
 .text          0x0000000000105e00       0x7b binaries/ttygetc.o
                0x0000000000105e00                ttygetc
 .text          0x0000000000105e7b      0x469 binaries/ttyhandle_in.o
                0x0000000000105f30                ttyhandle_in
 .text          0x00000000001062e4      0x164 binaries/ttyhandle_out.o
                0x00000000001062e4                ttyhandle_out
 .text          0x0000000000106448       0x83 binaries/ttyhandler.o
                0x0000000000106448                ttyhandler
 .text          0x00000000001064cb      0x14e binaries/ttyinit.o
                0x00000000001064cb                ttyinit
 .text          0x0000000000106619        0xc binaries/ttykickout.o
                0x0000000000106619                ttykickout
 .text          0x0000000000106625       0x93 binaries/ttyputc.o
                0x0000000000106625                ttyputc
 .text          0x00000000001066b8       0xe2 binaries/ttyread.o
                0x00000000001066b8                ttyread
 .text          0x000000000010679a       0x4d binaries/ttywrite.o
                0x000000000010679a                ttywrite
 .text          0x00000000001067e7      0x10d binaries/mount.o
                0x00000000001067e7                namlen
                0x000000000010681f                mount
 .text          0x00000000001068f4      0x1d5 binaries/naminit.o
                0x00000000001068f4                naminit
 .text          0x0000000000106ac9      0x203 binaries/nammap.o
                0x0000000000106ac9                namrepl
                0x0000000000106bdc                namcpy
                0x0000000000106c29                nammap
 .text          0x0000000000106ccc       0x58 binaries/namopen.o
                0x0000000000106ccc                namopen
 .text          0x0000000000106d24       0xd0 binaries/colon2mac.o
                0x0000000000106d24                colon2mac
 .text          0x0000000000106df4       0x7b binaries/ethcontrol.o
                0x0000000000106df4                ethcontrol
 .text          0x0000000000106e6f       0xfa binaries/ethhandler.o
                0x0000000000106e6f                ethhandler
 .text          0x0000000000106f69      0x4cf binaries/ethinit.o
                0x0000000000106f69                eth_phy_read
                0x0000000000106fa8                eth_phy_write
                0x0000000000106fea                eth_phy_reset
                0x00000000001070e6                ethinit
 .text          0x0000000000107438      0x11a binaries/ethmcast.o
                0x0000000000107438                ethmcast_add
                0x000000000010748b                ethmcast_remove
 .text          0x0000000000107552      0x156 binaries/ethread.o
                0x0000000000107552                ethread
 .text          0x00000000001076a8       0xa3 binaries/ethwrite.o
                0x00000000001076a8                ethwrite
 .text          0x000000000010774b       0x62 binaries/rdsbufalloc.o
                0x000000000010774b                rdsbufalloc
 .text          0x00000000001077ad       0x7f binaries/rdsclose.o
                0x00000000001077ad                rdsclose
 .text          0x000000000010782c      0x200 binaries/rdscomm.o
                0x000000000010782c                rdscomm
 .text          0x0000000000107a2c      0x194 binaries/rdscontrol.o
                0x0000000000107a2c                rdscontrol
 .text          0x0000000000107bc0      0x17e binaries/rdsinit.o
                0x0000000000107bc0                rdsinit
 .text          0x0000000000107d3e      0x15f binaries/rdsopen.o
                0x0000000000107d3e                rdsopen
 .text          0x0000000000107e9d      0x2d8 binaries/rdsprocess.o
                0x0000000000107e9d                rdsprocess
 .text          0x0000000000108175      0x18a binaries/rdsread.o
                0x0000000000108175                rdsread
 .text          0x00000000001082ff      0x141 binaries/rdswrite.o
                0x00000000001082ff                rdswrite
 .text          0x0000000000108440        0x6 binaries/ramclose.o
                0x0000000000108440                ramclose
 .text          0x0000000000108446       0x44 binaries/raminit.o
                0x0000000000108446                raminit
 .text          0x000000000010848a        0x7 binaries/ramopen.o
                0x000000000010848a                ramopen
 .text          0x0000000000108491       0x30 binaries/ramread.o
                0x0000000000108491                ramread
 .text          0x00000000001084c1       0x30 binaries/ramwrite.o
                0x00000000001084c1                ramwrite
 .text          0x00000000001084f1       0x91 binaries/lfdballoc.o
                0x00000000001084f1                lfdballoc
 .text          0x0000000000108582       0x5d binaries/lfdbfree.o
                0x0000000000108582                lfdbfree
 .text          0x00000000001085df       0xaa binaries/lfflush.o
                0x00000000001085df                lfflush
 .text          0x0000000000108689       0x7a binaries/lfgetmode.o
                0x0000000000108689                lfgetmode
 .text          0x0000000000108703       0x68 binaries/lfiballoc.o
                0x0000000000108703                lfiballoc
 .text          0x000000000010876b       0x25 binaries/lfibclear.o
                0x000000000010876b                lfibclear
 .text          0x0000000000108790       0x7a binaries/lfibget.o
                0x0000000000108790                lfibget
 .text          0x000000000010880a       0xa0 binaries/lfibput.o
                0x000000000010880a                lfibput
 .text          0x00000000001088aa       0x76 binaries/lflclose.o
                0x00000000001088aa                lflclose
 .text          0x0000000000108920       0xa2 binaries/lflcontrol.o
                0x0000000000108920                lflcontrol
 .text          0x00000000001089c2       0x9e binaries/lflgetc.o
                0x00000000001089c2                lflgetc
 .text          0x0000000000108a60       0xb8 binaries/lflinit.o
                0x0000000000108a60                lflinit
 .text          0x0000000000108b18       0xba binaries/lflputc.o
                0x0000000000108b18                lflputc
 .text          0x0000000000108bd2       0x6a binaries/lflread.o
                0x0000000000108bd2                lflread
 .text          0x0000000000108c3c       0x82 binaries/lflseek.o
                0x0000000000108c3c                lflseek
 .text          0x0000000000108cbe       0x56 binaries/lflwrite.o
                0x0000000000108cbe                lflwrite
 .text          0x0000000000108d14      0x129 binaries/lfsckfmt.o
                0x0000000000108d14                lfsckfmt
 .text          0x0000000000108e3d      0x1d9 binaries/lfscreate.o
                0x0000000000108e3d                lfscreate
 .text          0x0000000000109016      0x1aa binaries/lfsetup.o
                0x0000000000109016                lfsetup
 .text          0x00000000001091c0       0x51 binaries/lfsinit.o
                0x00000000001091c0                lfsinit
 .text          0x0000000000109211      0x2ad binaries/lfsopen.o
                0x0000000000109211                lfsopen
 .text          0x00000000001094be      0x11c binaries/lftruncate.o
                0x00000000001094be                lftruncate
 .text          0x00000000001095da       0x5a binaries/rflclose.o
                0x00000000001095da                rflclose
 .text          0x0000000000109634       0x34 binaries/rflgetc.o
                0x0000000000109634                rflgetc
 .text          0x0000000000109668       0x4b binaries/rflinit.o
                0x0000000000109668                rflinit
 .text          0x00000000001096b3       0x3a binaries/rflputc.o
                0x00000000001096b3                rflputc
 .text          0x00000000001096ed      0x296 binaries/rflread.o
                0x00000000001096ed                rflread
 .text          0x0000000000109983       0x60 binaries/rflseek.o
                0x0000000000109983                rflseek
 .text          0x00000000001099e3      0x2b3 binaries/rflwrite.o
                0x00000000001099e3                rflwrite
 .text          0x0000000000109c96      0x17f binaries/rfscomm.o
                0x0000000000109c96                rfscomm
 .text          0x0000000000109e15      0x24a binaries/rfscontrol.o
                0x0000000000109e15                rfscontrol
 .text          0x000000000010a05f       0x7a binaries/rfsgetmode.o
                0x000000000010a05f                rfsgetmode
 .text          0x000000000010a0d9       0x76 binaries/rfsinit.o
                0x000000000010a0d9                rfsinit
 .text          0x000000000010a14f       0xbb binaries/rfsndmsg.o
                0x000000000010a14f                rfsndmsg
 .text          0x000000000010a20a      0x229 binaries/rfsopen.o
                0x000000000010a20a                rfsopen
 .text          0x000000000010a433      0x64d binaries/arp.o
                0x000000000010a433                arp_init
                0x000000000010a44b                arp_alloc
                0x000000000010a4fb                arp_ntoh
                0x000000000010a565                arp_hton
                0x000000000010a5cf                arp_resolve
                0x000000000010a84e                arp_in
 .text          0x000000000010aa80      0x614 binaries/dhcp.o
                0x000000000010aa80                dhcp_get_opt_val
                0x000000000010aad3                dhcp_bld_bootp_msg
                0x000000000010abd3                dhcp_bld_disc
                0x000000000010ac25                dhcp_bld_req
                0x000000000010acc3                getlocalip
 .text          0x000000000010b094       0xcb binaries/dot2ip.o
                0x000000000010b094                dot2ip
 .text          0x000000000010b15f      0x366 binaries/hexdump.o
                0x000000000010b15f                hexdump
                0x000000000010b28e                hexadump
 .text          0x000000000010b4c5      0x5ef binaries/icmp.o
                0x000000000010b4c5                icmp_init
                0x000000000010b4dd                icmp_register
                0x000000000010b58f                icmp_recv
                0x000000000010b6e4                icmp_mkpkt
                0x000000000010b7be                icmp_in
                0x000000000010b8f6                icmp_send
                0x000000000010b972                icmp_release
                0x000000000010ba2e                icmp_cksum
                0x000000000010ba8c                icmp_hton
                0x000000000010baa0                icmp_ntoh
 .text          0x000000000010bab4      0x567 binaries/ip.o
                0x000000000010bab4                ip_local
                0x000000000010bae8                ipcksum
                0x000000000010bb39                ip_ntoh
                0x000000000010bba3                ip_in
                0x000000000010bc98                ip_hton
                0x000000000010bd02                ip_out
                0x000000000010bdb6                ip_send
                0x000000000010beb3                ipout
                0x000000000010bf8f                ip_enqueue
 .text          0x000000000010c01b      0x1d3 binaries/net.o
                0x000000000010c01b                net_init
                0x000000000010c156                eth_hton
                0x000000000010c160                eth_ntoh
                0x000000000010c16a                netin
 .text          0x000000000010c1ee       0xd3 binaries/netstart.o
                0x000000000010c1ee                netstart
 .text          0x000000000010c2c1      0xb3f binaries/pdump.o
                0x000000000010c2c1                pdump
                0x000000000010c92e                pdumph
 .text          0x000000000010ce00      0x5db binaries/tftp.o
                0x000000000010ce00                tftp_send1
                0x000000000010cf33                tftpget_mb
                0x000000000010d39e                tftpget
 .text          0x000000000010d3db      0x7d8 binaries/udp.o
                0x000000000010d3db                udp_init
                0x000000000010d418                udp_in
                0x000000000010d4d1                udp_register
                0x000000000010d5bf                udp_recv
                0x000000000010d6d6                udp_recvaddr
                0x000000000010d804                udp_send
                0x000000000010d97f                udp_sendto
                0x000000000010dacf                udp_release
                0x000000000010db8b                udp_ntoh
                0x000000000010db9f                udp_hton
 .text          0x000000000010dbb3       0xfb binaries/addargs.o
                0x000000000010dbb3                addargs
 .text          0x000000000010dcae      0x1f8 binaries/lexan.o
                0x000000000010dcae                lexan
 .text          0x000000000010dea6      0x634 binaries/shell.o
                0x000000000010dea6                shell
 .text          0x000000000010e4da       0x5b binaries/xsh_argecho.o
                0x000000000010e4da                xsh_argecho
 .text          0x000000000010e535      0x1d6 binaries/xsh_arp.o
                0x000000000010e535                xsh_arp
 .text          0x000000000010e70b      0x1e3 binaries/xsh_cat.o
                0x000000000010e70b                xsh_cat
 .text          0x000000000010e8ee       0x4f binaries/xsh_clear.o
                0x000000000010e8ee                xsh_clear
 .text          0x000000000010e93d      0x28f binaries/xsh_date.o
                0x000000000010e93d                xsh_date
 .text          0x000000000010ebcc       0x86 binaries/xsh_devdump.o
                0x000000000010ebcc                xsh_devdump
 .text          0x000000000010ec52       0x60 binaries/xsh_echo.o
                0x000000000010ec52                xsh_echo
 .text          0x000000000010ecb2        0x6 binaries/xsh_exit.o
                0x000000000010ecb2                xsh_exit
 .text          0x000000000010ecb8      0x317 binaries/xsh_help.o
                0x000000000010ecb8                xsh_help
 .text          0x000000000010efcf      0x409 binaries/xsh_ipaddr.o
                0x000000000010efcf                xsh_ipaddr
 .text          0x000000000010f3d8      0x1cc binaries/xsh_kill.o
                0x000000000010f3d8                xsh_kill
 .text          0x000000000010f5a4      0x3c5 binaries/xsh_memdump.o
                0x000000000010f65a                xsh_memdump
 .text          0x000000000010f969      0x1ea binaries/xsh_memstat.o
                0x000000000010f969                xsh_memstat
 .text          0x000000000010fb53      0x2d5 binaries/xsh_ping.o
                0x000000000010fb53                xsh_ping
 .text          0x000000000010fe28      0x1ec binaries/xsh_ps.o
                0x000000000010fe28                xsh_ps
 .text          0x0000000000110014      0x1bb binaries/xsh_sleep.o
                0x0000000000110014                xsh_sleep
 .text          0x00000000001101cf      0x21a binaries/xsh_udpdump.o
                0x00000000001101cf                xsh_udpdump
 .text          0x00000000001103e9      0x3f4 binaries/xsh_udpecho.o
                0x00000000001103e9                xsh_udpecho
 .text          0x00000000001107dd      0x251 binaries/xsh_udpeserver.o
                0x00000000001107dd                xsh_udpeserver
 .text          0x0000000000110a2e      0x1b4 binaries/xsh_uptime.o
                0x0000000000110a2e                xsh_uptime
 .text          0x0000000000110be2        0xe binaries/clkdisp.o
                0x0000000000110be2                clkdisp
 .text          0x0000000000110bf0       0x19 binaries/ctxsw.o
                0x0000000000110bf0                ctxsw
 .text          0x0000000000110c09      0x36b binaries/intr.o
                0x0000000000110c09                disable
                0x0000000000110c12                restore
                0x0000000000110c20                enable
                0x0000000000110c22                pause
                0x0000000000110c29                halt
                0x0000000000110c2f                spurious_irq7
                0x0000000000110c34                spurious_irq15
                0x0000000000110c43                _Xint0
                0x0000000000110c4e                _Xint1
                0x0000000000110c59                _Xint2
                0x0000000000110c64                _Xint3
                0x0000000000110c6f                _Xint4
                0x0000000000110c7a                _Xint5
                0x0000000000110c85                _Xint6
                0x0000000000110c90                _Xint7
                0x0000000000110c9b                _Xint8
                0x0000000000110ca6                _Xint9
                0x0000000000110cb1                _Xint10
                0x0000000000110cbc                _Xint11
                0x0000000000110cca                _Xint12
                0x0000000000110cd8                _Xint13
                0x0000000000110ce6                _Xint14
                0x0000000000110cf4                _Xint15
                0x0000000000110d02                _Xint16
                0x0000000000110d10                _Xint17
                0x0000000000110d1e                _Xint18
                0x0000000000110d2c                _Xint19
                0x0000000000110d3a                _Xint20
                0x0000000000110d48                _Xint21
                0x0000000000110d56                _Xint22
                0x0000000000110d64                _Xint23
                0x0000000000110d72                _Xint24
                0x0000000000110d80                _Xint25
                0x0000000000110d8e                _Xint26
                0x0000000000110d9c                _Xint27
                0x0000000000110daa                _Xint28
                0x0000000000110db8                _Xint29
                0x0000000000110dc6                _Xint30
                0x0000000000110dd4                _Xint31
                0x0000000000110de2                _Xint32
                0x0000000000110df0                _Xint33
                0x0000000000110dfe                _Xint34
                0x0000000000110e0c                _Xint35
                0x0000000000110e1a                _Xint36
                0x0000000000110e28                _Xint37
                0x0000000000110e36                _Xint38
                0x0000000000110e44                _Xint39
                0x0000000000110e52                _Xint40
                0x0000000000110e60                _Xint41
                0x0000000000110e6e                _Xint42
                0x0000000000110e7c                _Xint43
                0x0000000000110e8a                _Xint44
                0x0000000000110e98                _Xint45
                0x0000000000110ea6                _Xint46
                0x0000000000110eb4                defevec
 .text          0x0000000000110f74        0xf binaries/ttydispatch.o
                0x0000000000110f74                ttydispatch
 .text          0x0000000000110f83       0x13 binaries/ethdispatch.o
                0x0000000000110f83                ethdispatch
 *(.rodata .rodata.*)
 .rodata.str1.1
                0x0000000000110f96       0x54 binaries/ascdate.o
 *fill*         0x0000000000110fea        0x2 
 .rodata.str1.4
                0x0000000000110fec       0x22 binaries/ascdate.o
 .rodata.str1.1
                0x000000000011100e       0x5f binaries/conf.o
 *fill*         0x000000000011106d        0x3 
 .rodata.str1.4
                0x0000000000111070       0x56 binaries/cpuintensive.o
 *fill*         0x00000000001110c6        0x2 
 .rodata.str1.4
                0x00000000001110c8       0x4f binaries/early_imr.o
 .rodata        0x0000000000111117       0x30 binaries/early_imr.o
 .rodata.str1.1
                0x0000000000111147      0x20c binaries/evec.o
 *fill*         0x0000000000111353        0x1 
 .rodata.str1.4
                0x0000000000111354       0x23 binaries/evec.o
 .rodata.str1.1
                0x0000000000111377        0xb binaries/getutime.o
 *fill*         0x0000000000111382        0x2 
 .rodata.str1.4
                0x0000000000111384       0x54 binaries/getutime.o
 .rodata.str1.1
                0x00000000001113d8       0x63 binaries/initialize.o
                                         0x67 (size before relaxing)
 *fill*         0x000000000011143b        0x1 
 .rodata.str1.4
                0x000000000011143c       0xd4 binaries/initialize.o
 .rodata.str1.4
                0x0000000000111510       0x56 binaries/iointensive.o
 *fill*         0x0000000000111566        0x2 
 .rodata        0x0000000000111568       0x24 binaries/kill.o
 .rodata.str1.1
                0x000000000011158c       0x82 binaries/main.o
 *fill*         0x000000000011160e        0x2 
 .rodata.str1.4
                0x0000000000111610      0x18e binaries/main.o
 *fill*         0x000000000011179e        0x2 
 .rodata.str1.4
                0x00000000001117a0       0x23 binaries/meminit.o
 .rodata.str1.1
                0x00000000001117c3       0x1b binaries/meminit.o
 .rodata.str1.1
                0x00000000001117de        0xf binaries/panic.o
 .rodata.str1.1
                0x00000000001117ed       0x1c binaries/ptinit.o
 *fill*         0x0000000000111809        0x3 
 .rodata.str1.4
                0x000000000011180c       0x25 binaries/ptsend.o
 .rodata.str1.1
                0x0000000000111831       0x22 binaries/quark_pdat.o
 *fill*         0x0000000000111853        0x1 
 .rodata.str1.4
                0x0000000000111854       0x63 binaries/stacktrace.o
 .rodata.str1.1
                0x00000000001118b7       0x52 binaries/stacktrace.o
 *fill*         0x0000000000111909        0x3 
 .rodata.str1.4
                0x000000000011190c       0x27 binaries/xdone.o
 *fill*         0x0000000000111933        0xd 
 .rodata        0x0000000000111940       0x81 binaries/ctype_.o
                0x0000000000111940                _ctype_
 .rodata.str1.1
                0x00000000001119c1       0x29 binaries/doprnt.o
 *fill*         0x00000000001119ea        0x2 
 .rodata        0x00000000001119ec       0xc4 binaries/doprnt.o
 .rodata        0x0000000000111ab0       0x98 binaries/doscan.o
 .rodata.str1.1
                0x0000000000000000       0x29 binaries/fdoprnt.o
 .rodata        0x0000000000111b48       0x84 binaries/fdoprnt.o
 .rodata        0x0000000000111bcc       0x20 binaries/ttycontrol.o
 .rodata.str1.4
                0x0000000000111bec       0x4c binaries/naminit.o
 .rodata.str1.1
                0x0000000000111c38       0x32 binaries/naminit.o
                                         0x35 (size before relaxing)
 .rodata.str1.1
                0x0000000000111c6a       0x15 binaries/ethinit.o
 *fill*         0x0000000000111c7f        0x1 
 .rodata.str1.4
                0x0000000000111c80       0x2e binaries/ethinit.o
 *fill*         0x0000000000111cae        0x2 
 .rodata.str1.4
                0x0000000000111cb0       0x2c binaries/rdsbufalloc.o
 .rodata.str1.4
                0x0000000000111cdc       0x76 binaries/rdscomm.o
 *fill*         0x0000000000111d52        0x2 
 .rodata.str1.4
                0x0000000000111d54       0x48 binaries/rdscontrol.o
 .rodata.str1.4
                0x0000000000111d9c       0x7e binaries/rdsinit.o
 .rodata.str1.1
                0x0000000000111e1a       0x18 binaries/rdsinit.o
 *fill*         0x0000000000111e32        0x2 
 .rodata.str1.4
                0x0000000000111e34       0x22 binaries/rdsopen.o
 *fill*         0x0000000000111e56        0x2 
 .rodata.str1.4
                0x0000000000111e58       0x4d binaries/rdsprocess.o
 .rodata.str1.1
                0x0000000000111ea5        0x9 binaries/raminit.o
 .rodata.str1.1
                0x0000000000111eae       0x13 binaries/lfdballoc.o
 *fill*         0x0000000000111ec1        0x3 
 .rodata.str1.4
                0x0000000000111ec4       0x23 binaries/lfdballoc.o
 .rodata.str1.1
                0x0000000000111ee7       0x14 binaries/lfiballoc.o
 *fill*         0x0000000000111efb        0x1 
 .rodata.str1.4
                0x0000000000111efc       0x23 binaries/lflcontrol.o
 .rodata.str1.1
                0x0000000000111f1f       0x64 binaries/lfsckfmt.o
 *fill*         0x0000000000111f83        0x1 
 .rodata.str1.4
                0x0000000000111f84       0x51 binaries/lfsckfmt.o
 *fill*         0x0000000000111fd5        0x3 
 .rodata.str1.4
                0x0000000000111fd8       0x21 binaries/rflread.o
 .rodata.str1.4
                0x0000000000000000       0x21 binaries/rflwrite.o
 *fill*         0x0000000000111ff9        0x3 
 .rodata.str1.4
                0x0000000000111ffc       0x75 binaries/rfscomm.o
 *fill*         0x0000000000112071        0x3 
 .rodata.str1.4
                0x0000000000112074       0x23 binaries/rfscontrol.o
 *fill*         0x0000000000112097        0x1 
 .rodata        0x0000000000112098       0x18 binaries/rfscontrol.o
 .rodata.str1.1
                0x0000000000000000       0x10 binaries/rfsinit.o
 .rodata.str1.4
                0x00000000001120b0       0x57 binaries/rfsinit.o
 *fill*         0x0000000000112107        0x1 
 .rodata.str1.4
                0x0000000000112108       0x2a binaries/rfsndmsg.o
 .rodata.str1.4
                0x0000000000000000       0x22 binaries/rfsopen.o
 .rodata.str1.1
                0x0000000000112132       0x19 binaries/arp.o
 *fill*         0x000000000011214b        0x1 
 .rodata.str1.4
                0x000000000011214c       0x21 binaries/arp.o
 *fill*         0x000000000011216d        0x3 
 .rodata.str1.4
                0x0000000000112170       0xa6 binaries/dhcp.o
 .rodata.str1.1
                0x0000000000112216       0x4a binaries/dhcp.o
 .rodata.str1.1
                0x0000000000112260       0x5a binaries/hexdump.o
                                         0x61 (size before relaxing)
 *fill*         0x00000000001122ba        0x2 
 .rodata.str1.4
                0x00000000001122bc       0x67 binaries/hexdump.o
 *fill*         0x0000000000112323        0x1 
 .rodata.str1.4
                0x0000000000112324       0x29 binaries/icmp.o
 .rodata.str1.1
                0x000000000011234d       0x4e binaries/ip.o
 *fill*         0x000000000011239b        0x1 
 .rodata.str1.4
                0x000000000011239c       0x20 binaries/ip.o
 .rodata.str1.4
                0x00000000001123bc       0x28 binaries/net.o
 .rodata.str1.1
                0x00000000001123e4       0x27 binaries/net.o
 *fill*         0x000000000011240b        0x1 
 .rodata.str1.4
                0x000000000011240c       0xcf binaries/netstart.o
 .rodata.str1.1
                0x00000000001124db      0x141 binaries/pdump.o
                                        0x14b (size before relaxing)
 .rodata.str1.4
                0x000000000011261c      0x126 binaries/pdump.o
 *fill*         0x0000000000112742        0x2 
 .rodata.str1.4
                0x0000000000112744      0x148 binaries/tftp.o
 .rodata.str1.1
                0x000000000011288c        0x6 binaries/tftp.o
                                          0xa (size before relaxing)
 .rodata.str1.1
                0x0000000000112892       0xe3 binaries/shell.o
                                         0xff (size before relaxing)
 *fill*         0x0000000000112975        0x3 
 .rodata.str1.4
                0x0000000000112978      0x1c4 binaries/shell.o
 *fill*         0x0000000000112b3c        0x4 
 .rodata        0x0000000000112b40       0xfc binaries/shell.o
                0x0000000000112b40                cmdtab
 .rodata.str1.1
                0x0000000000112c3c       0x26 binaries/xsh_argecho.o
                                         0x28 (size before relaxing)
 .rodata.str1.1
                0x0000000000112c62       0x70 binaries/xsh_arp.o
                                         0x72 (size before relaxing)
 *fill*         0x0000000000112cd2        0x2 
 .rodata.str1.4
                0x0000000000112cd4       0xb4 binaries/xsh_arp.o
 .rodata.str1.1
                0x0000000000112d88       0x2d binaries/xsh_cat.o
                                         0x4f (size before relaxing)
 *fill*         0x0000000000112db5        0x3 
 .rodata.str1.4
                0x0000000000112db8       0x52 binaries/xsh_cat.o
                                         0x79 (size before relaxing)
 .rodata.str1.1
                0x0000000000112e0a       0x15 binaries/xsh_clear.o
 .rodata.str1.1
                0x0000000000112e1f       0x46 binaries/xsh_date.o
                                         0x5f (size before relaxing)
 *fill*         0x0000000000112e65        0x3 
 .rodata.str1.4
                0x0000000000112e68      0x163 binaries/xsh_date.o
 .rodata.str1.1
                0x0000000000112fcb       0x5d binaries/xsh_devdump.o
 .rodata.str1.1
                0x0000000000113028        0x4 binaries/xsh_echo.o
                                          0x9 (size before relaxing)
 .rodata.str1.1
                0x000000000011302c       0x65 binaries/xsh_help.o
                                         0xa3 (size before relaxing)
 *fill*         0x0000000000113091        0x3 
 .rodata.str1.4
                0x0000000000113094       0x7c binaries/xsh_help.o
                                         0xc6 (size before relaxing)
 .rodata.str1.1
                0x0000000000113110       0x9c binaries/xsh_ipaddr.o
                                         0xf8 (size before relaxing)
 .rodata.str1.4
                0x00000000001131ac       0x4d binaries/xsh_ipaddr.o
                                         0x99 (size before relaxing)
 .rodata.str1.1
                0x00000000001131f9       0x78 binaries/xsh_kill.o
                                         0x97 (size before relaxing)
 *fill*         0x0000000000113271        0x3 
 .rodata.str1.4
                0x0000000000113274       0x4a binaries/xsh_kill.o
                                         0x96 (size before relaxing)
 .rodata.str1.1
                0x00000000001132be       0x84 binaries/xsh_memdump.o
                                         0xa8 (size before relaxing)
 *fill*         0x0000000000113342        0x2 
 .rodata.str1.4
                0x0000000000113344      0x15a binaries/xsh_memdump.o
                                        0x1aa (size before relaxing)
 .rodata.str1.1
                0x000000000011349e       0x40 binaries/xsh_memstat.o
                                         0x79 (size before relaxing)
 *fill*         0x00000000001134de        0x2 
 .rodata.str1.4
                0x00000000001134e0      0x187 binaries/xsh_memstat.o
                                        0x1af (size before relaxing)
 .rodata.str1.1
                0x0000000000113667       0x90 binaries/xsh_ping.o
                                         0xaf (size before relaxing)
 *fill*         0x00000000001136f7        0x1 
 .rodata.str1.4
                0x00000000001136f8       0x77 binaries/xsh_ping.o
                                         0xc6 (size before relaxing)
 .rodata.str1.1
                0x000000000011376f       0x74 binaries/xsh_ps.o
                                         0xd5 (size before relaxing)
 *fill*         0x00000000001137e3        0x1 
 .rodata.str1.4
                0x00000000001137e4       0x80 binaries/xsh_ps.o
                                         0xd0 (size before relaxing)
 *fill*         0x0000000000113864       0x1c 
 .rodata        0x0000000000113880       0x20 binaries/xsh_ps.o
 .rodata.str1.1
                0x00000000001138a0       0x31 binaries/xsh_sleep.o
                                         0x72 (size before relaxing)
 *fill*         0x00000000001138d1        0x3 
 .rodata.str1.4
                0x00000000001138d4       0x2a binaries/xsh_sleep.o
                                         0x7a (size before relaxing)
 .rodata.str1.1
                0x00000000001138fe       0x6b binaries/xsh_udpdump.o
                                         0xd2 (size before relaxing)
 *fill*         0x0000000000113969        0x3 
 .rodata.str1.4
                0x000000000011396c       0x94 binaries/xsh_udpdump.o
                                         0xe4 (size before relaxing)
 .rodata.str1.1
                0x0000000000113a00       0xdb binaries/xsh_udpecho.o
                                         0xfa (size before relaxing)
 *fill*         0x0000000000113adb        0x1 
 .rodata.str1.4
                0x0000000000113adc       0xc7 binaries/xsh_udpecho.o
                                        0x116 (size before relaxing)
 .rodata.str1.1
                0x0000000000113ba3       0x66 binaries/xsh_udpeserver.o
                                         0x8f (size before relaxing)
 *fill*         0x0000000000113c09        0x3 
 .rodata.str1.4
                0x0000000000113c0c       0x29 binaries/xsh_udpeserver.o
                                         0x9f (size before relaxing)
 .rodata.str1.1
                0x0000000000113c35       0x49 binaries/xsh_uptime.o
                                         0x8c (size before relaxing)
 *fill*         0x0000000000113c7e        0x2 
 .rodata.str1.4
                0x0000000000113c80       0x28 binaries/xsh_uptime.o
                                         0x76 (size before relaxing)
                0x0000000000113ca8                etext = ABSOLUTE (.)
                0x0000000000114000                . = ALIGN (0x1000)
 *fill*         0x0000000000113ca8      0x358 

.eh_frame       0x0000000000114000     0x329c
 .eh_frame      0x0000000000114000       0x58 binaries/ascdate.o
 .eh_frame      0x0000000000114058       0x14 binaries/bufinit.o
                                         0x2c (size before relaxing)
 .eh_frame      0x000000000011406c       0x34 binaries/chprio.o
                                         0x4c (size before relaxing)
 .eh_frame      0x00000000001140a0       0x18 binaries/clkhandler.o
                                         0x30 (size before relaxing)
 .eh_frame      0x00000000001140b8       0x18 binaries/clkinit.o
                                         0x30 (size before relaxing)
 .eh_frame      0x00000000001140d0       0x2c binaries/close.o
                                         0x44 (size before relaxing)
 .eh_frame      0x00000000001140fc       0x2c binaries/control.o
                                         0x44 (size before relaxing)
 .eh_frame      0x0000000000114128       0x34 binaries/cpuintensive.o
                                         0x4c (size before relaxing)
 .eh_frame      0x000000000011415c       0x40 binaries/create.o
                                         0x58 (size before relaxing)
 .eh_frame      0x000000000011419c       0x98 binaries/early_imr.o
                                         0xb0 (size before relaxing)
 .eh_frame      0x0000000000114234       0x94 binaries/evec.o
                                         0xac (size before relaxing)
 .eh_frame      0x00000000001142c8       0x2c binaries/freebuf.o
                                         0x44 (size before relaxing)
 .eh_frame      0x00000000001142f4       0x3c binaries/freemem.o
                                         0x54 (size before relaxing)
 .eh_frame      0x0000000000114330       0x3c binaries/getbuf.o
                                         0x54 (size before relaxing)
 .eh_frame      0x000000000011436c       0x2c binaries/getc.o
                                         0x44 (size before relaxing)
 .eh_frame      0x0000000000114398       0x3c binaries/getdev.o
                                         0x54 (size before relaxing)
 .eh_frame      0x00000000001143d4       0x4c binaries/getitem.o
                                         0x64 (size before relaxing)
 .eh_frame      0x0000000000114420       0x2c binaries/getmem.o
                                         0x44 (size before relaxing)
 .eh_frame      0x000000000011444c       0x14 binaries/getpid.o
                                         0x2c (size before relaxing)
 .eh_frame      0x0000000000114460       0x24 binaries/getprio.o
                                         0x3c (size before relaxing)
 .eh_frame      0x0000000000114484       0x3c binaries/getstk.o
                                         0x54 (size before relaxing)
 .eh_frame      0x00000000001144c0       0x18 binaries/gettime.o
                                         0x30 (size before relaxing)
 .eh_frame      0x00000000001144d8       0x24 binaries/getutime.o
                                         0x3c (size before relaxing)
 .eh_frame      0x00000000001144fc       0x2c binaries/init.o
                                         0x44 (size before relaxing)
 .eh_frame      0x0000000000114528       0x48 binaries/initialize.o
                                         0x60 (size before relaxing)
 .eh_frame      0x0000000000114570       0x24 binaries/insert.o
                                         0x3c (size before relaxing)
 .eh_frame      0x0000000000114594       0x38 binaries/insertd.o
                                         0x50 (size before relaxing)
 .eh_frame      0x00000000001145cc       0x14 binaries/ioerr.o
                                         0x2c (size before relaxing)
 .eh_frame      0x00000000001145e0       0x3c binaries/iointensive.o
                                         0x54 (size before relaxing)
 .eh_frame      0x000000000011461c       0x14 binaries/ionull.o
                                         0x2c (size before relaxing)
 .eh_frame      0x0000000000114630       0x40 binaries/kill.o
                                         0x58 (size before relaxing)
 .eh_frame      0x0000000000114670       0x60 binaries/kprintf.o
                                         0x78 (size before relaxing)
 .eh_frame      0x00000000001146d0       0x20 binaries/main.o
                                         0x38 (size before relaxing)
 .eh_frame      0x00000000001146f0       0x3c binaries/mark.o
                                         0x54 (size before relaxing)
 .eh_frame      0x000000000011472c       0x58 binaries/meminit.o
                                         0x70 (size before relaxing)
 .eh_frame      0x0000000000114784       0x40 binaries/mkbufpool.o
                                         0x58 (size before relaxing)
 .eh_frame      0x00000000001147c4       0x14 binaries/newqueue.o
                                         0x2c (size before relaxing)
 .eh_frame      0x00000000001147d8       0x2c binaries/open.o
                                         0x44 (size before relaxing)
 .eh_frame      0x0000000000114804       0x14 binaries/panic.o
                                         0x2c (size before relaxing)
 .eh_frame      0x0000000000114818       0xe0 binaries/pci.o
                                         0xf8 (size before relaxing)
 .eh_frame      0x00000000001148f8       0x18 binaries/platinit.o
                                         0x30 (size before relaxing)
 .eh_frame      0x0000000000114910       0x3c binaries/ptclear.o
                                         0x54 (size before relaxing)
 .eh_frame      0x000000000011494c       0x34 binaries/ptcount.o
                                         0x4c (size before relaxing)
 .eh_frame      0x0000000000114980       0x3c binaries/ptcreate.o
                                         0x54 (size before relaxing)
 .eh_frame      0x00000000001149bc       0x2c binaries/ptdelete.o
                                         0x44 (size before relaxing)
 .eh_frame      0x00000000001149e8       0x2c binaries/ptinit.o
                                         0x44 (size before relaxing)
 .eh_frame      0x0000000000114a14       0x3c binaries/ptrecv.o
                                         0x54 (size before relaxing)
 .eh_frame      0x0000000000114a50       0x2c binaries/ptreset.o
                                         0x44 (size before relaxing)
 .eh_frame      0x0000000000114a7c       0x34 binaries/ptsend.o
                                         0x4c (size before relaxing)
 .eh_frame      0x0000000000114ab0       0x34 binaries/putc.o
                                         0x4c (size before relaxing)
 .eh_frame      0x0000000000114ae4       0x24 binaries/quark_irq.o
                                         0x3c (size before relaxing)
 .eh_frame      0x0000000000114b08       0x60 binaries/quark_pdat.o
                                         0x78 (size before relaxing)
 .eh_frame      0x0000000000114b68       0x2c binaries/queue.o
                                         0x44 (size before relaxing)
 .eh_frame      0x0000000000114b94       0x2c binaries/read.o
                                         0x44 (size before relaxing)
 .eh_frame      0x0000000000114bc0       0x18 binaries/ready.o
                                         0x30 (size before relaxing)
 .eh_frame      0x0000000000114bd8       0x34 binaries/receive.o
                                         0x4c (size before relaxing)
 .eh_frame      0x0000000000114c0c       0x20 binaries/recvclr.o
                                         0x38 (size before relaxing)
 .eh_frame      0x0000000000114c2c       0x3c binaries/recvtime.o
                                         0x54 (size before relaxing)
 .eh_frame      0x0000000000114c68       0x44 binaries/resched.o
                                         0x5c (size before relaxing)
 .eh_frame      0x0000000000114cac       0x34 binaries/resume.o
                                         0x4c (size before relaxing)
 .eh_frame      0x0000000000114ce0       0x2c binaries/seek.o
                                         0x44 (size before relaxing)
 .eh_frame      0x0000000000114d0c       0x24 binaries/semcount.o
                                         0x3c (size before relaxing)
 .eh_frame      0x0000000000114d30       0x3c binaries/semcreate.o
                                         0x54 (size before relaxing)
 .eh_frame      0x0000000000114d6c       0x2c binaries/semdelete.o
                                         0x44 (size before relaxing)
 .eh_frame      0x0000000000114d98       0x3c binaries/semreset.o
                                         0x54 (size before relaxing)
 .eh_frame      0x0000000000114dd4       0x2c binaries/send.o
                                         0x44 (size before relaxing)
 .eh_frame      0x0000000000114e00       0x88 binaries/sendQueue.o
                                         0xa0 (size before relaxing)
 .eh_frame      0x0000000000114e88       0x40 binaries/sendbt.o
                                         0x58 (size before relaxing)
 .eh_frame      0x0000000000114ec8       0x2c binaries/signal.o
                                         0x44 (size before relaxing)
 .eh_frame      0x0000000000114ef4       0x34 binaries/signaln.o
                                         0x4c (size before relaxing)
 .eh_frame      0x0000000000114f28       0x44 binaries/sleep.o
                                         0x5c (size before relaxing)
 .eh_frame      0x0000000000114f6c       0x40 binaries/stacktrace.o
                                         0x58 (size before relaxing)
 .eh_frame      0x0000000000114fac       0x3c binaries/suspend.o
                                         0x54 (size before relaxing)
 .eh_frame      0x0000000000114fe8       0x2c binaries/unsleep.o
                                         0x44 (size before relaxing)
 .eh_frame      0x0000000000115014       0x18 binaries/userret.o
                                         0x30 (size before relaxing)
 .eh_frame      0x000000000011502c       0x34 binaries/wait.o
                                         0x4c (size before relaxing)
 .eh_frame      0x0000000000115060       0x18 binaries/wakeup.o
                                         0x30 (size before relaxing)
 .eh_frame      0x0000000000115078       0x2c binaries/write.o
                                         0x44 (size before relaxing)
 .eh_frame      0x00000000001150a4       0x18 binaries/xdone.o
                                         0x30 (size before relaxing)
 .eh_frame      0x00000000001150bc       0x20 binaries/yield.o
                                         0x38 (size before relaxing)
 .eh_frame      0x00000000001150dc       0x14 binaries/abs.o
                                         0x2c (size before relaxing)
 .eh_frame      0x00000000001150f0       0x24 binaries/atoi.o
                                         0x3c (size before relaxing)
 .eh_frame      0x0000000000115114       0x24 binaries/atol.o
                                         0x3c (size before relaxing)
 .eh_frame      0x0000000000115138       0x14 binaries/bzero.o
                                         0x2c (size before relaxing)
 .eh_frame      0x000000000011514c       0xd4 binaries/doprnt.o
                                         0xec (size before relaxing)
 .eh_frame      0x0000000000115220       0x40 binaries/doscan.o
                                         0x58 (size before relaxing)
 .eh_frame      0x0000000000115260       0x7c binaries/fdoprnt.o
                                         0x94 (size before relaxing)
 .eh_frame      0x00000000001152dc       0x18 binaries/fgetc.o
                                         0x30 (size before relaxing)
 .eh_frame      0x00000000001152f4       0x3c binaries/fgets.o
                                         0x54 (size before relaxing)
 .eh_frame      0x0000000000115330       0x18 binaries/fprintf.o
                                         0x30 (size before relaxing)
 .eh_frame      0x0000000000115348       0x18 binaries/fputc.o
                                         0x30 (size before relaxing)
 .eh_frame      0x0000000000115360       0x2c binaries/fputs.o
                                         0x44 (size before relaxing)
 .eh_frame      0x000000000011538c       0x4c binaries/fscanf.o
                                         0x64 (size before relaxing)
 .eh_frame      0x00000000001153d8       0x18 binaries/getchar.o
                                         0x30 (size before relaxing)
 .eh_frame      0x00000000001153f0       0x14 binaries/labs.o
                                         0x2c (size before relaxing)
 .eh_frame      0x0000000000115404       0x14 binaries/memchr.o
                                         0x2c (size before relaxing)
 .eh_frame      0x0000000000115418       0x24 binaries/memcmp.o
                                         0x3c (size before relaxing)
 .eh_frame      0x000000000011543c       0x24 binaries/memcpy.o
                                         0x3c (size before relaxing)
 .eh_frame      0x0000000000115460       0x1c binaries/memset.o
                                         0x34 (size before relaxing)
 .eh_frame      0x000000000011547c       0x18 binaries/printf.o
                                         0x30 (size before relaxing)
 .eh_frame      0x0000000000115494       0x18 binaries/putchar.o
                                         0x30 (size before relaxing)
 .eh_frame      0x00000000001154ac       0xa8 binaries/qsort.o
                                         0xc0 (size before relaxing)
 .eh_frame      0x0000000000115554       0x28 binaries/rand.o
                                         0x40 (size before relaxing)
 .eh_frame      0x000000000011557c       0x3c binaries/sprintf.o
                                         0x54 (size before relaxing)
 .eh_frame      0x00000000001155b8       0x40 binaries/sscanf.o
                                         0x58 (size before relaxing)
 .eh_frame      0x00000000001155f8       0x1c binaries/strchr.o
                                         0x34 (size before relaxing)
 .eh_frame      0x0000000000115614       0x1c binaries/strcmp.o
                                         0x34 (size before relaxing)
 .eh_frame      0x0000000000115630       0x14 binaries/strcpy.o
                                         0x2c (size before relaxing)
 .eh_frame      0x0000000000115644       0x14 binaries/strlen.o
                                         0x2c (size before relaxing)
 .eh_frame      0x0000000000115658       0x2c binaries/strncat.o
                                         0x44 (size before relaxing)
 .eh_frame      0x0000000000115684       0x1c binaries/strncmp.o
                                         0x34 (size before relaxing)
 .eh_frame      0x00000000001156a0       0x30 binaries/strncpy.o
                                         0x48 (size before relaxing)
 .eh_frame      0x00000000001156d0       0x14 binaries/strnlen.o
                                         0x2c (size before relaxing)
 .eh_frame      0x00000000001156e4       0x1c binaries/strrchr.o
                                         0x34 (size before relaxing)
 .eh_frame      0x0000000000115700       0x38 binaries/strstr.o
                                         0x50 (size before relaxing)
 .eh_frame      0x0000000000115738       0x2c binaries/ttycontrol.o
                                         0x44 (size before relaxing)
 .eh_frame      0x0000000000115764       0x2c binaries/ttygetc.o
                                         0x44 (size before relaxing)
 .eh_frame      0x0000000000115790       0x9c binaries/ttyhandle_in.o
                                         0xb4 (size before relaxing)
 .eh_frame      0x000000000011582c       0x40 binaries/ttyhandle_out.o
                                         0x58 (size before relaxing)
 .eh_frame      0x000000000011586c       0x2c binaries/ttyhandler.o
                                         0x44 (size before relaxing)
 .eh_frame      0x0000000000115898       0x2c binaries/ttyinit.o
                                         0x44 (size before relaxing)
 .eh_frame      0x00000000001158c4       0x14 binaries/ttykickout.o
                                         0x2c (size before relaxing)
 .eh_frame      0x00000000001158d8       0x34 binaries/ttyputc.o
                                         0x4c (size before relaxing)
 .eh_frame      0x000000000011590c       0x3c binaries/ttyread.o
                                         0x54 (size before relaxing)
 .eh_frame      0x0000000000115948       0x34 binaries/ttywrite.o
                                         0x4c (size before relaxing)
 .eh_frame      0x000000000011597c       0x50 binaries/mount.o
                                         0x68 (size before relaxing)
 .eh_frame      0x00000000001159cc       0x40 binaries/naminit.o
                                         0x58 (size before relaxing)
 .eh_frame      0x0000000000115a0c       0xa4 binaries/nammap.o
                                         0xbc (size before relaxing)
 .eh_frame      0x0000000000115ab0       0x1c binaries/namopen.o
                                         0x34 (size before relaxing)
 .eh_frame      0x0000000000115acc       0x3c binaries/colon2mac.o
                                         0x54 (size before relaxing)
 .eh_frame      0x0000000000115b08       0x18 binaries/ethcontrol.o
                                         0x30 (size before relaxing)
 .eh_frame      0x0000000000115b20       0x3c binaries/ethhandler.o
                                         0x54 (size before relaxing)
 .eh_frame      0x0000000000115b5c       0x94 binaries/ethinit.o
                                         0xac (size before relaxing)
 .eh_frame      0x0000000000115bf0       0x68 binaries/ethmcast.o
                                         0x80 (size before relaxing)
 .eh_frame      0x0000000000115c58       0x40 binaries/ethread.o
                                         0x58 (size before relaxing)
 .eh_frame      0x0000000000115c98       0x3c binaries/ethwrite.o
                                         0x54 (size before relaxing)
 .eh_frame      0x0000000000115cd4       0x24 binaries/rdsbufalloc.o
                                         0x3c (size before relaxing)
 .eh_frame      0x0000000000115cf8       0x30 binaries/rdsclose.o
                                         0x48 (size before relaxing)
 .eh_frame      0x0000000000115d28       0x40 binaries/rdscomm.o
                                         0x58 (size before relaxing)
 .eh_frame      0x0000000000115d68       0x2c binaries/rdscontrol.o
                                         0x44 (size before relaxing)
 .eh_frame      0x0000000000115d94       0x40 binaries/rdsinit.o
                                         0x58 (size before relaxing)
 .eh_frame      0x0000000000115dd4       0x40 binaries/rdsopen.o
                                         0x58 (size before relaxing)
 .eh_frame      0x0000000000115e14       0x2c binaries/rdsprocess.o
                                         0x44 (size before relaxing)
 .eh_frame      0x0000000000115e40       0x40 binaries/rdsread.o
                                         0x58 (size before relaxing)
 .eh_frame      0x0000000000115e80       0x34 binaries/rdswrite.o
                                         0x4c (size before relaxing)
 .eh_frame      0x0000000000115eb4       0x14 binaries/ramclose.o
                                         0x2c (size before relaxing)
 .eh_frame      0x0000000000115ec8       0x18 binaries/raminit.o
                                         0x30 (size before relaxing)
 .eh_frame      0x0000000000115ee0       0x14 binaries/ramopen.o
                                         0x2c (size before relaxing)
 .eh_frame      0x0000000000115ef4       0x18 binaries/ramread.o
                                         0x30 (size before relaxing)
 .eh_frame      0x0000000000115f0c       0x18 binaries/ramwrite.o
                                         0x30 (size before relaxing)
 .eh_frame      0x0000000000115f24       0x2c binaries/lfdballoc.o
                                         0x44 (size before relaxing)
 .eh_frame      0x0000000000115f50       0x24 binaries/lfdbfree.o
                                         0x3c (size before relaxing)
 .eh_frame      0x0000000000115f74       0x24 binaries/lfflush.o
                                         0x3c (size before relaxing)
 .eh_frame      0x0000000000115f98       0x14 binaries/lfgetmode.o
                                         0x2c (size before relaxing)
 .eh_frame      0x0000000000115fac       0x24 binaries/lfiballoc.o
                                         0x3c (size before relaxing)
 .eh_frame      0x0000000000115fd0       0x14 binaries/lfibclear.o
                                         0x2c (size before relaxing)
 .eh_frame      0x0000000000115fe4       0x40 binaries/lfibget.o
                                         0x58 (size before relaxing)
 .eh_frame      0x0000000000116024       0x40 binaries/lfibput.o
                                         0x58 (size before relaxing)
 .eh_frame      0x0000000000116064       0x2c binaries/lflclose.o
                                         0x44 (size before relaxing)
 .eh_frame      0x0000000000116090       0x2c binaries/lflcontrol.o
                                         0x44 (size before relaxing)
 .eh_frame      0x00000000001160bc       0x2c binaries/lflgetc.o
                                         0x44 (size before relaxing)
 .eh_frame      0x00000000001160e8       0x24 binaries/lflinit.o
                                         0x3c (size before relaxing)
 .eh_frame      0x000000000011610c       0x34 binaries/lflputc.o
                                         0x4c (size before relaxing)
 .eh_frame      0x0000000000116140       0x3c binaries/lflread.o
                                         0x54 (size before relaxing)
 .eh_frame      0x000000000011617c       0x34 binaries/lflseek.o
                                         0x4c (size before relaxing)
 .eh_frame      0x00000000001161b0       0x3c binaries/lflwrite.o
                                         0x54 (size before relaxing)
 .eh_frame      0x00000000001161ec       0x40 binaries/lfsckfmt.o
                                         0x58 (size before relaxing)
 .eh_frame      0x000000000011622c       0x40 binaries/lfscreate.o
                                         0x58 (size before relaxing)
 .eh_frame      0x000000000011626c       0x40 binaries/lfsetup.o
                                         0x58 (size before relaxing)
 .eh_frame      0x00000000001162ac       0x18 binaries/lfsinit.o
                                         0x30 (size before relaxing)
 .eh_frame      0x00000000001162c4       0x40 binaries/lfsopen.o
                                         0x58 (size before relaxing)
 .eh_frame      0x0000000000116304       0x40 binaries/lftruncate.o
                                         0x58 (size before relaxing)
 .eh_frame      0x0000000000116344       0x18 binaries/rflclose.o
                                         0x30 (size before relaxing)
 .eh_frame      0x000000000011635c       0x18 binaries/rflgetc.o
                                         0x30 (size before relaxing)
 .eh_frame      0x0000000000116374       0x14 binaries/rflinit.o
                                         0x2c (size before relaxing)
 .eh_frame      0x0000000000116388       0x18 binaries/rflputc.o
                                         0x30 (size before relaxing)
 .eh_frame      0x00000000001163a0       0x40 binaries/rflread.o
                                         0x58 (size before relaxing)
 .eh_frame      0x00000000001163e0       0x18 binaries/rflseek.o
                                         0x30 (size before relaxing)
 .eh_frame      0x00000000001163f8       0x40 binaries/rflwrite.o
                                         0x58 (size before relaxing)
 .eh_frame      0x0000000000116438       0x40 binaries/rfscomm.o
                                         0x58 (size before relaxing)
 .eh_frame      0x0000000000116478       0x2c binaries/rfscontrol.o
                                         0x44 (size before relaxing)
 .eh_frame      0x00000000001164a4       0x14 binaries/rfsgetmode.o
                                         0x2c (size before relaxing)
 .eh_frame      0x00000000001164b8       0x18 binaries/rfsinit.o
                                         0x30 (size before relaxing)
 .eh_frame      0x00000000001164d0       0x1c binaries/rfsndmsg.o
                                         0x34 (size before relaxing)
 .eh_frame      0x00000000001164ec       0x2c binaries/rfsopen.o
                                         0x44 (size before relaxing)
 .eh_frame      0x0000000000116518       0xf0 binaries/arp.o
                                        0x108 (size before relaxing)
 .eh_frame      0x0000000000116608       0xec binaries/dhcp.o
                                        0x104 (size before relaxing)
 .eh_frame      0x00000000001166f4       0x38 binaries/dot2ip.o
                                         0x50 (size before relaxing)
 .eh_frame      0x000000000011672c       0x74 binaries/hexdump.o
                                         0x8c (size before relaxing)
 .eh_frame      0x00000000001167a0      0x1b8 binaries/icmp.o
                                        0x1d0 (size before relaxing)
 .eh_frame      0x0000000000116958      0x130 binaries/ip.o
                                        0x148 (size before relaxing)
 .eh_frame      0x0000000000116a88       0x60 binaries/net.o
                                         0x78 (size before relaxing)
 .eh_frame      0x0000000000116ae8       0x24 binaries/netstart.o
                                         0x3c (size before relaxing)
 .eh_frame      0x0000000000116b0c       0x48 binaries/pdump.o
                                         0x60 (size before relaxing)
 .eh_frame      0x0000000000116b54       0x98 binaries/tftp.o
[...]
 .comment       0x0000000000000000       0x2b binaries/netstart.o
 .comment       0x0000000000000000       0x2b binaries/pdump.o
 .comment       0x0000000000000000       0x2b binaries/tftp.o
 .comment       0x0000000000000000       0x2b binaries/udp.o
 .comment       0x0000000000000000       0x2b binaries/addargs.o
 .comment       0x0000000000000000       0x2b binaries/lexan.o
 .comment       0x0000000000000000       0x2b binaries/shell.o
 .comment       0x0000000000000000       0x2b binaries/xsh_argecho.o
 .comment       0x0000000000000000       0x2b binaries/xsh_arp.o
 .comment       0x0000000000000000       0x2b binaries/xsh_cat.o
 .comment       0x0000000000000000       0x2b binaries/xsh_clear.o
 .comment       0x0000000000000000       0x2b binaries/xsh_date.o
 .comment       0x0000000000000000       0x2b binaries/xsh_devdump.o
 .comment       0x0000000000000000       0x2b binaries/xsh_echo.o
 .comment       0x0000000000000000       0x2b binaries/xsh_exit.o
 .comment       0x0000000000000000       0x2b binaries/xsh_help.o
 .comment       0x0000000000000000       0x2b binaries/xsh_ipaddr.o
 .comment       0x0000000000000000       0x2b binaries/xsh_kill.o
 .comment       0x0000000000000000       0x2b binaries/xsh_memdump.o
 .comment       0x0000000000000000       0x2b binaries/xsh_memstat.o
 .comment       0x0000000000000000       0x2b binaries/xsh_ping.o
 .comment       0x0000000000000000       0x2b binaries/xsh_ps.o
 .comment       0x0000000000000000       0x2b binaries/xsh_sleep.o
 .comment       0x0000000000000000       0x2b binaries/xsh_udpdump.o
 .comment       0x0000000000000000       0x2b binaries/xsh_udpecho.o
 .comment       0x0000000000000000       0x2b binaries/xsh_udpeserver.o
 .comment       0x0000000000000000       0x2b binaries/xsh_uptime.o

.note.GNU-stack
                0x0000000000000000        0x0
 .note.GNU-stack
                0x0000000000000000        0x0 binaries/ascdate.o
 .note.GNU-stack
                0x0000000000000000        0x0 binaries/bufinit.o
 .note.GNU-stack
                0x0000000000000000        0x0 binaries/chprio.o
 .note.GNU-stack
                0x0000000000000000        0x0 binaries/clkhandler.o
 .note.GNU-stack
                0x0000000000000000        0x0 binaries/clkinit.o
 .note.GNU-stack
                0x0000000000000000        0x0 binaries/close.o
 .note.GNU-stack
                0x0000000000000000        0x0 binaries/conf.o
 .note.GNU-stack
                0x0000000000000000        0x0 binaries/control.o
 .note.GNU-stack
                0x0000000000000000        0x0 binaries/cpuintensive.o
 .note.GNU-stack
                0x0000000000000000        0x0 binaries/create.o
 .note.GNU-stack
                0x0000000000000000        0x0 binaries/early_imr.o
 .note.GNU-stack
                0x0000000000000000        0x0 binaries/evec.o
 .note.GNU-stack
                0x0000000000000000        0x0 binaries/freebuf.o
 .note.GNU-stack
                0x0000000000000000        0x0 binaries/freemem.o
 .note.GNU-stack
                0x0000000000000000        0x0 binaries/getbuf.o
 .note.GNU-stack
                0x0000000000000000        0x0 binaries/getc.o
 .note.GNU-stack
                0x0000000000000000        0x0 binaries/getdev.o
 .note.GNU-stack
                0x0000000000000000        0x0 binaries/getitem.o
 .note.GNU-stack
                0x0000000000000000        0x0 binaries/getmem.o
 .note.GNU-stack
                0x0000000000000000        0x0 binaries/getpid.o
 .note.GNU-stack
                0x0000000000000000        0x0 binaries/getprio.o
 .note.GNU-stack
                0x0000000000000000        0x0 binaries/getstk.o
 .note.GNU-stack
                0x0000000000000000        0x0 binaries/gettime.o
 .note.GNU-stack
                0x0000000000000000        0x0 binaries/getutime.o
 .note.GNU-stack
                0x0000000000000000        0x0 binaries/init.o
 .note.GNU-stack
                0x0000000000000000        0x0 binaries/initialize.o
 .note.GNU-stack
                0x0000000000000000        0x0 binaries/insert.o
 .note.GNU-stack
                0x0000000000000000        0x0 binaries/insertd.o
 .note.GNU-stack
                0x0000000000000000        0x0 binaries/ioerr.o
 .note.GNU-stack
                0x0000000000000000        0x0 binaries/iointensive.o
 .note.GNU-stack
                0x0000000000000000        0x0 binaries/ionull.o
 .note.GNU-stack
                0x0000000000000000        0x0 binaries/kill.o
 .note.GNU-stack
                0x0000000000000000        0x0 binaries/kprintf.o
 .note.GNU-stack
                0x0000000000000000        0x0 binaries/main.o
 .note.GNU-stack
                0x0000000000000000        0x0 binaries/mark.o
 .note.GNU-stack
                0x0000000000000000        0x0 binaries/meminit.o
 .note.GNU-stack
                0x0000000000000000        0x0 binaries/mkbufpool.o
 .note.GNU-stack
                0x0000000000000000        0x0 binaries/newqueue.o
 .note.GNU-stack
                0x0000000000000000        0x0 binaries/open.o
 .note.GNU-stack
                0x0000000000000000        0x0 binaries/panic.o
 .note.GNU-stack
                0x0000000000000000        0x0 binaries/pci.o
 .note.GNU-stack
                0x0000000000000000        0x0 binaries/platinit.o
 .note.GNU-stack
                0x0000000000000000        0x0 binaries/ptclear.o
 .note.GNU-stack
                0x0000000000000000        0x0 binaries/ptcount.o
 .note.GNU-stack
                0x0000000000000000        0x0 binaries/ptcreate.o
 .note.GNU-stack
                0x0000000000000000        0x0 binaries/ptdelete.o
 .note.GNU-stack
                0x0000000000000000        0x0 binaries/ptinit.o
 .note.GNU-stack
                0x0000000000000000        0x0 binaries/ptrecv.o
 .note.GNU-stack
                0x0000000000000000        0x0 binaries/ptreset.o
 .note.GNU-stack
                0x0000000000000000        0x0 binaries/ptsend.o
 .note.GNU-stack
                0x0000000000000000        0x0 binaries/putc.o
 .note.GNU-stack
                0x0000000000000000        0x0 binaries/quark_irq.o
 .note.GNU-stack
                0x0000000000000000        0x0 binaries/quark_pdat.o
 .note.GNU-stack
                0x0000000000000000        0x0 binaries/queue.o
 .note.GNU-stack
                0x0000000000000000        0x0 binaries/read.o
 .note.GNU-stack
                0x0000000000000000        0x0 binaries/ready.o
 .note.GNU-stack
                0x0000000000000000        0x0 binaries/receive.o
 .note.GNU-stack
                0x0000000000000000        0x0 binaries/recvclr.o
 .note.GNU-stack
                0x0000000000000000        0x0 binaries/recvtime.o
 .note.GNU-stack
                0x0000000000000000        0x0 binaries/resched.o
 .note.GNU-stack
                0x0000000000000000        0x0 binaries/resume.o
 .note.GNU-stack
                0x0000000000000000        0x0 binaries/seek.o
 .note.GNU-stack
                0x0000000000000000        0x0 binaries/semcount.o
 .note.GNU-stack
                0x0000000000000000        0x0 binaries/semcreate.o
 .note.GNU-stack
                0x0000000000000000        0x0 binaries/semdelete.o
 .note.GNU-stack
                0x0000000000000000        0x0 binaries/semreset.o
 .note.GNU-stack
                0x0000000000000000        0x0 binaries/send.o
 .note.GNU-stack
                0x0000000000000000        0x0 binaries/sendQueue.o
 .note.GNU-stack
                0x0000000000000000        0x0 binaries/sendbt.o
 .note.GNU-stack
                0x0000000000000000        0x0 binaries/signal.o
 .note.GNU-stack
                0x0000000000000000        0x0 binaries/signaln.o
 .note.GNU-stack
                0x0000000000000000        0x0 binaries/sleep.o
 .note.GNU-stack
                0x0000000000000000        0x0 binaries/stacktrace.o
 .note.GNU-stack
                0x0000000000000000        0x0 binaries/suspend.o
 .note.GNU-stack
                0x0000000000000000        0x0 binaries/unsleep.o
 .note.GNU-stack
                0x0000000000000000        0x0 binaries/userret.o
 .note.GNU-stack
                0x0000000000000000        0x0 binaries/wait.o
 .note.GNU-stack
                0x0000000000000000        0x0 binaries/wakeup.o
 .note.GNU-stack
                0x0000000000000000        0x0 binaries/write.o
 .note.GNU-stack
                0x0000000000000000        0x0 binaries/xdone.o
 .note.GNU-stack
                0x0000000000000000        0x0 binaries/yield.o
 .note.GNU-stack
                0x0000000000000000        0x0 binaries/abs.o
 .note.GNU-stack
                0x0000000000000000        0x0 binaries/atoi.o
 .note.GNU-stack
                0x0000000000000000        0x0 binaries/atol.o
 .note.GNU-stack
                0x0000000000000000        0x0 binaries/bzero.o
 .note.GNU-stack
                0x0000000000000000        0x0 binaries/ctype_.o
 .note.GNU-stack
                0x0000000000000000        0x0 binaries/doprnt.o
 .note.GNU-stack
                0x0000000000000000        0x0 binaries/doscan.o
 .note.GNU-stack
                0x0000000000000000        0x0 binaries/fdoprnt.o
 .note.GNU-stack
                0x0000000000000000        0x0 binaries/fgetc.o
 .note.GNU-stack
                0x0000000000000000        0x0 binaries/fgets.o
 .note.GNU-stack
                0x0000000000000000        0x0 binaries/fprintf.o
 .note.GNU-stack
                0x0000000000000000        0x0 binaries/fputc.o
 .note.GNU-stack
                0x0000000000000000        0x0 binaries/fputs.o
 .note.GNU-stack
                0x0000000000000000        0x0 binaries/fscanf.o
 .note.GNU-stack
                0x0000000000000000        0x0 binaries/getchar.o
 .note.GNU-stack
                0x0000000000000000        0x0 binaries/labs.o
 .note.GNU-stack
                0x0000000000000000        0x0 binaries/memchr.o
 .note.GNU-stack
                0x0000000000000000        0x0 binaries/memcmp.o
 .note.GNU-stack
                0x0000000000000000        0x0 binaries/memcpy.o
 .note.GNU-stack
                0x0000000000000000        0x0 binaries/memset.o
 .note.GNU-stack
                0x0000000000000000        0x0 binaries/printf.o
 .note.GNU-stack
                0x0000000000000000        0x0 binaries/putchar.o
 .note.GNU-stack
                0x0000000000000000        0x0 binaries/qsort.o
 .note.GNU-stack
                0x0000000000000000        0x0 binaries/rand.o
 .note.GNU-stack
                0x0000000000000000        0x0 binaries/sprintf.o
 .note.GNU-stack
                0x0000000000000000        0x0 binaries/sscanf.o
 .note.GNU-stack
                0x0000000000000000        0x0 binaries/strchr.o
 .note.GNU-stack
                0x0000000000000000        0x0 binaries/strcmp.o
 .note.GNU-stack
                0x0000000000000000        0x0 binaries/strcpy.o
 .note.GNU-stack
                0x0000000000000000        0x0 binaries/strlen.o
 .note.GNU-stack
                0x0000000000000000        0x0 binaries/strncat.o
 .note.GNU-stack
                0x0000000000000000        0x0 binaries/strncmp.o
 .note.GNU-stack
                0x0000000000000000        0x0 binaries/strncpy.o
 .note.GNU-stack
                0x0000000000000000        0x0 binaries/strnlen.o
 .note.GNU-stack
                0x0000000000000000        0x0 binaries/strrchr.o
 .note.GNU-stack
                0x0000000000000000        0x0 binaries/strstr.o
 .note.GNU-stack
                0x0000000000000000        0x0 binaries/ttycontrol.o
 .note.GNU-stack
                0x0000000000000000        0x0 binaries/ttygetc.o
 .note.GNU-stack
                0x0000000000000000        0x0 binaries/ttyhandle_in.o
 .note.GNU-stack
                0x0000000000000000        0x0 binaries/ttyhandle_out.o
 .note.GNU-stack
                0x0000000000000000        0x0 binaries/ttyhandler.o
 .note.GNU-stack
                0x0000000000000000        0x0 binaries/ttyinit.o
 .note.GNU-stack
                0x0000000000000000        0x0 binaries/ttykickout.o
 .note.GNU-stack
                0x0000000000000000        0x0 binaries/ttyputc.o
 .note.GNU-stack
                0x0000000000000000        0x0 binaries/ttyread.o
 .note.GNU-stack
                0x0000000000000000        0x0 binaries/ttywrite.o
 .note.GNU-stack
                0x0000000000000000        0x0 binaries/mount.o
 .note.GNU-stack
                0x0000000000000000        0x0 binaries/naminit.o
 .note.GNU-stack
                0x0000000000000000        0x0 binaries/nammap.o
 .note.GNU-stack
                0x0000000000000000        0x0 binaries/namopen.o
 .note.GNU-stack
                0x0000000000000000        0x0 binaries/colon2mac.o
 .note.GNU-stack
                0x0000000000000000        0x0 binaries/ethcontrol.o
 .note.GNU-stack
                0x0000000000000000        0x0 binaries/ethhandler.o
 .note.GNU-stack
                0x0000000000000000        0x0 binaries/ethinit.o
 .note.GNU-stack
                0x0000000000000000        0x0 binaries/ethmcast.o
 .note.GNU-stack
                0x0000000000000000        0x0 binaries/ethread.o
 .note.GNU-stack
                0x0000000000000000        0x0 binaries/ethwrite.o
 .note.GNU-stack
                0x0000000000000000        0x0 binaries/rdsbufalloc.o
 .note.GNU-stack
                0x0000000000000000        0x0 binaries/rdsclose.o
 .note.GNU-stack
                0x0000000000000000        0x0 binaries/rdscomm.o
 .note.GNU-stack
                0x0000000000000000        0x0 binaries/rdscontrol.o
 .note.GNU-stack
                0x0000000000000000        0x0 binaries/rdsinit.o
 .note.GNU-stack
                0x0000000000000000        0x0 binaries/rdsopen.o
 .note.GNU-stack
                0x0000000000000000        0x0 binaries/rdsprocess.o
 .note.GNU-stack
                0x0000000000000000        0x0 binaries/rdsread.o
 .note.GNU-stack
                0x0000000000000000        0x0 binaries/rdswrite.o
 .note.GNU-stack
                0x0000000000000000        0x0 binaries/ramclose.o
 .note.GNU-stack
                0x0000000000000000        0x0 binaries/raminit.o
 .note.GNU-stack
                0x0000000000000000        0x0 binaries/ramopen.o
 .note.GNU-stack
                0x0000000000000000        0x0 binaries/ramread.o
 .note.GNU-stack
                0x0000000000000000        0x0 binaries/ramwrite.o
 .note.GNU-stack
                0x0000000000000000        0x0 binaries/lfdballoc.o
 .note.GNU-stack
                0x0000000000000000        0x0 binaries/lfdbfree.o
 .note.GNU-stack
                0x0000000000000000        0x0 binaries/lfflush.o
 .note.GNU-stack
                0x0000000000000000        0x0 binaries/lfgetmode.o
 .note.GNU-stack
                0x0000000000000000        0x0 binaries/lfiballoc.o
 .note.GNU-stack
                0x0000000000000000        0x0 binaries/lfibclear.o
 .note.GNU-stack
                0x0000000000000000        0x0 binaries/lfibget.o
 .note.GNU-stack
                0x0000000000000000        0x0 binaries/lfibput.o
 .note.GNU-stack
                0x0000000000000000        0x0 binaries/lflclose.o
 .note.GNU-stack
                0x0000000000000000        0x0 binaries/lflcontrol.o
 .note.GNU-stack
                0x0000000000000000        0x0 binaries/lflgetc.o
 .note.GNU-stack
                0x0000000000000000        0x0 binaries/lflinit.o
 .note.GNU-stack
                0x0000000000000000        0x0 binaries/lflputc.o
 .note.GNU-stack
                0x0000000000000000        0x0 binaries/lflread.o
 .note.GNU-stack
                0x0000000000000000        0x0 binaries/lflseek.o
 .note.GNU-stack
                0x0000000000000000        0x0 binaries/lflwrite.o
 .note.GNU-stack
                0x0000000000000000        0x0 binaries/lfsckfmt.o
 .note.GNU-stack
                0x0000000000000000        0x0 binaries/lfscreate.o
 .note.GNU-stack
                0x0000000000000000        0x0 binaries/lfsetup.o
 .note.GNU-stack
                0x0000000000000000        0x0 binaries/lfsinit.o
 .note.GNU-stack
                0x0000000000000000        0x0 binaries/lfsopen.o
 .note.GNU-stack
                0x0000000000000000        0x0 binaries/lftruncate.o
 .note.GNU-stack
                0x0000000000000000        0x0 binaries/rflclose.o
 .note.GNU-stack
                0x0000000000000000        0x0 binaries/rflgetc.o
 .note.GNU-stack
                0x0000000000000000        0x0 binaries/rflinit.o
 .note.GNU-stack
                0x0000000000000000        0x0 binaries/rflputc.o
 .note.GNU-stack
                0x0000000000000000        0x0 binaries/rflread.o
 .note.GNU-stack
                0x0000000000000000        0x0 binaries/rflseek.o
 .note.GNU-stack
                0x0000000000000000        0x0 binaries/rflwrite.o
 .note.GNU-stack
                0x0000000000000000        0x0 binaries/rfscomm.o
 .note.GNU-stack
                0x0000000000000000        0x0 binaries/rfscontrol.o
 .note.GNU-stack
                0x0000000000000000        0x0 binaries/rfsgetmode.o
 .note.GNU-stack
                0x0000000000000000        0x0 binaries/rfsinit.o
 .note.GNU-stack
                0x0000000000000000        0x0 binaries/rfsndmsg.o
 .note.GNU-stack
                0x0000000000000000        0x0 binaries/rfsopen.o
 .note.GNU-stack
                0x0000000000000000        0x0 binaries/arp.o
 .note.GNU-stack
                0x0000000000000000        0x0 binaries/dhcp.o
 .note.GNU-stack
                0x0000000000000000        0x0 binaries/dot2ip.o
 .note.GNU-stack
                0x0000000000000000        0x0 binaries/hexdump.o
 .note.GNU-stack
                0x0000000000000000        0x0 binaries/icmp.o
 .note.GNU-stack
                0x0000000000000000        0x0 binaries/ip.o
 .note.GNU-stack
                0x0000000000000000        0x0 binaries/net.o
 .note.GNU-stack
                0x0000000000000000        0x0 binaries/netstart.o
 .note.GNU-stack
                0x0000000000000000        0x0 binaries/pdump.o
 .note.GNU-stack
                0x0000000000000000        0x0 binaries/tftp.o
 .note.GNU-stack
                0x0000000000000000        0x0 binaries/udp.o
 .note.GNU-stack
                0x0000000000000000        0x0 binaries/addargs.o
 .note.GNU-stack
                0x0000000000000000        0x0 binaries/lexan.o
 .note.GNU-stack
                0x0000000000000000        0x0 binaries/shell.o
 .note.GNU-stack
                0x0000000000000000        0x0 binaries/xsh_argecho.o
 .note.GNU-stack
                0x0000000000000000        0x0 binaries/xsh_arp.o
 .note.GNU-stack
                0x0000000000000000        0x0 binaries/xsh_cat.o
 .note.GNU-stack
                0x0000000000000000        0x0 binaries/xsh_clear.o
 .note.GNU-stack
                0x0000000000000000        0x0 binaries/xsh_date.o
 .note.GNU-stack
                0x0000000000000000        0x0 binaries/xsh_devdump.o
 .note.GNU-stack
                0x0000000000000000        0x0 binaries/xsh_echo.o
 .note.GNU-stack
                0x0000000000000000        0x0 binaries/xsh_exit.o
 .note.GNU-stack
                0x0000000000000000        0x0 binaries/xsh_help.o
 .note.GNU-stack
                0x0000000000000000        0x0 binaries/xsh_ipaddr.o
 .note.GNU-stack
                0x0000000000000000        0x0 binaries/xsh_kill.o
 .note.GNU-stack
                0x0000000000000000        0x0 binaries/xsh_memdump.o
 .note.GNU-stack
                0x0000000000000000        0x0 binaries/xsh_memstat.o
 .note.GNU-stack
                0x0000000000000000        0x0 binaries/xsh_ping.o
 .note.GNU-stack
                0x0000000000000000        0x0 binaries/xsh_ps.o
 .note.GNU-stack
                0x0000000000000000        0x0 binaries/xsh_sleep.o
 .note.GNU-stack
                0x0000000000000000        0x0 binaries/xsh_udpdump.o
 .note.GNU-stack
                0x0000000000000000        0x0 binaries/xsh_udpecho.o
 .note.GNU-stack
                0x0000000000000000        0x0 binaries/xsh_udpeserver.o
 .note.GNU-stack
                0x0000000000000000        0x0 binaries/xsh_uptime.o
