
Allocating common symbols
Common symbol       size              file

netbufpool          0x4               binaries/net.o
readylist           0x2               binaries/ready.o
rfltab              0x5a0             binaries/rflinit.o
sleepq              0x2               binaries/clkinit.o
nnames              0x4               binaries/naminit.o
udptab              0x168             binaries/udp.o
minheap             0x4               binaries/meminit.o
marks               0x50              binaries/mark.o
currpid             0x4               binaries/initialize.o
Lf_data             0x20c             binaries/lfsinit.o
porttab             0x2d0             binaries/ptinit.o
girmask             0x2               binaries/evec.o
ttytab              0x10c             binaries/ttyinit.o
proctab             0x1770            binaries/initialize.o
prcount             0x4               binaries/initialize.o
lfltab              0xf00             binaries/lflinit.o
rdstab              0x8c              binaries/rdsinit.o
ethertab            0x138             binaries/ethinit.o
NetData             0xa8              binaries/net.o
nmarks              0x4               binaries/mark.o
Defer               0x8               binaries/resched.o
semtab              0x4b0             binaries/initialize.o
maxheap             0x4               binaries/meminit.o
preempt             0x4               binaries/clkinit.o
buftab              0xf0              binaries/bufinit.o
Rf_data             0x18              binaries/rfsinit.o
mkmutex             0x4               binaries/mark.o
clktime             0x4               binaries/clkinit.o
arpcache            0x140             binaries/arp.o
icmptab             0x230             binaries/icmp.o
nbpools             0x4               binaries/bufinit.o
queuetab            0x980             binaries/queue.o
ptnextid            0x4               binaries/ptinit.o
Ram                 0x19000           binaries/raminit.o
ipoqueue            0x2c              binaries/ip.o
memlist             0x8               binaries/initialize.o
nametab             0x19a0            binaries/naminit.o
ptfree              0x4               binaries/ptinit.o

Memory Configuration

Name             Origin             Length             Attributes
*default*        0x0000000000000000 0xffffffffffffffff

Linker script and memory map

                0x0000000000100000                physbase = 0x100000
                0x0000000000100000                . = physbase
                0x0000000000100000                . = ALIGN (0x1000)

.text           0x0000000000100000    0x14000
                0x0000000000100000                text = ABSOLUTE (.)
 *(.text .text.*)
 .text          0x0000000000100000      0x1ac binaries/start.o
                0x0000000000100028                start
                0x00000000001000fa                inb
                0x0000000000100102                inw
                0x000000000010010b                inl
                0x0000000000100113                outb
                0x000000000010011d                outw
                0x0000000000100128                outl
                0x0000000000100132                _rtcin
                0x000000000010013d                ___udivsi3
                0x0000000000100148                ___divsi3
                0x0000000000100154                sbzero
                0x0000000000100164                bcopy
                0x0000000000100178                insw
                0x000000000010018e                outsw
                0x00000000001001a4                lidt
 .text          0x00000000001001ac      0x2f6 binaries/ascdate.o
                0x00000000001001ac                ascdate
 .text          0x00000000001004a2       0x10 binaries/bufinit.o
                0x00000000001004a2                bufinit
 .text          0x00000000001004b2       0x6a binaries/chprio.o
                0x00000000001004b2                chprio
 .text          0x000000000010051c       0x73 binaries/clkhandler.o
                0x000000000010051c                clkhandler
 .text          0x000000000010058f       0x76 binaries/clkinit.o
                0x000000000010058f                clkinit
 .text          0x0000000000100605       0x4e binaries/close.o
                0x0000000000100605                close
 .text          0x0000000000100653        0x0 binaries/conf.o
 .text          0x0000000000100653       0x66 binaries/control.o
                0x0000000000100653                control
 .text          0x00000000001006b9      0x1ff binaries/create.o
                0x00000000001006b9                create
 .text          0x00000000001008b8      0x2b9 binaries/early_imr.o
                0x00000000001008b8                intel_cln_early_sb_read_reg
                0x000000000010091f                intel_cln_early_sb_write_reg
                0x0000000000100a2f                remove_irm_protections
 .text          0x0000000000100b71      0x376 binaries/evec.o
                0x0000000000100b71                setirmask
                0x0000000000100baf                set_evec
                0x0000000000100c0c                initevec
                0x0000000000100d1c                trap
 .text          0x0000000000100ee7       0x67 binaries/freebuf.o
                0x0000000000100ee7                freebuf
 .text          0x0000000000100f4e       0xeb binaries/freemem.o
                0x0000000000100f4e                freemem
 .text          0x0000000000101039       0x64 binaries/getbuf.o
                0x0000000000101039                getbuf
 .text          0x000000000010109d       0x4e binaries/getc.o
                0x000000000010109d                getc
 .text          0x00000000001010eb       0x60 binaries/getdev.o
                0x00000000001010eb                getdev
 .text          0x000000000010114b       0x83 binaries/getitem.o
                0x000000000010114b                getitem
                0x0000000000101177                getfirst
                0x00000000001011a0                getlast
 .text          0x00000000001011ce       0xb2 binaries/getmem.o
                0x00000000001011ce                getmem
 .text          0x0000000000101280        0x6 binaries/getpid.o
                0x0000000000101280                getpid
 .text          0x0000000000101286       0x5c binaries/getprio.o
                0x0000000000101286                getprio
 .text          0x00000000001012e2       0x9a binaries/getstk.o
                0x00000000001012e2                getstk
 .text          0x000000000010137c       0x34 binaries/gettime.o
                0x000000000010137c                gettime
 .text          0x00000000001013b0      0x1b8 binaries/getutime.o
                0x00000000001013b0                getutime
 .text          0x0000000000101568       0x4e binaries/init.o
                0x0000000000101568                init
 .text          0x00000000001015b6      0x25c binaries/initialize.o
                0x00000000001015b6                nulluser
                0x00000000001017ca                stop
                0x00000000001017ef                delay
 .text          0x0000000000101812       0xa0 binaries/insert.o
                0x0000000000101812                insert
 .text          0x00000000001018b2       0xe9 binaries/insertd.o
                0x00000000001018b2                insertd
 .text          0x000000000010199b        0x6 binaries/ioerr.o
                0x000000000010199b                ioerr
 .text          0x00000000001019a1        0x6 binaries/ionull.o
                0x00000000001019a1                ionull
 .text          0x00000000001019a7      0x13a binaries/kill.o
                0x00000000001019a7                kill
 .text          0x0000000000101ae1       0xb8 binaries/kprintf.o
                0x0000000000101ae1                kputc
                0x0000000000101b10                console_init
                0x0000000000101b4f                kgetc
                0x0000000000101b71                kprintf
 .text          0x0000000000101b99       0xf9 binaries/main.o
                0x0000000000101b99                main
 .text          0x0000000000101c92       0x93 binaries/mark.o
                0x0000000000101c92                markinit
                0x0000000000101cb4                mark
 .text          0x0000000000101d25      0x1d1 binaries/meminit.o
                0x0000000000101d25                meminit
                0x0000000000101e7f                setsegs
 .text          0x0000000000101ef6      0x117 binaries/mkbufpool.o
                0x0000000000101ef6                mkbufpool
 .text          0x000000000010200d       0x5e binaries/newqueue.o
                0x000000000010200d                newqueue
 .text          0x000000000010206b       0x5e binaries/open.o
                0x000000000010206b                open
 .text          0x00000000001020c9       0x1e binaries/panic.o
                0x00000000001020c9                panic
 .text          0x00000000001020e7      0x26e binaries/pci.o
                0x00000000001020e7                pci_init
                0x00000000001020ed                find_pci_device
                0x00000000001021a3                pci_read_config_byte
                0x00000000001021de                pci_read_config_word
                0x000000000010221b                pci_read_config_dword
                0x0000000000102256                pci_write_config_byte
                0x000000000010228f                pci_write_config_word
                0x00000000001022c9                pci_write_config_dword
                0x0000000000102302                pci_get_dev_mmio_base_addr
 .text          0x0000000000102355       0x59 binaries/platinit.o
                0x0000000000102355                platinit
 .text          0x00000000001023ae       0xa3 binaries/ptclear.o
                0x00000000001023ae                _ptclear
 .text          0x0000000000102451       0x6e binaries/ptcount.o
                0x0000000000102451                ptcount
 .text          0x00000000001024bf       0xc0 binaries/ptcreate.o
                0x00000000001024bf                ptcreate
 .text          0x000000000010257f       0x66 binaries/ptdelete.o
                0x000000000010257f                ptdelete
 .text          0x00000000001025e5       0x89 binaries/ptinit.o
                0x00000000001025e5                ptinit
 .text          0x000000000010266e       0xb5 binaries/ptrecv.o
                0x000000000010266e                ptrecv
 .text          0x0000000000102723       0x60 binaries/ptreset.o
                0x0000000000102723                ptreset
 .text          0x0000000000102783       0xd0 binaries/ptsend.o
                0x0000000000102783                ptsend
 .text          0x0000000000102853       0x5d binaries/putc.o
                0x0000000000102853                putc
 .text          0x00000000001028b0       0xd5 binaries/quark_irq.o
                0x00000000001028b0                quark_irq_routing
 .text          0x0000000000102985      0x1c9 binaries/quark_pdat.o
                0x0000000000102985                get_quark_pdat_entry_data_by_id
                0x0000000000102a66                get_quark_pdat_entry_data_by_desc
 .text          0x0000000000102b4e       0xb3 binaries/queue.o
                0x0000000000102b4e                enqueue
                0x0000000000102bba                dequeue
 .text          0x0000000000102c01       0x5e binaries/read.o
                0x0000000000102c01                read
 .text          0x0000000000102c5f       0x6e binaries/ready.o
                0x0000000000102c5f                ready
 .text          0x0000000000102ccd       0x51 binaries/receive.o
                0x0000000000102ccd                receive
 .text          0x0000000000102d1e       0x42 binaries/recvclr.o
                0x0000000000102d1e                recvclr
 .text          0x0000000000102d60       0x99 binaries/recvtime.o
                0x0000000000102d60                recvtime
 .text          0x0000000000102df9       0x21 binaries/registercb.o
                0x0000000000102df9                registercb
 .text          0x0000000000102e1a      0x143 binaries/resched.o
                0x0000000000102e1a                resched
                0x0000000000102eea                resched_cntl
 .text          0x0000000000102f5d       0x87 binaries/resume.o
                0x0000000000102f5d                resume
 .text          0x0000000000102fe4       0x56 binaries/seek.o
                0x0000000000102fe4                seek
 .text          0x000000000010303a       0x47 binaries/semcount.o
                0x000000000010303a                semcount
 .text          0x0000000000103081       0x8d binaries/semcreate.o
                0x0000000000103081                semcreate
 .text          0x000000000010310e       0xa8 binaries/semdelete.o
                0x000000000010310e                semdelete
 .text          0x00000000001031b6       0x95 binaries/semreset.o
                0x00000000001031b6                semreset
 .text          0x000000000010324b       0xb4 binaries/send.o
                0x000000000010324b                send
 .text          0x00000000001032ff       0x7c binaries/signal.o
                0x00000000001032ff                signal
 .text          0x000000000010337b       0xa8 binaries/signaln.o
                0x000000000010337b                signaln
 .text          0x0000000000103423       0xbc binaries/sleep.o
                0x0000000000103423                sleepms
                0x00000000001034ad                sleep
 .text          0x00000000001034df      0x179 binaries/stacktrace.o
                0x00000000001034df                stacktrace
 .text          0x0000000000103658       0xb2 binaries/suspend.o
                0x0000000000103658                suspend
 .text          0x000000000010370a       0xa8 binaries/unsleep.o
                0x000000000010370a                unsleep
 .text          0x00000000001037b2       0x14 binaries/userret.o
                0x00000000001037b2                userret
 .text          0x00000000001037c6       0x9f binaries/wait.o
                0x00000000001037c6                wait
 .text          0x0000000000103865       0x71 binaries/wakeup.o
                0x0000000000103865                wakeup
 .text          0x00000000001038d6       0x5e binaries/write.o
                0x00000000001038d6                write
 .text          0x0000000000103934       0x18 binaries/xdone.o
                0x0000000000103934                xdone
 .text          0x000000000010394c       0x22 binaries/yield.o
                0x000000000010394c                yield
 .text          0x000000000010396e        0xe binaries/abs.o
                0x000000000010396e                abs
 .text          0x000000000010397c       0x70 binaries/atoi.o
                0x000000000010397c                atoi
 .text          0x00000000001039ec       0x70 binaries/atol.o
                0x00000000001039ec                atol
 .text          0x0000000000103a5c       0x18 binaries/bzero.o
                0x0000000000103a5c                bzero
 .text          0x0000000000103a74        0x0 binaries/ctype_.o
 .text          0x0000000000103a74      0x716 binaries/doprnt.o
                0x0000000000103bc2                _doprnt
 .text          0x000000000010418a      0x631 binaries/doscan.o
                0x000000000010418a                _doscan
 .text          0x00000000001047bb      0x70a binaries/fdoprnt.o
                0x000000000010483b                _fdoprnt
 .text          0x0000000000104ec5       0x1c binaries/fgetc.o
                0x0000000000104ec5                fgetc
 .text          0x0000000000104ee1       0x5e binaries/fgets.o
                0x0000000000104ee1                fgets
 .text          0x0000000000104f3f       0x30 binaries/fprintf.o
                0x0000000000104f3f                fprintf
 .text          0x0000000000104f6f       0x29 binaries/fputc.o
                0x0000000000104f6f                fputc
 .text          0x0000000000104f98       0x3a binaries/fputs.o
                0x0000000000104f98                fputs
 .text          0x0000000000104fd2       0x7a binaries/fscanf.o
                0x0000000000105009                fscanf
 .text          0x000000000010504c       0x27 binaries/getchar.o
                0x000000000010504c                getchar
 .text          0x0000000000105073        0xe binaries/labs.o
                0x0000000000105073                labs
 .text          0x0000000000105081       0x32 binaries/memchr.o
                0x0000000000105081                memchr
 .text          0x00000000001050b3       0x4a binaries/memcmp.o
                0x00000000001050b3                memcmp
 .text          0x00000000001050fd       0x25 binaries/memcpy.o
                0x00000000001050fd                memcpy
 .text          0x0000000000105122       0x1e binaries/memset.o
                0x0000000000105122                memset
 .text          0x0000000000105140       0x44 binaries/printf.o
                0x0000000000105140                printf
 .text          0x0000000000105184       0x2f binaries/putchar.o
                0x0000000000105184                putchar
 .text          0x00000000001051b3      0x1cb binaries/qsort.o
                0x0000000000105353                qsort
 .text          0x000000000010537e       0x44 binaries/rand.o
                0x000000000010537e                srand
                0x0000000000105388                rand
 .text          0x00000000001053c2       0x55 binaries/sprintf.o
                0x00000000001053d9                sprintf
 .text          0x0000000000105417       0x6c binaries/sscanf.o
                0x0000000000105440                sscanf
 .text          0x0000000000105483       0x33 binaries/strchr.o
                0x0000000000105483                strchr
 .text          0x00000000001054b6       0x43 binaries/strcmp.o
                0x00000000001054b6                strcmp
 .text          0x00000000001054f9       0x1a binaries/strcpy.o
                0x00000000001054f9                strcpy
 .text          0x0000000000105513       0x1c binaries/strlen.o
                0x0000000000105513                strlen
 .text          0x000000000010552f       0x3b binaries/strncat.o
                0x000000000010552f                strncat
 .text          0x000000000010556a       0x3a binaries/strncmp.o
                0x000000000010556a                strncmp
 .text          0x00000000001055a4       0x58 binaries/strncpy.o
                0x00000000001055a4                strncpy
 .text          0x00000000001055fc       0x2e binaries/strnlen.o
                0x00000000001055fc                strnlen
 .text          0x000000000010562a       0x30 binaries/strrchr.o
                0x000000000010562a                strrchr
 .text          0x000000000010565a       0x6e binaries/strstr.o
                0x000000000010565a                strstr
 .text          0x00000000001056c8       0xbb binaries/ttycontrol.o
                0x00000000001056c8                ttycontrol
 .text          0x0000000000105783       0x7b binaries/ttygetc.o
                0x0000000000105783                ttygetc
 .text          0x00000000001057fe      0x469 binaries/ttyhandle_in.o
                0x00000000001058b3                ttyhandle_in
 .text          0x0000000000105c67      0x164 binaries/ttyhandle_out.o
                0x0000000000105c67                ttyhandle_out
 .text          0x0000000000105dcb       0x83 binaries/ttyhandler.o
                0x0000000000105dcb                ttyhandler
 .text          0x0000000000105e4e      0x14e binaries/ttyinit.o
                0x0000000000105e4e                ttyinit
 .text          0x0000000000105f9c        0xc binaries/ttykickout.o
                0x0000000000105f9c                ttykickout
 .text          0x0000000000105fa8       0x93 binaries/ttyputc.o
                0x0000000000105fa8                ttyputc
 .text          0x000000000010603b       0xe2 binaries/ttyread.o
                0x000000000010603b                ttyread
 .text          0x000000000010611d       0x4d binaries/ttywrite.o
                0x000000000010611d                ttywrite
 .text          0x000000000010616a      0x10d binaries/mount.o
                0x000000000010616a                namlen
                0x00000000001061a2                mount
 .text          0x0000000000106277      0x1d5 binaries/naminit.o
                0x0000000000106277                naminit
 .text          0x000000000010644c      0x203 binaries/nammap.o
                0x000000000010644c                namrepl
                0x000000000010655f                namcpy
                0x00000000001065ac                nammap
 .text          0x000000000010664f       0x58 binaries/namopen.o
                0x000000000010664f                namopen
 .text          0x00000000001066a7       0xd0 binaries/colon2mac.o
                0x00000000001066a7                colon2mac
 .text          0x0000000000106777       0x7b binaries/ethcontrol.o
                0x0000000000106777                ethcontrol
 .text          0x00000000001067f2       0xfa binaries/ethhandler.o
                0x00000000001067f2                ethhandler
 .text          0x00000000001068ec      0x4cf binaries/ethinit.o
                0x00000000001068ec                eth_phy_read
                0x000000000010692b                eth_phy_write
                0x000000000010696d                eth_phy_reset
                0x0000000000106a69                ethinit
 .text          0x0000000000106dbb      0x11a binaries/ethmcast.o
                0x0000000000106dbb                ethmcast_add
                0x0000000000106e0e                ethmcast_remove
 .text          0x0000000000106ed5      0x156 binaries/ethread.o
                0x0000000000106ed5                ethread
 .text          0x000000000010702b       0xa3 binaries/ethwrite.o
                0x000000000010702b                ethwrite
 .text          0x00000000001070ce       0x62 binaries/rdsbufalloc.o
                0x00000000001070ce                rdsbufalloc
 .text          0x0000000000107130       0x7f binaries/rdsclose.o
                0x0000000000107130                rdsclose
 .text          0x00000000001071af      0x200 binaries/rdscomm.o
                0x00000000001071af                rdscomm
 .text          0x00000000001073af      0x194 binaries/rdscontrol.o
                0x00000000001073af                rdscontrol
 .text          0x0000000000107543      0x17e binaries/rdsinit.o
                0x0000000000107543                rdsinit
 .text          0x00000000001076c1      0x15f binaries/rdsopen.o
                0x00000000001076c1                rdsopen
 .text          0x0000000000107820      0x2d8 binaries/rdsprocess.o
                0x0000000000107820                rdsprocess
 .text          0x0000000000107af8      0x18a binaries/rdsread.o
                0x0000000000107af8                rdsread
 .text          0x0000000000107c82      0x141 binaries/rdswrite.o
                0x0000000000107c82                rdswrite
 .text          0x0000000000107dc3        0x6 binaries/ramclose.o
                0x0000000000107dc3                ramclose
 .text          0x0000000000107dc9       0x44 binaries/raminit.o
                0x0000000000107dc9                raminit
 .text          0x0000000000107e0d        0x7 binaries/ramopen.o
                0x0000000000107e0d                ramopen
 .text          0x0000000000107e14       0x30 binaries/ramread.o
                0x0000000000107e14                ramread
 .text          0x0000000000107e44       0x30 binaries/ramwrite.o
                0x0000000000107e44                ramwrite
 .text          0x0000000000107e74       0x91 binaries/lfdballoc.o
                0x0000000000107e74                lfdballoc
 .text          0x0000000000107f05       0x5d binaries/lfdbfree.o
                0x0000000000107f05                lfdbfree
 .text          0x0000000000107f62       0xaa binaries/lfflush.o
                0x0000000000107f62                lfflush
 .text          0x000000000010800c       0x7a binaries/lfgetmode.o
                0x000000000010800c                lfgetmode
 .text          0x0000000000108086       0x68 binaries/lfiballoc.o
                0x0000000000108086                lfiballoc
 .text          0x00000000001080ee       0x25 binaries/lfibclear.o
                0x00000000001080ee                lfibclear
 .text          0x0000000000108113       0x7a binaries/lfibget.o
                0x0000000000108113                lfibget
 .text          0x000000000010818d       0xa0 binaries/lfibput.o
                0x000000000010818d                lfibput
 .text          0x000000000010822d       0x76 binaries/lflclose.o
                0x000000000010822d                lflclose
 .text          0x00000000001082a3       0xa2 binaries/lflcontrol.o
                0x00000000001082a3                lflcontrol
 .text          0x0000000000108345       0x9e binaries/lflgetc.o
                0x0000000000108345                lflgetc
 .text          0x00000000001083e3       0xb8 binaries/lflinit.o
                0x00000000001083e3                lflinit
 .text          0x000000000010849b       0xba binaries/lflputc.o
                0x000000000010849b                lflputc
 .text          0x0000000000108555       0x6a binaries/lflread.o
                0x0000000000108555                lflread
 .text          0x00000000001085bf       0x82 binaries/lflseek.o
                0x00000000001085bf                lflseek
 .text          0x0000000000108641       0x56 binaries/lflwrite.o
                0x0000000000108641                lflwrite
 .text          0x0000000000108697      0x129 binaries/lfsckfmt.o
                0x0000000000108697                lfsckfmt
 .text          0x00000000001087c0      0x1d9 binaries/lfscreate.o
                0x00000000001087c0                lfscreate
 .text          0x0000000000108999      0x1aa binaries/lfsetup.o
                0x0000000000108999                lfsetup
 .text          0x0000000000108b43       0x51 binaries/lfsinit.o
                0x0000000000108b43                lfsinit
 .text          0x0000000000108b94      0x2ad binaries/lfsopen.o
                0x0000000000108b94                lfsopen
 .text          0x0000000000108e41      0x11c binaries/lftruncate.o
                0x0000000000108e41                lftruncate
 .text          0x0000000000108f5d       0x5a binaries/rflclose.o
                0x0000000000108f5d                rflclose
 .text          0x0000000000108fb7       0x34 binaries/rflgetc.o
                0x0000000000108fb7                rflgetc
 .text          0x0000000000108feb       0x4b binaries/rflinit.o
                0x0000000000108feb                rflinit
 .text          0x0000000000109036       0x3a binaries/rflputc.o
                0x0000000000109036                rflputc
 .text          0x0000000000109070      0x296 binaries/rflread.o
                0x0000000000109070                rflread
 .text          0x0000000000109306       0x60 binaries/rflseek.o
                0x0000000000109306                rflseek
 .text          0x0000000000109366      0x2b3 binaries/rflwrite.o
                0x0000000000109366                rflwrite
 .text          0x0000000000109619      0x17f binaries/rfscomm.o
                0x0000000000109619                rfscomm
 .text          0x0000000000109798      0x24a binaries/rfscontrol.o
                0x0000000000109798                rfscontrol
 .text          0x00000000001099e2       0x7a binaries/rfsgetmode.o
                0x00000000001099e2                rfsgetmode
 .text          0x0000000000109a5c       0x76 binaries/rfsinit.o
                0x0000000000109a5c                rfsinit
 .text          0x0000000000109ad2       0xbb binaries/rfsndmsg.o
                0x0000000000109ad2                rfsndmsg
 .text          0x0000000000109b8d      0x229 binaries/rfsopen.o
                0x0000000000109b8d                rfsopen
 .text          0x0000000000109db6      0x64d binaries/arp.o
                0x0000000000109db6                arp_init
                0x0000000000109dce                arp_alloc
                0x0000000000109e7e                arp_ntoh
                0x0000000000109ee8                arp_hton
                0x0000000000109f52                arp_resolve
                0x000000000010a1d1                arp_in
 .text          0x000000000010a403      0x614 binaries/dhcp.o
                0x000000000010a403                dhcp_get_opt_val
                0x000000000010a456                dhcp_bld_bootp_msg
                0x000000000010a556                dhcp_bld_disc
                0x000000000010a5a8                dhcp_bld_req
                0x000000000010a646                getlocalip
 .text          0x000000000010aa17       0xcb binaries/dot2ip.o
                0x000000000010aa17                dot2ip
 .text          0x000000000010aae2      0x366 binaries/hexdump.o
                0x000000000010aae2                hexdump
                0x000000000010ac11                hexadump
 .text          0x000000000010ae48      0x5ef binaries/icmp.o
                0x000000000010ae48                icmp_init
                0x000000000010ae60                icmp_register
                0x000000000010af12                icmp_recv
                0x000000000010b067                icmp_mkpkt
                0x000000000010b141                icmp_in
                0x000000000010b279                icmp_send
                0x000000000010b2f5                icmp_release
                0x000000000010b3b1                icmp_cksum
                0x000000000010b40f                icmp_hton
                0x000000000010b423                icmp_ntoh
 .text          0x000000000010b437      0x567 binaries/ip.o
                0x000000000010b437                ip_local
                0x000000000010b46b                ipcksum
                0x000000000010b4bc                ip_ntoh
                0x000000000010b526                ip_in
                0x000000000010b61b                ip_hton
                0x000000000010b685                ip_out
                0x000000000010b739                ip_send
                0x000000000010b836                ipout
                0x000000000010b912                ip_enqueue
 .text          0x000000000010b99e      0x1d3 binaries/net.o
                0x000000000010b99e                net_init
                0x000000000010bad9                eth_hton
                0x000000000010bae3                eth_ntoh
                0x000000000010baed                netin
 .text          0x000000000010bb71       0xd3 binaries/netstart.o
                0x000000000010bb71                netstart
 .text          0x000000000010bc44      0xb3f binaries/pdump.o
                0x000000000010bc44                pdump
                0x000000000010c2b1                pdumph
 .text          0x000000000010c783      0x5db binaries/tftp.o
                0x000000000010c783                tftp_send1
                0x000000000010c8b6                tftpget_mb
                0x000000000010cd21                tftpget
 .text          0x000000000010cd5e      0x7d8 binaries/udp.o
                0x000000000010cd5e                udp_init
                0x000000000010cd9b                udp_in
                0x000000000010ce54                udp_register
                0x000000000010cf42                udp_recv
                0x000000000010d059                udp_recvaddr
                0x000000000010d187                udp_send
                0x000000000010d302                udp_sendto
                0x000000000010d452                udp_release
                0x000000000010d50e                udp_ntoh
                0x000000000010d522                udp_hton
 .text          0x000000000010d536      0x104 binaries/addargs.o
                0x000000000010d536                addargs
 .text          0x000000000010d63a      0x1f8 binaries/lexan.o
                0x000000000010d63a                lexan
 .text          0x000000000010d832      0x63d binaries/shell.o
                0x000000000010d832                shell
 .text          0x000000000010de6f       0x5b binaries/xsh_argecho.o
                0x000000000010de6f                xsh_argecho
 .text          0x000000000010deca      0x1d6 binaries/xsh_arp.o
                0x000000000010deca                xsh_arp
 .text          0x000000000010e0a0      0x219 binaries/xsh_cat.o
                0x000000000010e0a0                xsh_cat
 .text          0x000000000010e2b9       0x58 binaries/xsh_clear.o
                0x000000000010e2b9                xsh_clear
 .text          0x000000000010e311      0x2bf binaries/xsh_date.o
                0x000000000010e311                xsh_date
 .text          0x000000000010e5d0       0x8f binaries/xsh_devdump.o
                0x000000000010e5d0                xsh_devdump
 .text          0x000000000010e65f       0x60 binaries/xsh_echo.o
                0x000000000010e65f                xsh_echo
 .text          0x000000000010e6bf        0x6 binaries/xsh_exit.o
                0x000000000010e6bf                xsh_exit
 .text          0x000000000010e6c5      0x329 binaries/xsh_help.o
                0x000000000010e6c5                xsh_help
 .text          0x000000000010e9ee      0x42d binaries/xsh_ipaddr.o
                0x000000000010e9ee                xsh_ipaddr
 .text          0x000000000010ee1b      0x1f9 binaries/xsh_kill.o
                0x000000000010ee1b                xsh_kill
 .text          0x000000000010f014      0x3fb binaries/xsh_memdump.o
                0x000000000010f0ca                xsh_memdump
 .text          0x000000000010f40f      0x1fc binaries/xsh_memstat.o
                0x000000000010f40f                xsh_memstat
 .text          0x000000000010f60b      0x320 binaries/xsh_ping.o
                0x000000000010f60b                xsh_ping
 .text          0x000000000010f92b      0x1fe binaries/xsh_ps.o
                0x000000000010f92b                xsh_ps
 .text          0x000000000010fb29      0x1e8 binaries/xsh_sleep.o
                0x000000000010fb29                xsh_sleep
 .text          0x000000000010fd11      0x22c binaries/xsh_udpdump.o
                0x000000000010fd11                xsh_udpdump
 .text          0x000000000010ff3d      0x44e binaries/xsh_udpecho.o
                0x000000000010ff3d                xsh_udpecho
 .text          0x000000000011038b      0x287 binaries/xsh_udpeserver.o
                0x000000000011038b                xsh_udpeserver
 .text          0x0000000000110612      0x1c6 binaries/xsh_uptime.o
                0x0000000000110612                xsh_uptime
 .text          0x00000000001107d8        0xe binaries/clkdisp.o
                0x00000000001107d8                clkdisp
 .text          0x00000000001107e6       0x19 binaries/ctxsw.o
                0x00000000001107e6                ctxsw
 .text          0x00000000001107ff      0x36b binaries/intr.o
                0x00000000001107ff                disable
                0x0000000000110808                restore
                0x0000000000110816                enable
                0x0000000000110818                pause
                0x000000000011081f                halt
                0x0000000000110825                spurious_irq7
                0x000000000011082a                spurious_irq15
                0x0000000000110839                _Xint0
                0x0000000000110844                _Xint1
                0x000000000011084f                _Xint2
                0x000000000011085a                _Xint3
                0x0000000000110865                _Xint4
                0x0000000000110870                _Xint5
                0x000000000011087b                _Xint6
                0x0000000000110886                _Xint7
                0x0000000000110891                _Xint8
                0x000000000011089c                _Xint9
                0x00000000001108a7                _Xint10
                0x00000000001108b2                _Xint11
                0x00000000001108c0                _Xint12
                0x00000000001108ce                _Xint13
                0x00000000001108dc                _Xint14
                0x00000000001108ea                _Xint15
                0x00000000001108f8                _Xint16
                0x0000000000110906                _Xint17
                0x0000000000110914                _Xint18
                0x0000000000110922                _Xint19
                0x0000000000110930                _Xint20
                0x000000000011093e                _Xint21
                0x000000000011094c                _Xint22
                0x000000000011095a                _Xint23
                0x0000000000110968                _Xint24
                0x0000000000110976                _Xint25
                0x0000000000110984                _Xint26
                0x0000000000110992                _Xint27
                0x00000000001109a0                _Xint28
                0x00000000001109ae                _Xint29
                0x00000000001109bc                _Xint30
                0x00000000001109ca                _Xint31
                0x00000000001109d8                _Xint32
                0x00000000001109e6                _Xint33
                0x00000000001109f4                _Xint34
                0x0000000000110a02                _Xint35
                0x0000000000110a10                _Xint36
                0x0000000000110a1e                _Xint37
                0x0000000000110a2c                _Xint38
                0x0000000000110a3a                _Xint39
                0x0000000000110a48                _Xint40
                0x0000000000110a56                _Xint41
                0x0000000000110a64                _Xint42
                0x0000000000110a72                _Xint43
                0x0000000000110a80                _Xint44
                0x0000000000110a8e                _Xint45
                0x0000000000110a9c                _Xint46
                0x0000000000110aaa                defevec
 .text          0x0000000000110b6a        0xf binaries/ttydispatch.o
                0x0000000000110b6a                ttydispatch
 .text          0x0000000000110b79       0x13 binaries/ethdispatch.o
                0x0000000000110b79                ethdispatch
 *(.rodata .rodata.*)
 .rodata.str1.1
                0x0000000000110b8c       0x54 binaries/ascdate.o
 .rodata.str1.4
                0x0000000000110be0       0x22 binaries/ascdate.o
 .rodata.str1.1
                0x0000000000110c02       0x5f binaries/conf.o
 *fill*         0x0000000000110c61        0x3 
 .rodata.str1.4
                0x0000000000110c64       0x4f binaries/early_imr.o
 .rodata        0x0000000000110cb3       0x30 binaries/early_imr.o
 .rodata.str1.1
                0x0000000000110ce3      0x20c binaries/evec.o
 *fill*         0x0000000000110eef        0x1 
 .rodata.str1.4
                0x0000000000110ef0       0x23 binaries/evec.o
 .rodata.str1.1
                0x0000000000110f13        0xb binaries/getutime.o
 *fill*         0x0000000000110f1e        0x2 
 .rodata.str1.4
                0x0000000000110f20       0x54 binaries/getutime.o
 .rodata.str1.1
                0x0000000000110f74       0x63 binaries/initialize.o
                                         0x67 (size before relaxing)
 *fill*         0x0000000000110fd7        0x1 
 .rodata.str1.4
                0x0000000000110fd8       0xd4 binaries/initialize.o
 .rodata        0x00000000001110ac       0x20 binaries/kill.o
 .rodata.str1.1
                0x00000000001110cc       0x2b binaries/main.o
 *fill*         0x00000000001110f7        0x1 
 .rodata.str1.4
                0x00000000001110f8      0x18e binaries/main.o
 *fill*         0x0000000000111286        0x2 
 .rodata.str1.4
                0x0000000000111288       0x23 binaries/meminit.o
 .rodata.str1.1
                0x00000000001112ab       0x1b binaries/meminit.o
 .rodata.str1.1
                0x00000000001112c6        0xf binaries/panic.o
 .rodata.str1.1
                0x00000000001112d5       0x1c binaries/ptinit.o
 *fill*         0x00000000001112f1        0x3 
 .rodata.str1.4
                0x00000000001112f4       0x25 binaries/ptsend.o
 .rodata.str1.1
                0x0000000000111319       0x22 binaries/quark_pdat.o
 *fill*         0x000000000011133b        0x1 
 .rodata.str1.4
                0x000000000011133c       0x63 binaries/stacktrace.o
 .rodata.str1.1
                0x000000000011139f       0x52 binaries/stacktrace.o
 *fill*         0x00000000001113f1        0x3 
 .rodata.str1.4
                0x00000000001113f4       0x27 binaries/xdone.o
 *fill*         0x000000000011141b        0x5 
 .rodata        0x0000000000111420       0x81 binaries/ctype_.o
                0x0000000000111420                _ctype_
 .rodata.str1.1
                0x00000000001114a1       0x29 binaries/doprnt.o
 *fill*         0x00000000001114ca        0x2 
 .rodata        0x00000000001114cc       0xc4 binaries/doprnt.o
 .rodata        0x0000000000111590       0x98 binaries/doscan.o
 .rodata.str1.1
                0x0000000000000000       0x29 binaries/fdoprnt.o
 .rodata        0x0000000000111628       0x84 binaries/fdoprnt.o
 .rodata        0x00000000001116ac       0x20 binaries/ttycontrol.o
 .rodata.str1.4
                0x00000000001116cc       0x4c binaries/naminit.o
 .rodata.str1.1
                0x0000000000111718       0x32 binaries/naminit.o
                                         0x35 (size before relaxing)
 .rodata.str1.1
                0x000000000011174a       0x15 binaries/ethinit.o
 *fill*         0x000000000011175f        0x1 
 .rodata.str1.4
                0x0000000000111760       0x2e binaries/ethinit.o
 *fill*         0x000000000011178e        0x2 
 .rodata.str1.4
                0x0000000000111790       0x2c binaries/rdsbufalloc.o
 .rodata.str1.4
                0x00000000001117bc       0x76 binaries/rdscomm.o
 *fill*         0x0000000000111832        0x2 
 .rodata.str1.4
                0x0000000000111834       0x48 binaries/rdscontrol.o
 .rodata.str1.4
                0x000000000011187c       0x7e binaries/rdsinit.o
 .rodata.str1.1
                0x00000000001118fa       0x18 binaries/rdsinit.o
 *fill*         0x0000000000111912        0x2 
 .rodata.str1.4
                0x0000000000111914       0x22 binaries/rdsopen.o
 *fill*         0x0000000000111936        0x2 
 .rodata.str1.4
                0x0000000000111938       0x4d binaries/rdsprocess.o
 .rodata.str1.1
                0x0000000000111985        0x9 binaries/raminit.o
 .rodata.str1.1
                0x000000000011198e       0x13 binaries/lfdballoc.o
 *fill*         0x00000000001119a1        0x3 
 .rodata.str1.4
                0x00000000001119a4       0x23 binaries/lfdballoc.o
 .rodata.str1.1
                0x00000000001119c7       0x14 binaries/lfiballoc.o
 *fill*         0x00000000001119db        0x1 
 .rodata.str1.4
                0x00000000001119dc       0x23 binaries/lflcontrol.o
 .rodata.str1.1
                0x00000000001119ff       0x64 binaries/lfsckfmt.o
 *fill*         0x0000000000111a63        0x1 
 .rodata.str1.4
                0x0000000000111a64       0x51 binaries/lfsckfmt.o
 *fill*         0x0000000000111ab5        0x3 
 .rodata.str1.4
                0x0000000000111ab8       0x21 binaries/rflread.o
 .rodata.str1.4
                0x0000000000000000       0x21 binaries/rflwrite.o
 *fill*         0x0000000000111ad9        0x3 
 .rodata.str1.4
                0x0000000000111adc       0x75 binaries/rfscomm.o
 *fill*         0x0000000000111b51        0x3 
 .rodata.str1.4
                0x0000000000111b54       0x23 binaries/rfscontrol.o
 *fill*         0x0000000000111b77        0x1 
 .rodata        0x0000000000111b78       0x18 binaries/rfscontrol.o
 .rodata.str1.1
                0x0000000000000000       0x10 binaries/rfsinit.o
 .rodata.str1.4
                0x0000000000111b90       0x57 binaries/rfsinit.o
 *fill*         0x0000000000111be7        0x1 
 .rodata.str1.4
                0x0000000000111be8       0x2a binaries/rfsndmsg.o
 .rodata.str1.4
                0x0000000000000000       0x22 binaries/rfsopen.o
 .rodata.str1.1
                0x0000000000111c12       0x19 binaries/arp.o
 *fill*         0x0000000000111c2b        0x1 
 .rodata.str1.4
                0x0000000000111c2c       0x21 binaries/arp.o
 *fill*         0x0000000000111c4d        0x3 
 .rodata.str1.4
                0x0000000000111c50       0xa6 binaries/dhcp.o
 .rodata.str1.1
                0x0000000000111cf6       0x4a binaries/dhcp.o
 .rodata.str1.1
                0x0000000000111d40       0x5a binaries/hexdump.o
                                         0x61 (size before relaxing)
 *fill*         0x0000000000111d9a        0x2 
 .rodata.str1.4
                0x0000000000111d9c       0x67 binaries/hexdump.o
 *fill*         0x0000000000111e03        0x1 
 .rodata.str1.4
                0x0000000000111e04       0x29 binaries/icmp.o
 .rodata.str1.1
                0x0000000000111e2d       0x4e binaries/ip.o
 *fill*         0x0000000000111e7b        0x1 
 .rodata.str1.4
                0x0000000000111e7c       0x20 binaries/ip.o
 .rodata.str1.4
                0x0000000000111e9c       0x28 binaries/net.o
 .rodata.str1.1
                0x0000000000111ec4       0x27 binaries/net.o
 *fill*         0x0000000000111eeb        0x1 
 .rodata.str1.4
                0x0000000000111eec       0xcf binaries/netstart.o
 .rodata.str1.1
                0x0000000000111fbb      0x141 binaries/pdump.o
                                        0x14b (size before relaxing)
 .rodata.str1.4
                0x00000000001120fc      0x126 binaries/pdump.o
 *fill*         0x0000000000112222        0x2 
 .rodata.str1.4
                0x0000000000112224      0x148 binaries/tftp.o
 .rodata.str1.1
                0x000000000011236c        0x6 binaries/tftp.o
                                          0xa (size before relaxing)
 .rodata.str1.1
                0x0000000000112372       0xe3 binaries/shell.o
                                         0xff (size before relaxing)
 *fill*         0x0000000000112455        0x3 
 .rodata.str1.4
                0x0000000000112458      0x1c4 binaries/shell.o
 *fill*         0x000000000011261c        0x4 
 .rodata        0x0000000000112620       0xfc binaries/shell.o
                0x0000000000112620                cmdtab
 .rodata.str1.1
                0x000000000011271c       0x26 binaries/xsh_argecho.o
                                         0x28 (size before relaxing)
 .rodata.str1.1
                0x0000000000112742       0x70 binaries/xsh_arp.o
                                         0x72 (size before relaxing)
 *fill*         0x00000000001127b2        0x2 
 .rodata.str1.4
                0x00000000001127b4       0xb4 binaries/xsh_arp.o
 .rodata.str1.1
                0x0000000000112868       0x2d binaries/xsh_cat.o
                                         0x4f (size before relaxing)
 *fill*         0x0000000000112895        0x3 
 .rodata.str1.4
                0x0000000000112898       0x52 binaries/xsh_cat.o
                                         0x79 (size before relaxing)
 .rodata.str1.1
                0x00000000001128ea       0x15 binaries/xsh_clear.o
 .rodata.str1.1
                0x00000000001128ff       0x46 binaries/xsh_date.o
                                         0x5f (size before relaxing)
 *fill*         0x0000000000112945        0x3 
 .rodata.str1.4
                0x0000000000112948      0x163 binaries/xsh_date.o
 .rodata.str1.1
                0x0000000000112aab       0x5d binaries/xsh_devdump.o
 .rodata.str1.1
                0x0000000000112b08        0x4 binaries/xsh_echo.o
                                          0x9 (size before relaxing)
 .rodata.str1.1
                0x0000000000112b0c       0x65 binaries/xsh_help.o
                                         0xa3 (size before relaxing)
 *fill*         0x0000000000112b71        0x3 
 .rodata.str1.4
                0x0000000000112b74       0x7c binaries/xsh_help.o
                                         0xc6 (size before relaxing)
 .rodata.str1.1
                0x0000000000112bf0       0x9c binaries/xsh_ipaddr.o
                                         0xf8 (size before relaxing)
 .rodata.str1.4
                0x0000000000112c8c       0x4d binaries/xsh_ipaddr.o
                                         0x99 (size before relaxing)
 .rodata.str1.1
                0x0000000000112cd9       0x78 binaries/xsh_kill.o
                                         0x97 (size before relaxing)
 *fill*         0x0000000000112d51        0x3 
 .rodata.str1.4
                0x0000000000112d54       0x4a binaries/xsh_kill.o
                                         0x96 (size before relaxing)
 .rodata.str1.1
                0x0000000000112d9e       0x84 binaries/xsh_memdump.o
                                         0xa8 (size before relaxing)
 *fill*         0x0000000000112e22        0x2 
 .rodata.str1.4
                0x0000000000112e24      0x15a binaries/xsh_memdump.o
                                        0x1aa (size before relaxing)
 .rodata.str1.1
                0x0000000000112f7e       0x40 binaries/xsh_memstat.o
                                         0x79 (size before relaxing)
 *fill*         0x0000000000112fbe        0x2 
 .rodata.str1.4
                0x0000000000112fc0      0x187 binaries/xsh_memstat.o
                                        0x1af (size before relaxing)
 .rodata.str1.1
                0x0000000000113147       0x90 binaries/xsh_ping.o
                                         0xaf (size before relaxing)
 *fill*         0x00000000001131d7        0x1 
 .rodata.str1.4
                0x00000000001131d8       0x77 binaries/xsh_ping.o
                                         0xc6 (size before relaxing)
 .rodata.str1.1
                0x000000000011324f       0x74 binaries/xsh_ps.o
                                         0xd5 (size before relaxing)
 *fill*         0x00000000001132c3        0x1 
 .rodata.str1.4
                0x00000000001132c4       0x80 binaries/xsh_ps.o
                                         0xd0 (size before relaxing)
 *fill*         0x0000000000113344       0x1c 
 .rodata        0x0000000000113360       0x20 binaries/xsh_ps.o
 .rodata.str1.1
                0x0000000000113380       0x31 binaries/xsh_sleep.o
                                         0x72 (size before relaxing)
 *fill*         0x00000000001133b1        0x3 
 .rodata.str1.4
                0x00000000001133b4       0x2a binaries/xsh_sleep.o
                                         0x7a (size before relaxing)
 .rodata.str1.1
                0x00000000001133de       0x6b binaries/xsh_udpdump.o
                                         0xd2 (size before relaxing)
 *fill*         0x0000000000113449        0x3 
 .rodata.str1.4
                0x000000000011344c       0x94 binaries/xsh_udpdump.o
                                         0xe4 (size before relaxing)
 .rodata.str1.1
                0x00000000001134e0       0xdb binaries/xsh_udpecho.o
                                         0xfa (size before relaxing)
 *fill*         0x00000000001135bb        0x1 
 .rodata.str1.4
                0x00000000001135bc       0xc7 binaries/xsh_udpecho.o
                                        0x116 (size before relaxing)
 .rodata.str1.1
                0x0000000000113683       0x66 binaries/xsh_udpeserver.o
                                         0x8f (size before relaxing)
 *fill*         0x00000000001136e9        0x3 
 .rodata.str1.4
                0x00000000001136ec       0x29 binaries/xsh_udpeserver.o
                                         0x9f (size before relaxing)
 .rodata.str1.1
                0x0000000000113715       0x49 binaries/xsh_uptime.o
                                         0x8c (size before relaxing)
 *fill*         0x000000000011375e        0x2 
 .rodata.str1.4
                0x0000000000113760       0x28 binaries/xsh_uptime.o
                                         0x76 (size before relaxing)
                0x0000000000113788                etext = ABSOLUTE (.)
                0x0000000000114000                . = ALIGN (0x1000)
 *fill*         0x0000000000113788      0x878 

.eh_frame       0x0000000000114000     0x317c
 .eh_frame      0x0000000000114000       0x58 binaries/ascdate.o
 .eh_frame      0x0000000000114058       0x14 binaries/bufinit.o
                                         0x2c (size before relaxing)
 .eh_frame      0x000000000011406c       0x34 binaries/chprio.o
                                         0x4c (size before relaxing)
 .eh_frame      0x00000000001140a0       0x18 binaries/clkhandler.o
                                         0x30 (size before relaxing)
 .eh_frame      0x00000000001140b8       0x18 binaries/clkinit.o
                                         0x30 (size before relaxing)
 .eh_frame      0x00000000001140d0       0x2c binaries/close.o
                                         0x44 (size before relaxing)
 .eh_frame      0x00000000001140fc       0x2c binaries/control.o
                                         0x44 (size before relaxing)
 .eh_frame      0x0000000000114128       0x40 binaries/create.o
                                         0x58 (size before relaxing)
 .eh_frame      0x0000000000114168       0x98 binaries/early_imr.o
                                         0xb0 (size before relaxing)
 .eh_frame      0x0000000000114200       0x94 binaries/evec.o
                                         0xac (size before relaxing)
 .eh_frame      0x0000000000114294       0x2c binaries/freebuf.o
                                         0x44 (size before relaxing)
 .eh_frame      0x00000000001142c0       0x3c binaries/freemem.o
                                         0x54 (size before relaxing)
 .eh_frame      0x00000000001142fc       0x3c binaries/getbuf.o
                                         0x54 (size before relaxing)
 .eh_frame      0x0000000000114338       0x2c binaries/getc.o
                                         0x44 (size before relaxing)
 .eh_frame      0x0000000000114364       0x3c binaries/getdev.o
                                         0x54 (size before relaxing)
 .eh_frame      0x00000000001143a0       0x4c binaries/getitem.o
                                         0x64 (size before relaxing)
 .eh_frame      0x00000000001143ec       0x2c binaries/getmem.o
                                         0x44 (size before relaxing)
 .eh_frame      0x0000000000114418       0x14 binaries/getpid.o
                                         0x2c (size before relaxing)
 .eh_frame      0x000000000011442c       0x24 binaries/getprio.o
                                         0x3c (size before relaxing)
 .eh_frame      0x0000000000114450       0x3c binaries/getstk.o
                                         0x54 (size before relaxing)
 .eh_frame      0x000000000011448c       0x18 binaries/gettime.o
                                         0x30 (size before relaxing)
 .eh_frame      0x00000000001144a4       0x24 binaries/getutime.o
                                         0x3c (size before relaxing)
 .eh_frame      0x00000000001144c8       0x2c binaries/init.o
                                         0x44 (size before relaxing)
 .eh_frame      0x00000000001144f4       0x48 binaries/initialize.o
                                         0x60 (size before relaxing)
 .eh_frame      0x000000000011453c       0x24 binaries/insert.o
                                         0x3c (size before relaxing)
 .eh_frame      0x0000000000114560       0x38 binaries/insertd.o
                                         0x50 (size before relaxing)
 .eh_frame      0x0000000000114598       0x14 binaries/ioerr.o
                                         0x2c (size before relaxing)
 .eh_frame      0x00000000001145ac       0x14 binaries/ionull.o
                                         0x2c (size before relaxing)
 .eh_frame      0x00000000001145c0       0x40 binaries/kill.o
                                         0x58 (size before relaxing)
 .eh_frame      0x0000000000114600       0x58 binaries/kprintf.o
                                         0x70 (size before relaxing)
 .eh_frame      0x0000000000114658       0x1c binaries/main.o
                                         0x34 (size before relaxing)
 .eh_frame      0x0000000000114674       0x3c binaries/mark.o
                                         0x54 (size before relaxing)
 .eh_frame      0x00000000001146b0       0x58 binaries/meminit.o
                                         0x70 (size before relaxing)
 .eh_frame      0x0000000000114708       0x40 binaries/mkbufpool.o
                                         0x58 (size before relaxing)
 .eh_frame      0x0000000000114748       0x14 binaries/newqueue.o
                                         0x2c (size before relaxing)
 .eh_frame      0x000000000011475c       0x2c binaries/open.o
                                         0x44 (size before relaxing)
 .eh_frame      0x0000000000114788       0x14 binaries/panic.o
                                         0x2c (size before relaxing)
 .eh_frame      0x000000000011479c       0xe0 binaries/pci.o
                                         0xf8 (size before relaxing)
 .eh_frame      0x000000000011487c       0x18 binaries/platinit.o
                                         0x30 (size before relaxing)
 .eh_frame      0x0000000000114894       0x3c binaries/ptclear.o
                                         0x54 (size before relaxing)
 .eh_frame      0x00000000001148d0       0x34 binaries/ptcount.o
                                         0x4c (size before relaxing)
 .eh_frame      0x0000000000114904       0x3c binaries/ptcreate.o
                                         0x54 (size before relaxing)
 .eh_frame      0x0000000000114940       0x2c binaries/ptdelete.o
                                         0x44 (size before relaxing)
 .eh_frame      0x000000000011496c       0x2c binaries/ptinit.o
                                         0x44 (size before relaxing)
 .eh_frame      0x0000000000114998       0x3c binaries/ptrecv.o
                                         0x54 (size before relaxing)
 .eh_frame      0x00000000001149d4       0x2c binaries/ptreset.o
                                         0x44 (size before relaxing)
 .eh_frame      0x0000000000114a00       0x34 binaries/ptsend.o
                                         0x4c (size before relaxing)
 .eh_frame      0x0000000000114a34       0x34 binaries/putc.o
                                         0x4c (size before relaxing)
 .eh_frame      0x0000000000114a68       0x24 binaries/quark_irq.o
                                         0x3c (size before relaxing)
 .eh_frame      0x0000000000114a8c       0x60 binaries/quark_pdat.o
                                         0x78 (size before relaxing)
 .eh_frame      0x0000000000114aec       0x34 binaries/queue.o
                                         0x4c (size before relaxing)
 .eh_frame      0x0000000000114b20       0x2c binaries/read.o
                                         0x44 (size before relaxing)
 .eh_frame      0x0000000000114b4c       0x18 binaries/ready.o
                                         0x30 (size before relaxing)
 .eh_frame      0x0000000000114b64       0x34 binaries/receive.o
                                         0x4c (size before relaxing)
 .eh_frame      0x0000000000114b98       0x20 binaries/recvclr.o
                                         0x38 (size before relaxing)
 .eh_frame      0x0000000000114bb8       0x3c binaries/recvtime.o
                                         0x54 (size before relaxing)
 .eh_frame      0x0000000000114bf4       0x14 binaries/registercb.o
                                         0x2c (size before relaxing)
 .eh_frame      0x0000000000114c08       0x4c binaries/resched.o
                                         0x64 (size before relaxing)
 .eh_frame      0x0000000000114c54       0x34 binaries/resume.o
                                         0x4c (size before relaxing)
 .eh_frame      0x0000000000114c88       0x2c binaries/seek.o
                                         0x44 (size before relaxing)
 .eh_frame      0x0000000000114cb4       0x24 binaries/semcount.o
                                         0x3c (size before relaxing)
 .eh_frame      0x0000000000114cd8       0x3c binaries/semcreate.o
                                         0x54 (size before relaxing)
 .eh_frame      0x0000000000114d14       0x2c binaries/semdelete.o
                                         0x44 (size before relaxing)
 .eh_frame      0x0000000000114d40       0x3c binaries/semreset.o
                                         0x54 (size before relaxing)
 .eh_frame      0x0000000000114d7c       0x2c binaries/send.o
                                         0x44 (size before relaxing)
 .eh_frame      0x0000000000114da8       0x2c binaries/signal.o
                                         0x44 (size before relaxing)
 .eh_frame      0x0000000000114dd4       0x34 binaries/signaln.o
                                         0x4c (size before relaxing)
 .eh_frame      0x0000000000114e08       0x44 binaries/sleep.o
                                         0x5c (size before relaxing)
 .eh_frame      0x0000000000114e4c       0x40 binaries/stacktrace.o
                                         0x58 (size before relaxing)
 .eh_frame      0x0000000000114e8c       0x3c binaries/suspend.o
                                         0x54 (size before relaxing)
 .eh_frame      0x0000000000114ec8       0x2c binaries/unsleep.o
                                         0x44 (size before relaxing)
 .eh_frame      0x0000000000114ef4       0x18 binaries/userret.o
                                         0x30 (size before relaxing)
 .eh_frame      0x0000000000114f0c       0x34 binaries/wait.o
                                         0x4c (size before relaxing)
 .eh_frame      0x0000000000114f40       0x18 binaries/wakeup.o
                                         0x30 (size before relaxing)
 .eh_frame      0x0000000000114f58       0x2c binaries/write.o
                                         0x44 (size before relaxing)
 .eh_frame      0x0000000000114f84       0x18 binaries/xdone.o
                                         0x30 (size before relaxing)
 .eh_frame      0x0000000000114f9c       0x20 binaries/yield.o
                                         0x38 (size before relaxing)
 .eh_frame      0x0000000000114fbc       0x14 binaries/abs.o
                                         0x2c (size before relaxing)
 .eh_frame      0x0000000000114fd0       0x24 binaries/atoi.o
                                         0x3c (size before relaxing)
 .eh_frame      0x0000000000114ff4       0x24 binaries/atol.o
                                         0x3c (size before relaxing)
 .eh_frame      0x0000000000115018       0x14 binaries/bzero.o
                                         0x2c (size before relaxing)
 .eh_frame      0x000000000011502c       0xd4 binaries/doprnt.o
                                         0xec (size before relaxing)
 .eh_frame      0x0000000000115100       0x40 binaries/doscan.o
                                         0x58 (size before relaxing)
 .eh_frame      0x0000000000115140       0x7c binaries/fdoprnt.o
                                         0x94 (size before relaxing)
 .eh_frame      0x00000000001151bc       0x18 binaries/fgetc.o
                                         0x30 (size before relaxing)
 .eh_frame      0x00000000001151d4       0x3c binaries/fgets.o
                                         0x54 (size before relaxing)
 .eh_frame      0x0000000000115210       0x18 binaries/fprintf.o
                                         0x30 (size before relaxing)
 .eh_frame      0x0000000000115228       0x18 binaries/fputc.o
                                         0x30 (size before relaxing)
 .eh_frame      0x0000000000115240       0x2c binaries/fputs.o
                                         0x44 (size before relaxing)
 .eh_frame      0x000000000011526c       0x4c binaries/fscanf.o
                                         0x64 (size before relaxing)
 .eh_frame      0x00000000001152b8       0x18 binaries/getchar.o
                                         0x30 (size before relaxing)
 .eh_frame      0x00000000001152d0       0x14 binaries/labs.o
                                         0x2c (size before relaxing)
 .eh_frame      0x00000000001152e4       0x14 binaries/memchr.o
                                         0x2c (size before relaxing)
 .eh_frame      0x00000000001152f8       0x24 binaries/memcmp.o
                                         0x3c (size before relaxing)
 .eh_frame      0x000000000011531c       0x24 binaries/memcpy.o
                                         0x3c (size before relaxing)
 .eh_frame      0x0000000000115340       0x1c binaries/memset.o
                                         0x34 (size before relaxing)
 .eh_frame      0x000000000011535c       0x18 binaries/printf.o
                                         0x30 (size before relaxing)
 .eh_frame      0x0000000000115374       0x18 binaries/putchar.o
                                         0x30 (size before relaxing)
 .eh_frame      0x000000000011538c       0xa8 binaries/qsort.o
                                         0xc0 (size before relaxing)
 .eh_frame      0x0000000000115434       0x28 binaries/rand.o
                                         0x40 (size before relaxing)
 .eh_frame      0x000000000011545c       0x3c binaries/sprintf.o
                                         0x54 (size before relaxing)
 .eh_frame      0x0000000000115498       0x40 binaries/sscanf.o
                                         0x58 (size before relaxing)
 .eh_frame      0x00000000001154d8       0x1c binaries/strchr.o
                                         0x34 (size before relaxing)
 .eh_frame      0x00000000001154f4       0x1c binaries/strcmp.o
                                         0x34 (size before relaxing)
 .eh_frame      0x0000000000115510       0x14 binaries/strcpy.o
                                         0x2c (size before relaxing)
 .eh_frame      0x0000000000115524       0x14 binaries/strlen.o
                                         0x2c (size before relaxing)
 .eh_frame      0x0000000000115538       0x2c binaries/strncat.o
                                         0x44 (size before relaxing)
 .eh_frame      0x0000000000115564       0x1c binaries/strncmp.o
                                         0x34 (size before relaxing)
 .eh_frame      0x0000000000115580       0x30 binaries/strncpy.o
                                         0x48 (size before relaxing)
 .eh_frame      0x00000000001155b0       0x14 binaries/strnlen.o
                                         0x2c (size before relaxing)
 .eh_frame      0x00000000001155c4       0x1c binaries/strrchr.o
                                         0x34 (size before relaxing)
 .eh_frame      0x00000000001155e0       0x38 binaries/strstr.o
                                         0x50 (size before relaxing)
 .eh_frame      0x0000000000115618       0x2c binaries/ttycontrol.o
                                         0x44 (size before relaxing)
 .eh_frame      0x0000000000115644       0x2c binaries/ttygetc.o
                                         0x44 (size before relaxing)
 .eh_frame      0x0000000000115670       0x9c binaries/ttyhandle_in.o
                                         0xb4 (size before relaxing)
 .eh_frame      0x000000000011570c       0x40 binaries/ttyhandle_out.o
                                         0x58 (size before relaxing)
 .eh_frame      0x000000000011574c       0x2c binaries/ttyhandler.o
                                         0x44 (size before relaxing)
 .eh_frame      0x0000000000115778       0x2c binaries/ttyinit.o
                                         0x44 (size before relaxing)
 .eh_frame      0x00000000001157a4       0x14 binaries/ttykickout.o
                                         0x2c (size before relaxing)
 .eh_frame      0x00000000001157b8       0x34 binaries/ttyputc.o
                                         0x4c (size before relaxing)
 .eh_frame      0x00000000001157ec       0x3c binaries/ttyread.o
                                         0x54 (size before relaxing)
 .eh_frame      0x0000000000115828       0x34 binaries/ttywrite.o
                                         0x4c (size before relaxing)
 .eh_frame      0x000000000011585c       0x50 binaries/mount.o
                                         0x68 (size before relaxing)
 .eh_frame      0x00000000001158ac       0x40 binaries/naminit.o
                                         0x58 (size before relaxing)
 .eh_frame      0x00000000001158ec       0xa4 binaries/nammap.o
                                         0xbc (size before relaxing)
 .eh_frame      0x0000000000115990       0x1c binaries/namopen.o
                                         0x34 (size before relaxing)
 .eh_frame      0x00000000001159ac       0x3c binaries/colon2mac.o
                                         0x54 (size before relaxing)
 .eh_frame      0x00000000001159e8       0x18 binaries/ethcontrol.o
                                         0x30 (size before relaxing)
 .eh_frame      0x0000000000115a00       0x3c binaries/ethhandler.o
                                         0x54 (size before relaxing)
 .eh_frame      0x0000000000115a3c       0x94 binaries/ethinit.o
                                         0xac (size before relaxing)
 .eh_frame      0x0000000000115ad0       0x68 binaries/ethmcast.o
                                         0x80 (size before relaxing)
 .eh_frame      0x0000000000115b38       0x40 binaries/ethread.o
                                         0x58 (size before relaxing)
 .eh_frame      0x0000000000115b78       0x3c binaries/ethwrite.o
                                         0x54 (size before relaxing)
 .eh_frame      0x0000000000115bb4       0x24 binaries/rdsbufalloc.o
                                         0x3c (size before relaxing)
 .eh_frame      0x0000000000115bd8       0x30 binaries/rdsclose.o
                                         0x48 (size before relaxing)
 .eh_frame      0x0000000000115c08       0x40 binaries/rdscomm.o
                                         0x58 (size before relaxing)
 .eh_frame      0x0000000000115c48       0x2c binaries/rdscontrol.o
                                         0x44 (size before relaxing)
 .eh_frame      0x0000000000115c74       0x40 binaries/rdsinit.o
                                         0x58 (size before relaxing)
 .eh_frame      0x0000000000115cb4       0x40 binaries/rdsopen.o
                                         0x58 (size before relaxing)
 .eh_frame      0x0000000000115cf4       0x2c binaries/rdsprocess.o
                                         0x44 (size before relaxing)
 .eh_frame      0x0000000000115d20       0x40 binaries/rdsread.o
                                         0x58 (size before relaxing)
 .eh_frame      0x0000000000115d60       0x34 binaries/rdswrite.o
                                         0x4c (size before relaxing)
 .eh_frame      0x0000000000115d94       0x14 binaries/ramclose.o
                                         0x2c (size before relaxing)
 .eh_frame      0x0000000000115da8       0x18 binaries/raminit.o
                                         0x30 (size before relaxing)
 .eh_frame      0x0000000000115dc0       0x14 binaries/ramopen.o
                                         0x2c (size before relaxing)
 .eh_frame      0x0000000000115dd4       0x18 binaries/ramread.o
                                         0x30 (size before relaxing)
 .eh_frame      0x0000000000115dec       0x18 binaries/ramwrite.o
                                         0x30 (size before relaxing)
 .eh_frame      0x0000000000115e04       0x2c binaries/lfdballoc.o
                                         0x44 (size before relaxing)
 .eh_frame      0x0000000000115e30       0x24 binaries/lfdbfree.o
                                         0x3c (size before relaxing)
 .eh_frame      0x0000000000115e54       0x24 binaries/lfflush.o
                                         0x3c (size before relaxing)
 .eh_frame      0x0000000000115e78       0x14 binaries/lfgetmode.o
                                         0x2c (size before relaxing)
 .eh_frame      0x0000000000115e8c       0x24 binaries/lfiballoc.o
                                         0x3c (size before relaxing)
 .eh_frame      0x0000000000115eb0       0x14 binaries/lfibclear.o
                                         0x2c (size before relaxing)
 .eh_frame      0x0000000000115ec4       0x40 binaries/lfibget.o
                                         0x58 (size before relaxing)
 .eh_frame      0x0000000000115f04       0x40 binaries/lfibput.o
                                         0x58 (size before relaxing)
 .eh_frame      0x0000000000115f44       0x2c binaries/lflclose.o
                                         0x44 (size before relaxing)
 .eh_frame      0x0000000000115f70       0x2c binaries/lflcontrol.o
                                         0x44 (size before relaxing)
 .eh_frame      0x0000000000115f9c       0x2c binaries/lflgetc.o
                                         0x44 (size before relaxing)
 .eh_frame      0x0000000000115fc8       0x24 binaries/lflinit.o
                                         0x3c (size before relaxing)
 .eh_frame      0x0000000000115fec       0x34 binaries/lflputc.o
                                         0x4c (size before relaxing)
 .eh_frame      0x0000000000116020       0x3c binaries/lflread.o
                                         0x54 (size before relaxing)
 .eh_frame      0x000000000011605c       0x34 binaries/lflseek.o
                                         0x4c (size before relaxing)
 .eh_frame      0x0000000000116090       0x3c binaries/lflwrite.o
                                         0x54 (size before relaxing)
 .eh_frame      0x00000000001160cc       0x40 binaries/lfsckfmt.o
                                         0x58 (size before relaxing)
 .eh_frame      0x000000000011610c       0x40 binaries/lfscreate.o
                                         0x58 (size before relaxing)
 .eh_frame      0x000000000011614c       0x40 binaries/lfsetup.o
                                         0x58 (size before relaxing)
 .eh_frame      0x000000000011618c       0x18 binaries/lfsinit.o
                                         0x30 (size before relaxing)
 .eh_frame      0x00000000001161a4       0x40 binaries/lfsopen.o
                                         0x58 (size before relaxing)
 .eh_frame      0x00000000001161e4       0x40 binaries/lftruncate.o
                                         0x58 (size before relaxing)
 .eh_frame      0x0000000000116224       0x18 binaries/rflclose.o
                                         0x30 (size before relaxing)
 .eh_frame      0x000000000011623c       0x18 binaries/rflgetc.o
                                         0x30 (size before relaxing)
 .eh_frame      0x0000000000116254       0x14 binaries/rflinit.o
                                         0x2c (size before relaxing)
 .eh_frame      0x0000000000116268       0x18 binaries/rflputc.o
                                         0x30 (size before relaxing)
 .eh_frame      0x0000000000116280       0x40 binaries/rflread.o
                                         0x58 (size before relaxing)
 .eh_frame      0x00000000001162c0       0x18 binaries/rflseek.o
                                         0x30 (size before relaxing)
 .eh_frame      0x00000000001162d8       0x40 binaries/rflwrite.o
                                         0x58 (size before relaxing)
 .eh_frame      0x0000000000116318       0x40 binaries/rfscomm.o
                                         0x58 (size before relaxing)
 .eh_frame      0x0000000000116358       0x2c binaries/rfscontrol.o
                                         0x44 (size before relaxing)
 .eh_frame      0x0000000000116384       0x14 binaries/rfsgetmode.o
                                         0x2c (size before relaxing)
 .eh_frame      0x0000000000116398       0x18 binaries/rfsinit.o
                                         0x30 (size before relaxing)
 .eh_frame      0x00000000001163b0       0x1c binaries/rfsndmsg.o
                                         0x34 (size before relaxing)
 .eh_frame      0x00000000001163cc       0x2c binaries/rfsopen.o
                                         0x44 (size before relaxing)
 .eh_frame      0x00000000001163f8       0xf0 binaries/arp.o
                                        0x108 (size before relaxing)
 .eh_frame      0x00000000001164e8       0xec binaries/dhcp.o
                                        0x104 (size before relaxing)
 .eh_frame      0x00000000001165d4       0x38 binaries/dot2ip.o
                                         0x50 (size before relaxing)
 .eh_frame      0x000000000011660c       0x74 binaries/hexdump.o
                                         0x8c (size before relaxing)
 .eh_frame      0x0000000000116680      0x1b8 binaries/icmp.o
                                        0x1d0 (size before relaxing)
 .eh_frame      0x0000000000116838      0x130 binaries/ip.o
                                        0x148 (size before relaxing)
 .eh_frame      0x0000000000116968       0x60 binaries/net.o
                                         0x78 (size before relaxing)
 .eh_frame      0x00000000001169c8       0x24 binaries/netstart.o
                                         0x3c (size before relaxing)
 .eh_frame      0x00000000001169ec       0x48 binaries/pdump.o
                                         0x60 (size before relaxing)
 .eh_frame      0x0000000000116a34       0x98 binaries/tftp.o
                                         0xb0 (size before relaxing)
 .eh_frame      0x0000000000116acc      0x1e8 binaries/udp.o
                                        0x200 (size before relaxing)
 .eh_frame      0x0000000000116cb4       0x3c binaries/addargs.o
                                         0x54 (size before relaxing)
 .eh_frame      0x0000000000116cf0       0x38 binaries/lexan.o
                                         0x50 (size before relaxing)
 .eh_frame      0x0000000000116d28       0x40 binaries/shell.o
                                         0x58 (size before relaxing)
 .eh_frame      0x0000000000116d68       0x34 binaries/xsh_argecho.o
                                         0x4c (size before relaxing)
 .eh_frame      0x0000000000116d9c       0x40 binaries/xsh_arp.o
                                         0x58 (size before relaxing)
 .eh_frame      0x0000000000116ddc       0x40 binaries/xsh_cat.o
                                         0x58 (size before relaxing)
 .eh_frame      0x0000000000116e1c       0x18 binaries/xsh_clear.o
                                         0x30 (size before relaxing)
 .eh_frame      0x0000000000116e34       0x24 binaries/xsh_date.o
                                         0x3c (size before relaxing)
 .eh_frame      0x0000000000116e58       0x2c binaries/xsh_devdump.o
                                         0x44 (size before relaxing)
 .eh_frame      0x0000000000116e84       0x34 binaries/xsh_echo.o
                                         0x4c (size before relaxing)
[...]
 .comment       0x0000000000000000       0x2b binaries/hexdump.o
 .comment       0x0000000000000000       0x2b binaries/icmp.o
 .comment       0x0000000000000000       0x2b binaries/ip.o
 .comment       0x0000000000000000       0x2b binaries/net.o
 .comment       0x0000000000000000       0x2b binaries/netstart.o
 .comment       0x0000000000000000       0x2b binaries/pdump.o
 .comment       0x0000000000000000       0x2b binaries/tftp.o
 .comment       0x0000000000000000       0x2b binaries/udp.o
 .comment       0x0000000000000000       0x2b binaries/addargs.o
 .comment       0x0000000000000000       0x2b binaries/lexan.o
 .comment       0x0000000000000000       0x2b binaries/shell.o
 .comment       0x0000000000000000       0x2b binaries/xsh_argecho.o
 .comment       0x0000000000000000       0x2b binaries/xsh_arp.o
 .comment       0x0000000000000000       0x2b binaries/xsh_cat.o
 .comment       0x0000000000000000       0x2b binaries/xsh_clear.o
 .comment       0x0000000000000000       0x2b binaries/xsh_date.o
 .comment       0x0000000000000000       0x2b binaries/xsh_devdump.o
 .comment       0x0000000000000000       0x2b binaries/xsh_echo.o
 .comment       0x0000000000000000       0x2b binaries/xsh_exit.o
 .comment       0x0000000000000000       0x2b binaries/xsh_help.o
 .comment       0x0000000000000000       0x2b binaries/xsh_ipaddr.o
 .comment       0x0000000000000000       0x2b binaries/xsh_kill.o
 .comment       0x0000000000000000       0x2b binaries/xsh_memdump.o
 .comment       0x0000000000000000       0x2b binaries/xsh_memstat.o
 .comment       0x0000000000000000       0x2b binaries/xsh_ping.o
 .comment       0x0000000000000000       0x2b binaries/xsh_ps.o
 .comment       0x0000000000000000       0x2b binaries/xsh_sleep.o
 .comment       0x0000000000000000       0x2b binaries/xsh_udpdump.o
 .comment       0x0000000000000000       0x2b binaries/xsh_udpecho.o
 .comment       0x0000000000000000       0x2b binaries/xsh_udpeserver.o
 .comment       0x0000000000000000       0x2b binaries/xsh_uptime.o

.note.GNU-stack
                0x0000000000000000        0x0
 .note.GNU-stack
                0x0000000000000000        0x0 binaries/ascdate.o
 .note.GNU-stack
                0x0000000000000000        0x0 binaries/bufinit.o
 .note.GNU-stack
                0x0000000000000000        0x0 binaries/chprio.o
 .note.GNU-stack
                0x0000000000000000        0x0 binaries/clkhandler.o
 .note.GNU-stack
                0x0000000000000000        0x0 binaries/clkinit.o
 .note.GNU-stack
                0x0000000000000000        0x0 binaries/close.o
 .note.GNU-stack
                0x0000000000000000        0x0 binaries/conf.o
 .note.GNU-stack
                0x0000000000000000        0x0 binaries/control.o
 .note.GNU-stack
                0x0000000000000000        0x0 binaries/create.o
 .note.GNU-stack
                0x0000000000000000        0x0 binaries/early_imr.o
 .note.GNU-stack
                0x0000000000000000        0x0 binaries/evec.o
 .note.GNU-stack
                0x0000000000000000        0x0 binaries/freebuf.o
 .note.GNU-stack
                0x0000000000000000        0x0 binaries/freemem.o
 .note.GNU-stack
                0x0000000000000000        0x0 binaries/getbuf.o
 .note.GNU-stack
                0x0000000000000000        0x0 binaries/getc.o
 .note.GNU-stack
                0x0000000000000000        0x0 binaries/getdev.o
 .note.GNU-stack
                0x0000000000000000        0x0 binaries/getitem.o
 .note.GNU-stack
                0x0000000000000000        0x0 binaries/getmem.o
 .note.GNU-stack
                0x0000000000000000        0x0 binaries/getpid.o
 .note.GNU-stack
                0x0000000000000000        0x0 binaries/getprio.o
 .note.GNU-stack
                0x0000000000000000        0x0 binaries/getstk.o
 .note.GNU-stack
                0x0000000000000000        0x0 binaries/gettime.o
 .note.GNU-stack
                0x0000000000000000        0x0 binaries/getutime.o
 .note.GNU-stack
                0x0000000000000000        0x0 binaries/init.o
 .note.GNU-stack
                0x0000000000000000        0x0 binaries/initialize.o
 .note.GNU-stack
                0x0000000000000000        0x0 binaries/insert.o
 .note.GNU-stack
                0x0000000000000000        0x0 binaries/insertd.o
 .note.GNU-stack
                0x0000000000000000        0x0 binaries/ioerr.o
 .note.GNU-stack
                0x0000000000000000        0x0 binaries/ionull.o
 .note.GNU-stack
                0x0000000000000000        0x0 binaries/kill.o
 .note.GNU-stack
                0x0000000000000000        0x0 binaries/kprintf.o
 .note.GNU-stack
                0x0000000000000000        0x0 binaries/main.o
 .note.GNU-stack
                0x0000000000000000        0x0 binaries/mark.o
 .note.GNU-stack
                0x0000000000000000        0x0 binaries/meminit.o
 .note.GNU-stack
                0x0000000000000000        0x0 binaries/mkbufpool.o
 .note.GNU-stack
                0x0000000000000000        0x0 binaries/newqueue.o
 .note.GNU-stack
                0x0000000000000000        0x0 binaries/open.o
 .note.GNU-stack
                0x0000000000000000        0x0 binaries/panic.o
 .note.GNU-stack
                0x0000000000000000        0x0 binaries/pci.o
 .note.GNU-stack
                0x0000000000000000        0x0 binaries/platinit.o
 .note.GNU-stack
                0x0000000000000000        0x0 binaries/ptclear.o
 .note.GNU-stack
                0x0000000000000000        0x0 binaries/ptcount.o
 .note.GNU-stack
                0x0000000000000000        0x0 binaries/ptcreate.o
 .note.GNU-stack
                0x0000000000000000        0x0 binaries/ptdelete.o
 .note.GNU-stack
                0x0000000000000000        0x0 binaries/ptinit.o
 .note.GNU-stack
                0x0000000000000000        0x0 binaries/ptrecv.o
 .note.GNU-stack
                0x0000000000000000        0x0 binaries/ptreset.o
 .note.GNU-stack
                0x0000000000000000        0x0 binaries/ptsend.o
 .note.GNU-stack
                0x0000000000000000        0x0 binaries/putc.o
 .note.GNU-stack
                0x0000000000000000        0x0 binaries/quark_irq.o
 .note.GNU-stack
                0x0000000000000000        0x0 binaries/quark_pdat.o
 .note.GNU-stack
                0x0000000000000000        0x0 binaries/queue.o
 .note.GNU-stack
                0x0000000000000000        0x0 binaries/read.o
 .note.GNU-stack
                0x0000000000000000        0x0 binaries/ready.o
 .note.GNU-stack
                0x0000000000000000        0x0 binaries/receive.o
 .note.GNU-stack
                0x0000000000000000        0x0 binaries/recvclr.o
 .note.GNU-stack
                0x0000000000000000        0x0 binaries/recvtime.o
 .note.GNU-stack
                0x0000000000000000        0x0 binaries/registercb.o
 .note.GNU-stack
                0x0000000000000000        0x0 binaries/resched.o
 .note.GNU-stack
                0x0000000000000000        0x0 binaries/resume.o
 .note.GNU-stack
                0x0000000000000000        0x0 binaries/seek.o
 .note.GNU-stack
                0x0000000000000000        0x0 binaries/semcount.o
 .note.GNU-stack
                0x0000000000000000        0x0 binaries/semcreate.o
 .note.GNU-stack
                0x0000000000000000        0x0 binaries/semdelete.o
 .note.GNU-stack
                0x0000000000000000        0x0 binaries/semreset.o
 .note.GNU-stack
                0x0000000000000000        0x0 binaries/send.o
 .note.GNU-stack
                0x0000000000000000        0x0 binaries/signal.o
 .note.GNU-stack
                0x0000000000000000        0x0 binaries/signaln.o
 .note.GNU-stack
                0x0000000000000000        0x0 binaries/sleep.o
 .note.GNU-stack
                0x0000000000000000        0x0 binaries/stacktrace.o
 .note.GNU-stack
                0x0000000000000000        0x0 binaries/suspend.o
 .note.GNU-stack
                0x0000000000000000        0x0 binaries/unsleep.o
 .note.GNU-stack
                0x0000000000000000        0x0 binaries/userret.o
 .note.GNU-stack
                0x0000000000000000        0x0 binaries/wait.o
 .note.GNU-stack
                0x0000000000000000        0x0 binaries/wakeup.o
 .note.GNU-stack
                0x0000000000000000        0x0 binaries/write.o
 .note.GNU-stack
                0x0000000000000000        0x0 binaries/xdone.o
 .note.GNU-stack
                0x0000000000000000        0x0 binaries/yield.o
 .note.GNU-stack
                0x0000000000000000        0x0 binaries/abs.o
 .note.GNU-stack
                0x0000000000000000        0x0 binaries/atoi.o
 .note.GNU-stack
                0x0000000000000000        0x0 binaries/atol.o
 .note.GNU-stack
                0x0000000000000000        0x0 binaries/bzero.o
 .note.GNU-stack
                0x0000000000000000        0x0 binaries/ctype_.o
 .note.GNU-stack
                0x0000000000000000        0x0 binaries/doprnt.o
 .note.GNU-stack
                0x0000000000000000        0x0 binaries/doscan.o
 .note.GNU-stack
                0x0000000000000000        0x0 binaries/fdoprnt.o
 .note.GNU-stack
                0x0000000000000000        0x0 binaries/fgetc.o
 .note.GNU-stack
                0x0000000000000000        0x0 binaries/fgets.o
 .note.GNU-stack
                0x0000000000000000        0x0 binaries/fprintf.o
 .note.GNU-stack
                0x0000000000000000        0x0 binaries/fputc.o
 .note.GNU-stack
                0x0000000000000000        0x0 binaries/fputs.o
 .note.GNU-stack
                0x0000000000000000        0x0 binaries/fscanf.o
 .note.GNU-stack
                0x0000000000000000        0x0 binaries/getchar.o
 .note.GNU-stack
                0x0000000000000000        0x0 binaries/labs.o
 .note.GNU-stack
                0x0000000000000000        0x0 binaries/memchr.o
 .note.GNU-stack
                0x0000000000000000        0x0 binaries/memcmp.o
 .note.GNU-stack
                0x0000000000000000        0x0 binaries/memcpy.o
 .note.GNU-stack
                0x0000000000000000        0x0 binaries/memset.o
 .note.GNU-stack
                0x0000000000000000        0x0 binaries/printf.o
 .note.GNU-stack
                0x0000000000000000        0x0 binaries/putchar.o
 .note.GNU-stack
                0x0000000000000000        0x0 binaries/qsort.o
 .note.GNU-stack
                0x0000000000000000        0x0 binaries/rand.o
 .note.GNU-stack
                0x0000000000000000        0x0 binaries/sprintf.o
 .note.GNU-stack
                0x0000000000000000        0x0 binaries/sscanf.o
 .note.GNU-stack
                0x0000000000000000        0x0 binaries/strchr.o
 .note.GNU-stack
                0x0000000000000000        0x0 binaries/strcmp.o
 .note.GNU-stack
                0x0000000000000000        0x0 binaries/strcpy.o
 .note.GNU-stack
                0x0000000000000000        0x0 binaries/strlen.o
 .note.GNU-stack
                0x0000000000000000        0x0 binaries/strncat.o
 .note.GNU-stack
                0x0000000000000000        0x0 binaries/strncmp.o
 .note.GNU-stack
                0x0000000000000000        0x0 binaries/strncpy.o
 .note.GNU-stack
                0x0000000000000000        0x0 binaries/strnlen.o
 .note.GNU-stack
                0x0000000000000000        0x0 binaries/strrchr.o
 .note.GNU-stack
                0x0000000000000000        0x0 binaries/strstr.o
 .note.GNU-stack
                0x0000000000000000        0x0 binaries/ttycontrol.o
 .note.GNU-stack
                0x0000000000000000        0x0 binaries/ttygetc.o
 .note.GNU-stack
                0x0000000000000000        0x0 binaries/ttyhandle_in.o
 .note.GNU-stack
                0x0000000000000000        0x0 binaries/ttyhandle_out.o
 .note.GNU-stack
                0x0000000000000000        0x0 binaries/ttyhandler.o
 .note.GNU-stack
                0x0000000000000000        0x0 binaries/ttyinit.o
 .note.GNU-stack
                0x0000000000000000        0x0 binaries/ttykickout.o
 .note.GNU-stack
                0x0000000000000000        0x0 binaries/ttyputc.o
 .note.GNU-stack
                0x0000000000000000        0x0 binaries/ttyread.o
 .note.GNU-stack
                0x0000000000000000        0x0 binaries/ttywrite.o
 .note.GNU-stack
                0x0000000000000000        0x0 binaries/mount.o
 .note.GNU-stack
                0x0000000000000000        0x0 binaries/naminit.o
 .note.GNU-stack
                0x0000000000000000        0x0 binaries/nammap.o
 .note.GNU-stack
                0x0000000000000000        0x0 binaries/namopen.o
 .note.GNU-stack
                0x0000000000000000        0x0 binaries/colon2mac.o
 .note.GNU-stack
                0x0000000000000000        0x0 binaries/ethcontrol.o
 .note.GNU-stack
                0x0000000000000000        0x0 binaries/ethhandler.o
 .note.GNU-stack
                0x0000000000000000        0x0 binaries/ethinit.o
 .note.GNU-stack
                0x0000000000000000        0x0 binaries/ethmcast.o
 .note.GNU-stack
                0x0000000000000000        0x0 binaries/ethread.o
 .note.GNU-stack
                0x0000000000000000        0x0 binaries/ethwrite.o
 .note.GNU-stack
                0x0000000000000000        0x0 binaries/rdsbufalloc.o
 .note.GNU-stack
                0x0000000000000000        0x0 binaries/rdsclose.o
 .note.GNU-stack
                0x0000000000000000        0x0 binaries/rdscomm.o
 .note.GNU-stack
                0x0000000000000000        0x0 binaries/rdscontrol.o
 .note.GNU-stack
                0x0000000000000000        0x0 binaries/rdsinit.o
 .note.GNU-stack
                0x0000000000000000        0x0 binaries/rdsopen.o
 .note.GNU-stack
                0x0000000000000000        0x0 binaries/rdsprocess.o
 .note.GNU-stack
                0x0000000000000000        0x0 binaries/rdsread.o
 .note.GNU-stack
                0x0000000000000000        0x0 binaries/rdswrite.o
 .note.GNU-stack
                0x0000000000000000        0x0 binaries/ramclose.o
 .note.GNU-stack
                0x0000000000000000        0x0 binaries/raminit.o
 .note.GNU-stack
                0x0000000000000000        0x0 binaries/ramopen.o
 .note.GNU-stack
                0x0000000000000000        0x0 binaries/ramread.o
 .note.GNU-stack
                0x0000000000000000        0x0 binaries/ramwrite.o
 .note.GNU-stack
                0x0000000000000000        0x0 binaries/lfdballoc.o
 .note.GNU-stack
                0x0000000000000000        0x0 binaries/lfdbfree.o
 .note.GNU-stack
                0x0000000000000000        0x0 binaries/lfflush.o
 .note.GNU-stack
                0x0000000000000000        0x0 binaries/lfgetmode.o
 .note.GNU-stack
                0x0000000000000000        0x0 binaries/lfiballoc.o
 .note.GNU-stack
                0x0000000000000000        0x0 binaries/lfibclear.o
 .note.GNU-stack
                0x0000000000000000        0x0 binaries/lfibget.o
 .note.GNU-stack
                0x0000000000000000        0x0 binaries/lfibput.o
 .note.GNU-stack
                0x0000000000000000        0x0 binaries/lflclose.o
 .note.GNU-stack
                0x0000000000000000        0x0 binaries/lflcontrol.o
 .note.GNU-stack
                0x0000000000000000        0x0 binaries/lflgetc.o
 .note.GNU-stack
                0x0000000000000000        0x0 binaries/lflinit.o
 .note.GNU-stack
                0x0000000000000000        0x0 binaries/lflputc.o
 .note.GNU-stack
                0x0000000000000000        0x0 binaries/lflread.o
 .note.GNU-stack
                0x0000000000000000        0x0 binaries/lflseek.o
 .note.GNU-stack
                0x0000000000000000        0x0 binaries/lflwrite.o
 .note.GNU-stack
                0x0000000000000000        0x0 binaries/lfsckfmt.o
 .note.GNU-stack
                0x0000000000000000        0x0 binaries/lfscreate.o
 .note.GNU-stack
                0x0000000000000000        0x0 binaries/lfsetup.o
 .note.GNU-stack
                0x0000000000000000        0x0 binaries/lfsinit.o
 .note.GNU-stack
                0x0000000000000000        0x0 binaries/lfsopen.o
 .note.GNU-stack
                0x0000000000000000        0x0 binaries/lftruncate.o
 .note.GNU-stack
                0x0000000000000000        0x0 binaries/rflclose.o
 .note.GNU-stack
                0x0000000000000000        0x0 binaries/rflgetc.o
 .note.GNU-stack
                0x0000000000000000        0x0 binaries/rflinit.o
 .note.GNU-stack
                0x0000000000000000        0x0 binaries/rflputc.o
 .note.GNU-stack
                0x0000000000000000        0x0 binaries/rflread.o
 .note.GNU-stack
                0x0000000000000000        0x0 binaries/rflseek.o
 .note.GNU-stack
                0x0000000000000000        0x0 binaries/rflwrite.o
 .note.GNU-stack
                0x0000000000000000        0x0 binaries/rfscomm.o
 .note.GNU-stack
                0x0000000000000000        0x0 binaries/rfscontrol.o
 .note.GNU-stack
                0x0000000000000000        0x0 binaries/rfsgetmode.o
 .note.GNU-stack
                0x0000000000000000        0x0 binaries/rfsinit.o
 .note.GNU-stack
                0x0000000000000000        0x0 binaries/rfsndmsg.o
 .note.GNU-stack
                0x0000000000000000        0x0 binaries/rfsopen.o
 .note.GNU-stack
                0x0000000000000000        0x0 binaries/arp.o
 .note.GNU-stack
                0x0000000000000000        0x0 binaries/dhcp.o
 .note.GNU-stack
                0x0000000000000000        0x0 binaries/dot2ip.o
 .note.GNU-stack
                0x0000000000000000        0x0 binaries/hexdump.o
 .note.GNU-stack
                0x0000000000000000        0x0 binaries/icmp.o
 .note.GNU-stack
                0x0000000000000000        0x0 binaries/ip.o
 .note.GNU-stack
                0x0000000000000000        0x0 binaries/net.o
 .note.GNU-stack
                0x0000000000000000        0x0 binaries/netstart.o
 .note.GNU-stack
                0x0000000000000000        0x0 binaries/pdump.o
 .note.GNU-stack
                0x0000000000000000        0x0 binaries/tftp.o
 .note.GNU-stack
                0x0000000000000000        0x0 binaries/udp.o
 .note.GNU-stack
                0x0000000000000000        0x0 binaries/addargs.o
 .note.GNU-stack
                0x0000000000000000        0x0 binaries/lexan.o
 .note.GNU-stack
                0x0000000000000000        0x0 binaries/shell.o
 .note.GNU-stack
                0x0000000000000000        0x0 binaries/xsh_argecho.o
 .note.GNU-stack
                0x0000000000000000        0x0 binaries/xsh_arp.o
 .note.GNU-stack
                0x0000000000000000        0x0 binaries/xsh_cat.o
 .note.GNU-stack
                0x0000000000000000        0x0 binaries/xsh_clear.o
 .note.GNU-stack
                0x0000000000000000        0x0 binaries/xsh_date.o
 .note.GNU-stack
                0x0000000000000000        0x0 binaries/xsh_devdump.o
 .note.GNU-stack
                0x0000000000000000        0x0 binaries/xsh_echo.o
 .note.GNU-stack
                0x0000000000000000        0x0 binaries/xsh_exit.o
 .note.GNU-stack
                0x0000000000000000        0x0 binaries/xsh_help.o
 .note.GNU-stack
                0x0000000000000000        0x0 binaries/xsh_ipaddr.o
 .note.GNU-stack
                0x0000000000000000        0x0 binaries/xsh_kill.o
 .note.GNU-stack
                0x0000000000000000        0x0 binaries/xsh_memdump.o
 .note.GNU-stack
                0x0000000000000000        0x0 binaries/xsh_memstat.o
 .note.GNU-stack
                0x0000000000000000        0x0 binaries/xsh_ping.o
 .note.GNU-stack
                0x0000000000000000        0x0 binaries/xsh_ps.o
 .note.GNU-stack
                0x0000000000000000        0x0 binaries/xsh_sleep.o
 .note.GNU-stack
                0x0000000000000000        0x0 binaries/xsh_udpdump.o
 .note.GNU-stack
                0x0000000000000000        0x0 binaries/xsh_udpecho.o
 .note.GNU-stack
                0x0000000000000000        0x0 binaries/xsh_udpeserver.o
 .note.GNU-stack
                0x0000000000000000        0x0 binaries/xsh_uptime.o
